main.h:83:13:MX_ADC1_Init	24	static
main.h:152:13:MX_SPI1_Init	8	static
main.h:190:13:MX_SPI2_Init	8	static
main.h:228:13:MX_TIM1_Init	32	static
main.h:274:13:MX_TIM2_Init	48	static
main.h:327:13:MX_TIM3_Init	64	static
main.h:398:13:MX_USART1_UART_Init	8	static
main.h:429:13:MX_DMA_Init	16	static
main.h:447:13:MX_GPIO_Init	40	static
usbd_ctlreq.c:114:21:USBD_StdDevReq	24	static
usbd_ctlreq.c:178:21:USBD_StdItfReq	24	static
usbd_ctlreq.c:230:21:USBD_StdEPReq	24	static
usbd_ctlreq.c:405:13:USBD_GetDescriptor	24	static
usbd_ctlreq.c:595:13:USBD_SetAddress	24	static
usbd_ctlreq.c:637:13:USBD_SetConfig	16	static
usbd_ctlreq.c:712:13:USBD_GetConfig	16	static
usbd_ctlreq.c:746:13:USBD_GetStatus	16	static
usbd_ctlreq.c:787:13:USBD_SetFeature	16	static
usbd_ctlreq.c:805:13:USBD_ClrFeature	16	static
usbd_ctlreq.c:834:6:USBD_ParseSetupRequest	16	static
usbd_ctlreq.c:852:6:USBD_CtlError	16	static
usbd_ctlreq.c:868:6:USBD_GetString	32	static
usbd_ctlreq.c:892:16:USBD_GetLen	24	static
