st7735.c:86:13:ST7735_Select	0	static
st7735.c:100:13:ST7735_WriteCommand	16	static
st7735.c:105:13:ST7735_WriteData	16	static
st7735.c:115:13:ST7735_ExecuteCommandList	24	static
st7735.c:141:13:ST7735_SetAddressWindow	32	static
st7735.c:90:6:ST7735_Unselect	0	static
st7735.c:241:6:ST7735_FillRectangle.part.1	32	static
st7735.c:157:6:ST7735_Init	8	static
st7735.c:166:6:ST7735_DrawPixel	24	static
st7735.c:215:6:ST7735_WriteString	72	static
st7735.c:241:6:ST7735_FillRectangle	8	static
st7735.c:261:6:ST7735_FillScreen	16	static
st7735.c:265:6:ST7735_DrawImage	24	static
st7735.c:276:6:ST7735_InvertColors	8	static
