stm32f1xx_it.c:63:6:SDTimer_Handler	0	static
stm32f1xx_it.c:90:6:NMI_Handler	0	static
stm32f1xx_it.c:103:6:HardFault_Handler	0	static
stm32f1xx_it.c:118:6:MemManage_Handler	0	static
stm32f1xx_it.c:133:6:BusFault_Handler	0	static
stm32f1xx_it.c:148:6:UsageFault_Handler	0	static
stm32f1xx_it.c:163:6:SVC_Handler	0	static
stm32f1xx_it.c:176:6:DebugMon_Handler	0	static
stm32f1xx_it.c:189:6:PendSV_Handler	0	static
stm32f1xx_it.c:202:6:SysTick_Handler	8	static
stm32f1xx_it.c:228:6:DMA1_Channel2_IRQHandler	0	static
stm32f1xx_it.c:242:6:DMA1_Channel3_IRQHandler	0	static
stm32f1xx_it.c:256:6:DMA1_Channel5_IRQHandler	0	static
stm32f1xx_it.c:270:6:TIM1_UP_IRQHandler	0	static
stm32f1xx_it.c:284:6:TIM3_IRQHandler	16	static
stm32f1xx_it.c:314:6:TIM4_IRQHandler	0	static
stm32f1xx_it.c:328:6:EXTI15_10_IRQHandler	8	static
stm32f1xx_it.c:343:6:HAL_GPIO_EXTI_Callback	8	static
