stm32f1xx_it.c:59:6:SDTimer_Handler	0	static
stm32f1xx_it.c:85:6:NMI_Handler	0	static
stm32f1xx_it.c:98:6:HardFault_Handler	0	static
stm32f1xx_it.c:113:6:MemManage_Handler	0	static
stm32f1xx_it.c:128:6:BusFault_Handler	0	static
stm32f1xx_it.c:143:6:UsageFault_Handler	0	static
stm32f1xx_it.c:158:6:SVC_Handler	0	static
stm32f1xx_it.c:171:6:DebugMon_Handler	0	static
stm32f1xx_it.c:184:6:PendSV_Handler	0	static
stm32f1xx_it.c:197:6:SysTick_Handler	8	static
stm32f1xx_it.c:223:6:DMA1_Channel2_IRQHandler	0	static
stm32f1xx_it.c:237:6:DMA1_Channel3_IRQHandler	0	static
stm32f1xx_it.c:251:6:DMA1_Channel5_IRQHandler	0	static
stm32f1xx_it.c:265:6:TIM1_UP_IRQHandler	0	static
stm32f1xx_it.c:279:6:TIM4_IRQHandler	0	static
stm32f1xx_it.c:293:6:EXTI15_10_IRQHandler	8	static
stm32f1xx_it.c:308:6:HAL_GPIO_EXTI_Callback	8	static
stm32f1xx_it.c:340:6:HAL_TIM_PeriodElapsedCallback	16	static
