main.h:83:13:MX_ADC1_Init	24	static
main.h:152:13:MX_SPI1_Init	8	static
main.h:190:13:MX_SPI2_Init	8	static
main.h:228:13:MX_TIM1_Init	32	static
main.h:274:13:MX_TIM2_Init	48	static
main.h:327:13:MX_TIM3_Init	64	static
main.h:398:13:MX_USART1_UART_Init	8	static
main.h:429:13:MX_DMA_Init	16	static
main.h:447:13:MX_GPIO_Init	40	static
fatfs_sd.c:20:13:SELECT	8	static
fatfs_sd.c:26:13:DESELECT	8	static
fatfs_sd.c:32:13:SPI_TxByte	16	static
fatfs_sd.c:39:16:SPI_RxByte	24	static
fatfs_sd.c:52:13:SPI_RxBytePtr	16	static
fatfs_sd.c:58:16:SD_ReadyWait	16	static
fatfs_sd.c:76:13:SD_PowerOn	32	static
fatfs_sd.c:119:13:SD_PowerOff	4	static
fatfs_sd.c:125:16:SD_CheckPower	4	static
fatfs_sd.c:132:13:SD_RxDataBlock	24	static
fatfs_sd.c:164:13:SD_TxDataBlock	24	static
fatfs_sd.c:215:13:SD_SendCmd	24	static
fatfs_sd.c:261:9:SD_disk_initialize	32	static
fatfs_sd.c:364:9:SD_disk_status	16	static
fatfs_sd.c:373:9:SD_disk_read	24	static
fatfs_sd.c:417:9:SD_disk_write	24	static
fatfs_sd.c:472:9:SD_disk_ioctl	56	static
