main.h:83:13:MX_ADC1_Init	24	static
main.h:152:13:MX_SPI1_Init	8	static
main.h:190:13:MX_SPI2_Init	8	static
main.h:228:13:MX_TIM1_Init	32	static
main.h:274:13:MX_TIM2_Init	48	static
main.h:327:13:MX_TIM3_Init	64	static
main.h:398:13:MX_USART1_UART_Init	8	static
main.h:429:13:MX_DMA_Init	16	static
main.h:447:13:MX_GPIO_Init	40	static
user_diskio.c:81:9:USER_initialize	16	static
user_diskio.c:95:9:USER_status	16	static
user_diskio.c:112:9:USER_read	24	static
user_diskio.c:133:9:USER_write	24	static
user_diskio.c:155:9:USER_ioctl	16	static
