Archive member included to satisfy reference by file (symbol)

d:/stm32cubeide_1.4.0/stm32cubeide/plugins/com.st.stm32cube.ide.mcu.externaltools.gnu-tools-for-stm32.7-2018-q2-update.win32_1.4.0.202007081208/tools/bin/../lib/gcc/arm-none-eabi/7.3.1/../../../../arm-none-eabi/lib/thumb/v7-m\libc_nano.a(lib_a-errno.o)
                              Core/Src/syscalls.o (__errno)
d:/stm32cubeide_1.4.0/stm32cubeide/plugins/com.st.stm32cube.ide.mcu.externaltools.gnu-tools-for-stm32.7-2018-q2-update.win32_1.4.0.202007081208/tools/bin/../lib/gcc/arm-none-eabi/7.3.1/../../../../arm-none-eabi/lib/thumb/v7-m\libc_nano.a(lib_a-exit.o)
                              d:/stm32cubeide_1.4.0/stm32cubeide/plugins/com.st.stm32cube.ide.mcu.externaltools.gnu-tools-for-stm32.7-2018-q2-update.win32_1.4.0.202007081208/tools/bin/../lib/gcc/arm-none-eabi/7.3.1/../../../../arm-none-eabi/lib/thumb/v7-m/crt0.o (exit)
d:/stm32cubeide_1.4.0/stm32cubeide/plugins/com.st.stm32cube.ide.mcu.externaltools.gnu-tools-for-stm32.7-2018-q2-update.win32_1.4.0.202007081208/tools/bin/../lib/gcc/arm-none-eabi/7.3.1/../../../../arm-none-eabi/lib/thumb/v7-m\libc_nano.a(lib_a-impure.o)
                              d:/stm32cubeide_1.4.0/stm32cubeide/plugins/com.st.stm32cube.ide.mcu.externaltools.gnu-tools-for-stm32.7-2018-q2-update.win32_1.4.0.202007081208/tools/bin/../lib/gcc/arm-none-eabi/7.3.1/../../../../arm-none-eabi/lib/thumb/v7-m\libc_nano.a(lib_a-exit.o) (_global_impure_ptr)
d:/stm32cubeide_1.4.0/stm32cubeide/plugins/com.st.stm32cube.ide.mcu.externaltools.gnu-tools-for-stm32.7-2018-q2-update.win32_1.4.0.202007081208/tools/bin/../lib/gcc/arm-none-eabi/7.3.1/../../../../arm-none-eabi/lib/thumb/v7-m\libc_nano.a(lib_a-init.o)
                              d:/stm32cubeide_1.4.0/stm32cubeide/plugins/com.st.stm32cube.ide.mcu.externaltools.gnu-tools-for-stm32.7-2018-q2-update.win32_1.4.0.202007081208/tools/bin/../lib/gcc/arm-none-eabi/7.3.1/../../../../arm-none-eabi/lib/thumb/v7-m/crt0.o (__libc_init_array)
d:/stm32cubeide_1.4.0/stm32cubeide/plugins/com.st.stm32cube.ide.mcu.externaltools.gnu-tools-for-stm32.7-2018-q2-update.win32_1.4.0.202007081208/tools/bin/../lib/gcc/arm-none-eabi/7.3.1/../../../../arm-none-eabi/lib/thumb/v7-m\libc_nano.a(lib_a-memset.o)
                              d:/stm32cubeide_1.4.0/stm32cubeide/plugins/com.st.stm32cube.ide.mcu.externaltools.gnu-tools-for-stm32.7-2018-q2-update.win32_1.4.0.202007081208/tools/bin/../lib/gcc/arm-none-eabi/7.3.1/../../../../arm-none-eabi/lib/thumb/v7-m/crt0.o (memset)

Allocating common symbols
Common symbol       size              file

fre_clust           0x4               Core/Src/main.o
USERPath            0x4               FATFS/App/fatfs.o
hspi2               0x58              Core/Src/main.o
fs                  0x1030            Core/Src/main.o
uwTick              0x4               Drivers/STM32F1xx_HAL_Driver/Src/stm32f1xx_hal.o
pFlash              0x20              Drivers/STM32F1xx_HAL_Driver/Src/stm32f1xx_hal_flash.o
buffer              0x64              Core/Src/main.o
retUSER             0x1               FATFS/App/fatfs.o
Timer2              0x1               Core/Src/stm32f1xx_it.o
pfs                 0x4               Core/Src/main.o
hspi1               0x58              Core/Src/main.o
total               0x4               Core/Src/main.o
fres                0x1               Core/Src/main.o
Timer1              0x1               Core/Src/stm32f1xx_it.o
fil                 0x2c              Core/Src/main.o
USERFile            0x2c              FATFS/App/fatfs.o
USERFatFS           0x1030            FATFS/App/fatfs.o
free                0x4               Core/Src/main.o

Discarded input sections

 .text          0x0000000000000000        0x0 d:/stm32cubeide_1.4.0/stm32cubeide/plugins/com.st.stm32cube.ide.mcu.externaltools.gnu-tools-for-stm32.7-2018-q2-update.win32_1.4.0.202007081208/tools/bin/../lib/gcc/arm-none-eabi/7.3.1/thumb/v7-m/crti.o
 .data          0x0000000000000000        0x0 d:/stm32cubeide_1.4.0/stm32cubeide/plugins/com.st.stm32cube.ide.mcu.externaltools.gnu-tools-for-stm32.7-2018-q2-update.win32_1.4.0.202007081208/tools/bin/../lib/gcc/arm-none-eabi/7.3.1/thumb/v7-m/crti.o
 .bss           0x0000000000000000        0x0 d:/stm32cubeide_1.4.0/stm32cubeide/plugins/com.st.stm32cube.ide.mcu.externaltools.gnu-tools-for-stm32.7-2018-q2-update.win32_1.4.0.202007081208/tools/bin/../lib/gcc/arm-none-eabi/7.3.1/thumb/v7-m/crti.o
 .data          0x0000000000000000        0x4 d:/stm32cubeide_1.4.0/stm32cubeide/plugins/com.st.stm32cube.ide.mcu.externaltools.gnu-tools-for-stm32.7-2018-q2-update.win32_1.4.0.202007081208/tools/bin/../lib/gcc/arm-none-eabi/7.3.1/thumb/v7-m/crtbegin.o
 .text          0x0000000000000000       0x74 d:/stm32cubeide_1.4.0/stm32cubeide/plugins/com.st.stm32cube.ide.mcu.externaltools.gnu-tools-for-stm32.7-2018-q2-update.win32_1.4.0.202007081208/tools/bin/../lib/gcc/arm-none-eabi/7.3.1/../../../../arm-none-eabi/lib/thumb/v7-m/crt0.o
[...]
Memory Configuration

Name             Origin             Length             Attributes
RAM              0x0000000020000000 0x0000000000005000 xrw
FLASH            0x0000000008000000 0x0000000000010000 xr
*default*        0x0000000000000000 0xffffffffffffffff

Linker script and memory map

LOAD d:/stm32cubeide_1.4.0/stm32cubeide/plugins/com.st.stm32cube.ide.mcu.externaltools.gnu-tools-for-stm32.7-2018-q2-update.win32_1.4.0.202007081208/tools/bin/../lib/gcc/arm-none-eabi/7.3.1/thumb/v7-m/crti.o
LOAD d:/stm32cubeide_1.4.0/stm32cubeide/plugins/com.st.stm32cube.ide.mcu.externaltools.gnu-tools-for-stm32.7-2018-q2-update.win32_1.4.0.202007081208/tools/bin/../lib/gcc/arm-none-eabi/7.3.1/thumb/v7-m/crtbegin.o
LOAD d:/stm32cubeide_1.4.0/stm32cubeide/plugins/com.st.stm32cube.ide.mcu.externaltools.gnu-tools-for-stm32.7-2018-q2-update.win32_1.4.0.202007081208/tools/bin/../lib/gcc/arm-none-eabi/7.3.1/../../../../arm-none-eabi/lib/thumb/v7-m/crt0.o
LOAD Core/Src/fonts.o
LOAD Core/Src/main.o
LOAD Core/Src/st7735.o
LOAD Core/Src/stm32f1xx_hal_msp.o
LOAD Core/Src/stm32f1xx_it.o
LOAD Core/Src/syscalls.o
LOAD Core/Src/sysmem.o
LOAD Core/Src/system_stm32f1xx.o
LOAD Core/Startup/startup_stm32f103c8tx.o
LOAD Drivers/STM32F1xx_HAL_Driver/Src/stm32f1xx_hal.o
LOAD Drivers/STM32F1xx_HAL_Driver/Src/stm32f1xx_hal_cortex.o
LOAD Drivers/STM32F1xx_HAL_Driver/Src/stm32f1xx_hal_dma.o
LOAD Drivers/STM32F1xx_HAL_Driver/Src/stm32f1xx_hal_exti.o
LOAD Drivers/STM32F1xx_HAL_Driver/Src/stm32f1xx_hal_flash.o
LOAD Drivers/STM32F1xx_HAL_Driver/Src/stm32f1xx_hal_flash_ex.o
LOAD Drivers/STM32F1xx_HAL_Driver/Src/stm32f1xx_hal_gpio.o
LOAD Drivers/STM32F1xx_HAL_Driver/Src/stm32f1xx_hal_gpio_ex.o
LOAD Drivers/STM32F1xx_HAL_Driver/Src/stm32f1xx_hal_pwr.o
LOAD Drivers/STM32F1xx_HAL_Driver/Src/stm32f1xx_hal_rcc.o
LOAD Drivers/STM32F1xx_HAL_Driver/Src/stm32f1xx_hal_rcc_ex.o
LOAD Drivers/STM32F1xx_HAL_Driver/Src/stm32f1xx_hal_spi.o
LOAD Drivers/STM32F1xx_HAL_Driver/Src/stm32f1xx_hal_tim.o
LOAD Drivers/STM32F1xx_HAL_Driver/Src/stm32f1xx_hal_tim_ex.o
LOAD FATFS/App/fatfs.o
LOAD FATFS/Target/fatfs_sd.o
LOAD FATFS/Target/user_diskio.o
LOAD Middlewares/Third_Party/FatFs/src/diskio.o
LOAD Middlewares/Third_Party/FatFs/src/ff.o
LOAD Middlewares/Third_Party/FatFs/src/ff_gen_drv.o
LOAD Middlewares/Third_Party/FatFs/src/option/ccsbcs.o
LOAD Middlewares/Third_Party/FatFs/src/option/syscall.o
START GROUP
LOAD d:/stm32cubeide_1.4.0/stm32cubeide/plugins/com.st.stm32cube.ide.mcu.externaltools.gnu-tools-for-stm32.7-2018-q2-update.win32_1.4.0.202007081208/tools/bin/../lib/gcc/arm-none-eabi/7.3.1/../../../../arm-none-eabi/lib/thumb/v7-m\libc_nano.a
LOAD d:/stm32cubeide_1.4.0/stm32cubeide/plugins/com.st.stm32cube.ide.mcu.externaltools.gnu-tools-for-stm32.7-2018-q2-update.win32_1.4.0.202007081208/tools/bin/../lib/gcc/arm-none-eabi/7.3.1/../../../../arm-none-eabi/lib/thumb/v7-m\libm.a
END GROUP
START GROUP
LOAD d:/stm32cubeide_1.4.0/stm32cubeide/plugins/com.st.stm32cube.ide.mcu.externaltools.gnu-tools-for-stm32.7-2018-q2-update.win32_1.4.0.202007081208/tools/bin/../lib/gcc/arm-none-eabi/7.3.1/thumb/v7-m\libgcc.a
LOAD d:/stm32cubeide_1.4.0/stm32cubeide/plugins/com.st.stm32cube.ide.mcu.externaltools.gnu-tools-for-stm32.7-2018-q2-update.win32_1.4.0.202007081208/tools/bin/../lib/gcc/arm-none-eabi/7.3.1/../../../../arm-none-eabi/lib/thumb/v7-m\libc_nano.a
END GROUP
START GROUP
LOAD d:/stm32cubeide_1.4.0/stm32cubeide/plugins/com.st.stm32cube.ide.mcu.externaltools.gnu-tools-for-stm32.7-2018-q2-update.win32_1.4.0.202007081208/tools/bin/../lib/gcc/arm-none-eabi/7.3.1/thumb/v7-m\libgcc.a
LOAD d:/stm32cubeide_1.4.0/stm32cubeide/plugins/com.st.stm32cube.ide.mcu.externaltools.gnu-tools-for-stm32.7-2018-q2-update.win32_1.4.0.202007081208/tools/bin/../lib/gcc/arm-none-eabi/7.3.1/../../../../arm-none-eabi/lib/thumb/v7-m\libc_nano.a
LOAD d:/stm32cubeide_1.4.0/stm32cubeide/plugins/com.st.stm32cube.ide.mcu.externaltools.gnu-tools-for-stm32.7-2018-q2-update.win32_1.4.0.202007081208/tools/bin/../lib/gcc/arm-none-eabi/7.3.1/../../../../arm-none-eabi/lib/thumb/v7-m\libnosys.a
END GROUP
START GROUP
LOAD d:/stm32cubeide_1.4.0/stm32cubeide/plugins/com.st.stm32cube.ide.mcu.externaltools.gnu-tools-for-stm32.7-2018-q2-update.win32_1.4.0.202007081208/tools/bin/../lib/gcc/arm-none-eabi/7.3.1/thumb/v7-m\libgcc.a
LOAD d:/stm32cubeide_1.4.0/stm32cubeide/plugins/com.st.stm32cube.ide.mcu.externaltools.gnu-tools-for-stm32.7-2018-q2-update.win32_1.4.0.202007081208/tools/bin/../lib/gcc/arm-none-eabi/7.3.1/../../../../arm-none-eabi/lib/thumb/v7-m\libc_nano.a
LOAD d:/stm32cubeide_1.4.0/stm32cubeide/plugins/com.st.stm32cube.ide.mcu.externaltools.gnu-tools-for-stm32.7-2018-q2-update.win32_1.4.0.202007081208/tools/bin/../lib/gcc/arm-none-eabi/7.3.1/../../../../arm-none-eabi/lib/thumb/v7-m\libnosys.a
END GROUP
LOAD d:/stm32cubeide_1.4.0/stm32cubeide/plugins/com.st.stm32cube.ide.mcu.externaltools.gnu-tools-for-stm32.7-2018-q2-update.win32_1.4.0.202007081208/tools/bin/../lib/gcc/arm-none-eabi/7.3.1/thumb/v7-m/crtend.o
LOAD d:/stm32cubeide_1.4.0/stm32cubeide/plugins/com.st.stm32cube.ide.mcu.externaltools.gnu-tools-for-stm32.7-2018-q2-update.win32_1.4.0.202007081208/tools/bin/../lib/gcc/arm-none-eabi/7.3.1/thumb/v7-m/crtn.o
                0x0000000020005000                _estack = (ORIGIN (RAM) + LENGTH (RAM))
                0x0000000000000200                _Min_Heap_Size = 0x200
                0x0000000000000400                _Min_Stack_Size = 0x400

.isr_vector     0x0000000008000000      0x10c
                0x0000000008000000                . = ALIGN (0x4)
 *(.isr_vector)
 .isr_vector    0x0000000008000000      0x10c Core/Startup/startup_stm32f103c8tx.o
                0x0000000008000000                g_pfnVectors
                0x000000000800010c                . = ALIGN (0x4)

.text           0x000000000800010c     0x6058
                0x000000000800010c                . = ALIGN (0x4)
 *(.text)
 .text          0x000000000800010c       0x40 d:/stm32cubeide_1.4.0/stm32cubeide/plugins/com.st.stm32cube.ide.mcu.externaltools.gnu-tools-for-stm32.7-2018-q2-update.win32_1.4.0.202007081208/tools/bin/../lib/gcc/arm-none-eabi/7.3.1/thumb/v7-m/crtbegin.o
 *(.text*)
 .text.loop     0x000000000800014c      0x274 Core/Src/main.o
                0x000000000800014c                loop
 .text.main     0x00000000080003c0      0x1c0 Core/Src/main.o
                0x00000000080003c0                main
 .text.SystemClock_Config
                0x0000000008000580       0x8a Core/Src/main.o
                0x0000000008000580                SystemClock_Config
 *fill*         0x000000000800060a        0x2 
 .text.MX_SPI1_Init
                0x000000000800060c       0x6c Core/Src/main.o
 .text.MX_SPI2_Init
                0x0000000008000678       0x6c Core/Src/main.o
 .text.MX_GPIO_Init
                0x00000000080006e4       0xc4 Core/Src/main.o
 .text.Error_Handler
                0x00000000080007a8        0xc Core/Src/main.o
                0x00000000080007a8                Error_Handler
 .text.ST7735_Select
                0x00000000080007b4       0x18 Core/Src/st7735.o
 .text.ST7735_Unselect
                0x00000000080007cc       0x18 Core/Src/st7735.o
                0x00000000080007cc                ST7735_Unselect
 .text.ST7735_Reset
                0x00000000080007e4       0x2c Core/Src/st7735.o
 .text.ST7735_WriteCommand
                0x0000000008000810       0x34 Core/Src/st7735.o
 .text.ST7735_WriteData
                0x0000000008000844       0x38 Core/Src/st7735.o
 .text.ST7735_ExecuteCommandList
                0x000000000800087c       0x90 Core/Src/st7735.o
 .text.ST7735_SetAddressWindow
                0x000000000800090c       0x78 Core/Src/st7735.o
 .text.ST7735_Init
                0x0000000008000984       0x34 Core/Src/st7735.o
                0x0000000008000984                ST7735_Init
 .text.ST7735_DrawPixel
                0x00000000080009b8       0x68 Core/Src/st7735.o
                0x00000000080009b8                ST7735_DrawPixel
 .text.ST7735_WriteChar
                0x0000000008000a20       0xec Core/Src/st7735.o
 .text.ST7735_WriteString
                0x0000000008000b0c       0x94 Core/Src/st7735.o
                0x0000000008000b0c                ST7735_WriteString
 .text.ST7735_FillRectangle
                0x0000000008000ba0       0xec Core/Src/st7735.o
                0x0000000008000ba0                ST7735_FillRectangle
 .text.ST7735_FillScreen
                0x0000000008000c8c       0x22 Core/Src/st7735.o
                0x0000000008000c8c                ST7735_FillScreen
 *fill*         0x0000000008000cae        0x2 
 .text.HAL_MspInit
                0x0000000008000cb0       0x64 Core/Src/stm32f1xx_hal_msp.o
                0x0000000008000cb0                HAL_MspInit
 .text.HAL_SPI_MspInit
                0x0000000008000d14      0x128 Core/Src/stm32f1xx_hal_msp.o
                0x0000000008000d14                HAL_SPI_MspInit
 .text.SDTimer_Handler
                0x0000000008000e3c       0x44 Core/Src/stm32f1xx_it.o
                0x0000000008000e3c                SDTimer_Handler
 .text.NMI_Handler
                0x0000000008000e80        0xc Core/Src/stm32f1xx_it.o
                0x0000000008000e80                NMI_Handler
 .text.HardFault_Handler
                0x0000000008000e8c        0x6 Core/Src/stm32f1xx_it.o
                0x0000000008000e8c                HardFault_Handler
 .text.MemManage_Handler
                0x0000000008000e92        0x6 Core/Src/stm32f1xx_it.o
                0x0000000008000e92                MemManage_Handler
 .text.BusFault_Handler
                0x0000000008000e98        0x6 Core/Src/stm32f1xx_it.o
                0x0000000008000e98                BusFault_Handler
 .text.UsageFault_Handler
                0x0000000008000e9e        0x6 Core/Src/stm32f1xx_it.o
                0x0000000008000e9e                UsageFault_Handler
 .text.SVC_Handler
                0x0000000008000ea4        0xc Core/Src/stm32f1xx_it.o
                0x0000000008000ea4                SVC_Handler
 .text.DebugMon_Handler
                0x0000000008000eb0        0xc Core/Src/stm32f1xx_it.o
                0x0000000008000eb0                DebugMon_Handler
 .text.PendSV_Handler
                0x0000000008000ebc        0xc Core/Src/stm32f1xx_it.o
                0x0000000008000ebc                PendSV_Handler
 .text.SysTick_Handler
                0x0000000008000ec8       0x34 Core/Src/stm32f1xx_it.o
                0x0000000008000ec8                SysTick_Handler
 .text.SystemInit
                0x0000000008000efc       0x68 Core/Src/system_stm32f1xx.o
                0x0000000008000efc                SystemInit
 .text.Reset_Handler
                0x0000000008000f64       0x48 Core/Startup/startup_stm32f103c8tx.o
                0x0000000008000f64                Reset_Handler
 .text.Default_Handler
                0x0000000008000fac        0x2 Core/Startup/startup_stm32f103c8tx.o
                0x0000000008000fac                RTC_Alarm_IRQHandler
                0x0000000008000fac                EXTI2_IRQHandler
                0x0000000008000fac                TIM1_CC_IRQHandler
                0x0000000008000fac                PVD_IRQHandler
                0x0000000008000fac                EXTI3_IRQHandler
                0x0000000008000fac                EXTI0_IRQHandler
                0x0000000008000fac                I2C2_EV_IRQHandler
                0x0000000008000fac                ADC1_2_IRQHandler
                0x0000000008000fac                SPI1_IRQHandler
                0x0000000008000fac                TAMPER_IRQHandler
                0x0000000008000fac                DMA1_Channel4_IRQHandler
                0x0000000008000fac                USART3_IRQHandler
                0x0000000008000fac                RTC_IRQHandler
                0x0000000008000fac                DMA1_Channel7_IRQHandler
                0x0000000008000fac                CAN1_RX1_IRQHandler
                0x0000000008000fac                TIM4_IRQHandler
                0x0000000008000fac                I2C1_EV_IRQHandler
                0x0000000008000fac                DMA1_Channel6_IRQHandler
                0x0000000008000fac                TIM3_IRQHandler
                0x0000000008000fac                RCC_IRQHandler
                0x0000000008000fac                TIM1_TRG_COM_IRQHandler
                0x0000000008000fac                DMA1_Channel1_IRQHandler
                0x0000000008000fac                Default_Handler
                0x0000000008000fac                EXTI15_10_IRQHandler
                0x0000000008000fac                EXTI9_5_IRQHandler
                0x0000000008000fac                SPI2_IRQHandler
                0x0000000008000fac                DMA1_Channel5_IRQHandler
                0x0000000008000fac                EXTI4_IRQHandler
                0x0000000008000fac                USB_LP_CAN1_RX0_IRQHandler
                0x0000000008000fac                USB_HP_CAN1_TX_IRQHandler
                0x0000000008000fac                DMA1_Channel3_IRQHandler
                0x0000000008000fac                TIM1_UP_IRQHandler
                0x0000000008000fac                WWDG_IRQHandler
                0x0000000008000fac                TIM2_IRQHandler
                0x0000000008000fac                TIM1_BRK_IRQHandler
                0x0000000008000fac                EXTI1_IRQHandler
                0x0000000008000fac                USART2_IRQHandler
                0x0000000008000fac                I2C2_ER_IRQHandler
                0x0000000008000fac                DMA1_Channel2_IRQHandler
                0x0000000008000fac                CAN1_SCE_IRQHandler
                0x0000000008000fac                FLASH_IRQHandler
                0x0000000008000fac                USART1_IRQHandler
                0x0000000008000fac                I2C1_ER_IRQHandler
                0x0000000008000fac                USBWakeUp_IRQHandler
 *fill*         0x0000000008000fae        0x2 
 .text.HAL_Init
                0x0000000008000fb0       0x2c Drivers/STM32F1xx_HAL_Driver/Src/stm32f1xx_hal.o
                0x0000000008000fb0                HAL_Init
 .text.HAL_InitTick
                0x0000000008000fdc       0x60 Drivers/STM32F1xx_HAL_Driver/Src/stm32f1xx_hal.o
                0x0000000008000fdc                HAL_InitTick
 .text.HAL_IncTick
                0x000000000800103c       0x24 Drivers/STM32F1xx_HAL_Driver/Src/stm32f1xx_hal.o
                0x000000000800103c                HAL_IncTick
 .text.HAL_GetTick
                0x0000000008001060       0x14 Drivers/STM32F1xx_HAL_Driver/Src/stm32f1xx_hal.o
                0x0000000008001060                HAL_GetTick
 .text.HAL_Delay
                0x0000000008001074       0x44 Drivers/STM32F1xx_HAL_Driver/Src/stm32f1xx_hal.o
                0x0000000008001074                HAL_Delay
 .text.__NVIC_SetPriorityGrouping
                0x00000000080010b8       0x48 Drivers/STM32F1xx_HAL_Driver/Src/stm32f1xx_hal_cortex.o
 .text.__NVIC_GetPriorityGrouping
                0x0000000008001100       0x1c Drivers/STM32F1xx_HAL_Driver/Src/stm32f1xx_hal_cortex.o
 .text.__NVIC_SetPriority
                0x000000000800111c       0x54 Drivers/STM32F1xx_HAL_Driver/Src/stm32f1xx_hal_cortex.o
 .text.NVIC_EncodePriority
                0x0000000008001170       0x64 Drivers/STM32F1xx_HAL_Driver/Src/stm32f1xx_hal_cortex.o
 .text.SysTick_Config
                0x00000000080011d4       0x44 Drivers/STM32F1xx_HAL_Driver/Src/stm32f1xx_hal_cortex.o
 .text.HAL_NVIC_SetPriorityGrouping
                0x0000000008001218       0x16 Drivers/STM32F1xx_HAL_Driver/Src/stm32f1xx_hal_cortex.o
                0x0000000008001218                HAL_NVIC_SetPriorityGrouping
 .text.HAL_NVIC_SetPriority
                0x000000000800122e       0x38 Drivers/STM32F1xx_HAL_Driver/Src/stm32f1xx_hal_cortex.o
                0x000000000800122e                HAL_NVIC_SetPriority
 .text.HAL_SYSTICK_Config
                0x0000000008001266       0x18 Drivers/STM32F1xx_HAL_Driver/Src/stm32f1xx_hal_cortex.o
                0x0000000008001266                HAL_SYSTICK_Config
 *fill*         0x000000000800127e        0x2 
 .text.HAL_GPIO_Init
                0x0000000008001280      0x2b4 Drivers/STM32F1xx_HAL_Driver/Src/stm32f1xx_hal_gpio.o
                0x0000000008001280                HAL_GPIO_Init
 .text.HAL_GPIO_WritePin
                0x0000000008001534       0x30 Drivers/STM32F1xx_HAL_Driver/Src/stm32f1xx_hal_gpio.o
                0x0000000008001534                HAL_GPIO_WritePin
 .text.HAL_GPIO_TogglePin
                0x0000000008001564       0x30 Drivers/STM32F1xx_HAL_Driver/Src/stm32f1xx_hal_gpio.o
                0x0000000008001564                HAL_GPIO_TogglePin
 .text.HAL_RCC_OscConfig
                0x0000000008001594      0x500 Drivers/STM32F1xx_HAL_Driver/Src/stm32f1xx_hal_rcc.o
                0x0000000008001594                HAL_RCC_OscConfig
 .text.HAL_RCC_ClockConfig
                0x0000000008001a94      0x1d4 Drivers/STM32F1xx_HAL_Driver/Src/stm32f1xx_hal_rcc.o
                0x0000000008001a94                HAL_RCC_ClockConfig
 .text.HAL_RCC_GetSysClockFreq
                0x0000000008001c68       0xc4 Drivers/STM32F1xx_HAL_Driver/Src/stm32f1xx_hal_rcc.o
                0x0000000008001c68                HAL_RCC_GetSysClockFreq
 .text.RCC_Delay
                0x0000000008001d2c       0x3c Drivers/STM32F1xx_HAL_Driver/Src/stm32f1xx_hal_rcc.o
 .text.HAL_SPI_Init
                0x0000000008001d68       0xc2 Drivers/STM32F1xx_HAL_Driver/Src/stm32f1xx_hal_spi.o
                0x0000000008001d68                HAL_SPI_Init
 .text.HAL_SPI_Transmit
                0x0000000008001e2a      0x268 Drivers/STM32F1xx_HAL_Driver/Src/stm32f1xx_hal_spi.o
                0x0000000008001e2a                HAL_SPI_Transmit
 .text.HAL_SPI_TransmitReceive
                0x0000000008002092      0x344 Drivers/STM32F1xx_HAL_Driver/Src/stm32f1xx_hal_spi.o
                0x0000000008002092                HAL_SPI_TransmitReceive
 .text.HAL_SPI_GetState
                0x00000000080023d6       0x1a Drivers/STM32F1xx_HAL_Driver/Src/stm32f1xx_hal_spi.o
                0x00000000080023d6                HAL_SPI_GetState
 .text.SPI_WaitFlagStateUntilTimeout
                0x00000000080023f0       0xd4 Drivers/STM32F1xx_HAL_Driver/Src/stm32f1xx_hal_spi.o
 .text.SPI_EndRxTxTransaction
                0x00000000080024c4       0x3c Drivers/STM32F1xx_HAL_Driver/Src/stm32f1xx_hal_spi.o
 .text.MX_FATFS_Init
                0x0000000008002500       0x24 FATFS/App/fatfs.o
                0x0000000008002500                MX_FATFS_Init
 .text.get_fattime
                0x0000000008002524        0xe FATFS/App/fatfs.o
                0x0000000008002524                get_fattime
 *fill*         0x0000000008002532        0x2 
 .text.SELECT   0x0000000008002534       0x18 FATFS/Target/fatfs_sd.o
 .text.DESELECT
                0x000000000800254c       0x18 FATFS/Target/fatfs_sd.o
 .text.SPI_TxByte
                0x0000000008002564       0x34 FATFS/Target/fatfs_sd.o
 .text.SPI_RxByte
                0x0000000008002598       0x3c FATFS/Target/fatfs_sd.o
 .text.SPI_RxBytePtr
                0x00000000080025d4       0x1c FATFS/Target/fatfs_sd.o
 .text.SD_ReadyWait
                0x00000000080025f0       0x38 FATFS/Target/fatfs_sd.o
 .text.SD_PowerOn
                0x0000000008002628       0x98 FATFS/Target/fatfs_sd.o
 .text.SD_PowerOff
                0x00000000080026c0       0x18 FATFS/Target/fatfs_sd.o
 .text.SD_CheckPower
                0x00000000080026d8       0x14 FATFS/Target/fatfs_sd.o
 .text.SD_RxDataBlock
                0x00000000080026ec       0x6c FATFS/Target/fatfs_sd.o
 .text.SD_TxDataBlock
                0x0000000008002758       0xa8 FATFS/Target/fatfs_sd.o
 .text.SD_SendCmd
                0x0000000008002800       0xa4 FATFS/Target/fatfs_sd.o
 .text.SD_disk_initialize
                0x00000000080028a4      0x1d4 FATFS/Target/fatfs_sd.o
                0x00000000080028a4                SD_disk_initialize
 .text.SD_disk_status
                0x0000000008002a78       0x28 FATFS/Target/fatfs_sd.o
                0x0000000008002a78                SD_disk_status
 .text.SD_disk_read
                0x0000000008002aa0       0xd4 FATFS/Target/fatfs_sd.o
                0x0000000008002aa0                SD_disk_read
 .text.SD_disk_write
                0x0000000008002b74      0x108 FATFS/Target/fatfs_sd.o
                0x0000000008002b74                SD_disk_write
 .text.SD_disk_ioctl
                0x0000000008002c7c      0x25c FATFS/Target/fatfs_sd.o
                0x0000000008002c7c                SD_disk_ioctl
 .text.USER_initialize
                0x0000000008002ed8       0x1c FATFS/Target/user_diskio.o
                0x0000000008002ed8                USER_initialize
 .text.USER_status
                0x0000000008002ef4       0x1c FATFS/Target/user_diskio.o
                0x0000000008002ef4                USER_status
 .text.USER_read
                0x0000000008002f10       0x26 FATFS/Target/user_diskio.o
                0x0000000008002f10                USER_read
 .text.USER_write
                0x0000000008002f36       0x26 FATFS/Target/user_diskio.o
                0x0000000008002f36                USER_write
 .text.USER_ioctl
                0x0000000008002f5c       0x26 FATFS/Target/user_diskio.o
                0x0000000008002f5c                USER_ioctl
 *fill*         0x0000000008002f82        0x2 
 .text.disk_status
                0x0000000008002f84       0x34 Middlewares/Third_Party/FatFs/src/diskio.o
                0x0000000008002f84                disk_status
 .text.disk_initialize
                0x0000000008002fb8       0x4c Middlewares/Third_Party/FatFs/src/diskio.o
                0x0000000008002fb8                disk_initialize
 .text.disk_read
                0x0000000008003004       0x40 Middlewares/Third_Party/FatFs/src/diskio.o
                0x0000000008003004                disk_read
 .text.disk_write
                0x0000000008003044       0x40 Middlewares/Third_Party/FatFs/src/diskio.o
                0x0000000008003044                disk_write
 .text.disk_ioctl
                0x0000000008003084       0x3c Middlewares/Third_Party/FatFs/src/diskio.o
                0x0000000008003084                disk_ioctl
 .text.mem_cpy  0x00000000080030c0       0x3a Middlewares/Third_Party/FatFs/src/ff.o
 .text.mem_set  0x00000000080030fa       0x32 Middlewares/Third_Party/FatFs/src/ff.o
 .text.mem_cmp  0x000000000800312c       0x4c Middlewares/Third_Party/FatFs/src/ff.o
 .text.chk_chr  0x0000000008003178       0x34 Middlewares/Third_Party/FatFs/src/ff.o
 .text.chk_lock
                0x00000000080031ac       0xd4 Middlewares/Third_Party/FatFs/src/ff.o
 .text.enq_lock
                0x0000000008003280       0x48 Middlewares/Third_Party/FatFs/src/ff.o
 .text.inc_lock
                0x00000000080032c8      0x160 Middlewares/Third_Party/FatFs/src/ff.o
 .text.dec_lock
                0x0000000008003428       0x88 Middlewares/Third_Party/FatFs/src/ff.o
 .text.clear_lock
                0x00000000080034b0       0x50 Middlewares/Third_Party/FatFs/src/ff.o
 .text.sync_window
                0x0000000008003500       0xb4 Middlewares/Third_Party/FatFs/src/ff.o
 .text.move_window
                0x00000000080035b4       0x68 Middlewares/Third_Party/FatFs/src/ff.o
 .text.sync_fs  0x000000000800361c      0x19e Middlewares/Third_Party/FatFs/src/ff.o
 .text.clust2sect
                0x00000000080037ba       0x4e Middlewares/Third_Party/FatFs/src/ff.o
                0x00000000080037ba                clust2sect
 .text.get_fat  0x0000000008003808      0x204 Middlewares/Third_Party/FatFs/src/ff.o
                0x0000000008003808                get_fat
 .text.put_fat  0x0000000008003a0c      0x2ba Middlewares/Third_Party/FatFs/src/ff.o
                0x0000000008003a0c                put_fat
 .text.remove_chain
                0x0000000008003cc6       0xd0 Middlewares/Third_Party/FatFs/src/ff.o
 .text.create_chain
                0x0000000008003d96      0x162 Middlewares/Third_Party/FatFs/src/ff.o
 .text.clmt_clust
                0x0000000008003ef8       0x78 Middlewares/Third_Party/FatFs/src/ff.o
 .text.dir_sdi  0x0000000008003f70      0x164 Middlewares/Third_Party/FatFs/src/ff.o
 .text.dir_next
                0x00000000080040d4      0x22c Middlewares/Third_Party/FatFs/src/ff.o
 .text.dir_alloc
                0x0000000008004300       0x8c Middlewares/Third_Party/FatFs/src/ff.o
 .text.ld_clust
                0x000000000800438c       0x5c Middlewares/Third_Party/FatFs/src/ff.o
 .text.st_clust
                0x00000000080043e8       0x4c Middlewares/Third_Party/FatFs/src/ff.o
 .text.cmp_lfn  0x0000000008004434       0xdc Middlewares/Third_Party/FatFs/src/ff.o
 .text.fit_lfn  0x0000000008004510       0xe8 Middlewares/Third_Party/FatFs/src/ff.o
 .text.gen_numname
                0x00000000080045f8      0x11e Middlewares/Third_Party/FatFs/src/ff.o
 .text.sum_sfn  0x0000000008004716       0x40 Middlewares/Third_Party/FatFs/src/ff.o
 .text.dir_find
                0x0000000008004756      0x168 Middlewares/Third_Party/FatFs/src/ff.o
 *fill*         0x00000000080048be        0x2 
 .text.dir_register
                0x00000000080048c0      0x1fc Middlewares/Third_Party/FatFs/src/ff.o
 .text.create_name
                0x0000000008004abc      0x364 Middlewares/Third_Party/FatFs/src/ff.o
 .text.follow_path
                0x0000000008004e20       0xd0 Middlewares/Third_Party/FatFs/src/ff.o
 .text.get_ldnumber
                0x0000000008004ef0       0x86 Middlewares/Third_Party/FatFs/src/ff.o
 *fill*         0x0000000008004f76        0x2 
 .text.check_fs
                0x0000000008004f78       0xdc Middlewares/Third_Party/FatFs/src/ff.o
 .text.find_volume
                0x0000000008005054      0x6b8 Middlewares/Third_Party/FatFs/src/ff.o
 .text.validate
                0x000000000800570c       0x66 Middlewares/Third_Party/FatFs/src/ff.o
 *fill*         0x0000000008005772        0x2 
 .text.f_mount  0x0000000008005774       0x94 Middlewares/Third_Party/FatFs/src/ff.o
                0x0000000008005774                f_mount
 .text.f_open   0x0000000008005808      0x318 Middlewares/Third_Party/FatFs/src/ff.o
                0x0000000008005808                f_open
 .text.f_read   0x0000000008005b20      0x2ea Middlewares/Third_Party/FatFs/src/ff.o
                0x0000000008005b20                f_read
 .text.f_sync   0x0000000008005e0a      0x118 Middlewares/Third_Party/FatFs/src/ff.o
                0x0000000008005e0a                f_sync
 .text.f_close  0x0000000008005f22       0x4c Middlewares/Third_Party/FatFs/src/ff.o
                0x0000000008005f22                f_close
 *fill*         0x0000000008005f6e        0x2 
 .text.FATFS_LinkDriverEx
                0x0000000008005f70       0x94 Middlewares/Third_Party/FatFs/src/ff_gen_drv.o
                0x0000000008005f70                FATFS_LinkDriverEx
 .text.FATFS_LinkDriver
                0x0000000008006004       0x1e Middlewares/Third_Party/FatFs/src/ff_gen_drv.o
                0x0000000008006004                FATFS_LinkDriver
 *fill*         0x0000000008006022        0x2 
 .text.ff_convert
                0x0000000008006024       0x74 Middlewares/Third_Party/FatFs/src/option/ccsbcs.o
                0x0000000008006024                ff_convert
 .text.ff_wtoupper
                0x0000000008006098       0x5c Middlewares/Third_Party/FatFs/src/option/ccsbcs.o
                0x0000000008006098                ff_wtoupper
 .text.__libc_init_array
                0x00000000080060f4       0x48 d:/stm32cubeide_1.4.0/stm32cubeide/plugins/com.st.stm32cube.ide.mcu.externaltools.gnu-tools-for-stm32.7-2018-q2-update.win32_1.4.0.202007081208/tools/bin/../lib/gcc/arm-none-eabi/7.3.1/../../../../arm-none-eabi/lib/thumb/v7-m\libc_nano.a(lib_a-init.o)
                0x00000000080060f4                __libc_init_array
 .text.memset   0x000000000800613c       0x10 d:/stm32cubeide_1.4.0/stm32cubeide/plugins/com.st.stm32cube.ide.mcu.externaltools.gnu-tools-for-stm32.7-2018-q2-update.win32_1.4.0.202007081208/tools/bin/../lib/gcc/arm-none-eabi/7.3.1/../../../../arm-none-eabi/lib/thumb/v7-m\libc_nano.a(lib_a-memset.o)
                0x000000000800613c                memset
 *(.glue_7)
 .glue_7        0x000000000800614c        0x0 linker stubs
 *(.glue_7t)
 .glue_7t       0x000000000800614c        0x0 linker stubs
 *(.eh_frame)
 .eh_frame      0x000000000800614c        0x0 d:/stm32cubeide_1.4.0/stm32cubeide/plugins/com.st.stm32cube.ide.mcu.externaltools.gnu-tools-for-stm32.7-2018-q2-update.win32_1.4.0.202007081208/tools/bin/../lib/gcc/arm-none-eabi/7.3.1/thumb/v7-m/crtbegin.o
 *(.init)
 .init          0x000000000800614c        0x4 d:/stm32cubeide_1.4.0/stm32cubeide/plugins/com.st.stm32cube.ide.mcu.externaltools.gnu-tools-for-stm32.7-2018-q2-update.win32_1.4.0.202007081208/tools/bin/../lib/gcc/arm-none-eabi/7.3.1/thumb/v7-m/crti.o
                0x000000000800614c                _init
 .init          0x0000000008006150        0x8 d:/stm32cubeide_1.4.0/stm32cubeide/plugins/com.st.stm32cube.ide.mcu.externaltools.gnu-tools-for-stm32.7-2018-q2-update.win32_1.4.0.202007081208/tools/bin/../lib/gcc/arm-none-eabi/7.3.1/thumb/v7-m/crtn.o
 *(.fini)
 .fini          0x0000000008006158        0x4 d:/stm32cubeide_1.4.0/stm32cubeide/plugins/com.st.stm32cube.ide.mcu.externaltools.gnu-tools-for-stm32.7-2018-q2-update.win32_1.4.0.202007081208/tools/bin/../lib/gcc/arm-none-eabi/7.3.1/thumb/v7-m/crti.o
                0x0000000008006158                _fini
 .fini          0x000000000800615c        0x8 d:/stm32cubeide_1.4.0/stm32cubeide/plugins/com.st.stm32cube.ide.mcu.externaltools.gnu-tools-for-stm32.7-2018-q2-update.win32_1.4.0.202007081208/tools/bin/../lib/gcc/arm-none-eabi/7.3.1/thumb/v7-m/crtn.o
                0x0000000008006164                . = ALIGN (0x4)
                0x0000000008006164                _etext = .

.vfp11_veneer   0x0000000008006164        0x0
 .vfp11_veneer  0x0000000008006164        0x0 linker stubs

.v4_bx          0x0000000008006164        0x0
 .v4_bx         0x0000000008006164        0x0 linker stubs

.iplt           0x0000000008006164        0x0
 .iplt          0x0000000008006164        0x0 d:/stm32cubeide_1.4.0/stm32cubeide/plugins/com.st.stm32cube.ide.mcu.externaltools.gnu-tools-for-stm32.7-2018-q2-update.win32_1.4.0.202007081208/tools/bin/../lib/gcc/arm-none-eabi/7.3.1/thumb/v7-m/crtbegin.o

.rodata         0x0000000008006164     0x2ef4
                0x0000000008006164                . = ALIGN (0x4)
 *(.rodata)
 .rodata        0x0000000008006164       0xaa Core/Src/main.o
 *fill*         0x000000000800620e        0x2 
 .rodata        0x0000000008006210       0x12 Drivers/STM32F1xx_HAL_Driver/Src/stm32f1xx_hal_rcc.o
 *fill*         0x0000000008006222        0x2 
 .rodata        0x0000000008006224       0x48 Middlewares/Third_Party/FatFs/src/ff.o
 *(.rodata*)
 .rodata.Font7x10
                0x000000000800626c      0x76c Core/Src/fonts.o
 .rodata.Font11x18
                0x00000000080069d8      0xd5c Core/Src/fonts.o
 .rodata.Font16x26
                0x0000000008007734     0x134c Core/Src/fonts.o
 .rodata.init_cmds1
                0x0000000008008a80       0x3b Core/Src/st7735.o
 *fill*         0x0000000008008abb        0x1 
 .rodata.init_cmds2
                0x0000000008008abc        0xd Core/Src/st7735.o
 *fill*         0x0000000008008ac9        0x3 
 .rodata.init_cmds3
                0x0000000008008acc       0x2b Core/Src/st7735.o
 *fill*         0x0000000008008af7        0x1 
 .rodata.AHBPrescTable
                0x0000000008008af8       0x10 Core/Src/system_stm32f1xx.o
                0x0000000008008af8                AHBPrescTable
 .rodata.ExCvt  0x0000000008008b08       0x80 Middlewares/Third_Party/FatFs/src/ff.o
 .rodata.LfnOfs
                0x0000000008008b88        0xd Middlewares/Third_Party/FatFs/src/ff.o
 *fill*         0x0000000008008b95        0x3 
 .rodata.Tbl    0x0000000008008b98      0x100 Middlewares/Third_Party/FatFs/src/option/ccsbcs.o
 .rodata.tbl_lower.5726
                0x0000000008008c98      0x1e0 Middlewares/Third_Party/FatFs/src/option/ccsbcs.o
 .rodata.tbl_upper.5727
                0x0000000008008e78      0x1e0 Middlewares/Third_Party/FatFs/src/option/ccsbcs.o
                0x0000000008009058                . = ALIGN (0x4)

.rel.dyn        0x0000000008009058        0x0
 .rel.iplt      0x0000000008009058        0x0 d:/stm32cubeide_1.4.0/stm32cubeide/plugins/com.st.stm32cube.ide.mcu.externaltools.gnu-tools-for-stm32.7-2018-q2-update.win32_1.4.0.202007081208/tools/bin/../lib/gcc/arm-none-eabi/7.3.1/thumb/v7-m/crtbegin.o

.ARM.extab      0x0000000008009058        0x0
                0x0000000008009058                . = ALIGN (0x4)
 *(.ARM.extab* .gnu.linkonce.armextab.*)
                0x0000000008009058                . = ALIGN (0x4)

.ARM            0x0000000008009058        0x0
                0x0000000008009058                . = ALIGN (0x4)
                0x0000000008009058                __exidx_start = .
 *(.ARM.exidx*)
                0x0000000008009058                __exidx_end = .
                0x0000000008009058                . = ALIGN (0x4)

.preinit_array  0x0000000008009058        0x0
                0x0000000008009058                . = ALIGN (0x4)
                0x0000000008009058                PROVIDE (__preinit_array_start = .)
 *(.preinit_array*)
                0x0000000008009058                PROVIDE (__preinit_array_end = .)
                0x0000000008009058                . = ALIGN (0x4)

.init_array     0x0000000008009058        0x4
                0x0000000008009058                . = ALIGN (0x4)
                0x0000000008009058                PROVIDE (__init_array_start = .)
 *(SORT_BY_NAME(.init_array.*))
 *(.init_array*)
 .init_array    0x0000000008009058        0x4 d:/stm32cubeide_1.4.0/stm32cubeide/plugins/com.st.stm32cube.ide.mcu.externaltools.gnu-tools-for-stm32.7-2018-q2-update.win32_1.4.0.202007081208/tools/bin/../lib/gcc/arm-none-eabi/7.3.1/thumb/v7-m/crtbegin.o
                0x000000000800905c                PROVIDE (__init_array_end = .)
                0x000000000800905c                . = ALIGN (0x4)

.fini_array     0x000000000800905c        0x4
                0x000000000800905c                . = ALIGN (0x4)
                [!provide]                        PROVIDE (__fini_array_start = .)
 *(SORT_BY_NAME(.fini_array.*))
 *(.fini_array*)
 .fini_array    0x000000000800905c        0x4 d:/stm32cubeide_1.4.0/stm32cubeide/plugins/com.st.stm32cube.ide.mcu.externaltools.gnu-tools-for-stm32.7-2018-q2-update.win32_1.4.0.202007081208/tools/bin/../lib/gcc/arm-none-eabi/7.3.1/thumb/v7-m/crtbegin.o
                [!provide]                        PROVIDE (__fini_array_end = .)
                0x0000000008009060                . = ALIGN (0x4)
                0x0000000008009060                _sidata = LOADADDR (.data)

.data           0x0000000020000000       0x38 load address 0x0000000008009060
                0x0000000020000000                . = ALIGN (0x4)
                0x0000000020000000                _sdata = .
 *(.data)
 *(.data*)
 .data.Font_7x10
                0x0000000020000000        0x8 Core/Src/fonts.o
                0x0000000020000000                Font_7x10
 .data.Font_11x18
                0x0000000020000008        0x8 Core/Src/fonts.o
                0x0000000020000008                Font_11x18
 .data.Font_16x26
                0x0000000020000010        0x8 Core/Src/fonts.o
                0x0000000020000010                Font_16x26
 .data.SystemCoreClock
                0x0000000020000018        0x4 Core/Src/system_stm32f1xx.o
                0x0000000020000018                SystemCoreClock
 .data.uwTickPrio
                0x000000002000001c        0x4 Drivers/STM32F1xx_HAL_Driver/Src/stm32f1xx_hal.o
                0x000000002000001c                uwTickPrio
 .data.uwTickFreq
                0x0000000020000020        0x1 Drivers/STM32F1xx_HAL_Driver/Src/stm32f1xx_hal.o
                0x0000000020000020                uwTickFreq
 .data.Stat     0x0000000020000021        0x1 FATFS/Target/fatfs_sd.o
 *fill*         0x0000000020000022        0x2 
 .data.USER_Driver
                0x0000000020000024       0x14 FATFS/Target/user_diskio.o
                0x0000000020000024                USER_Driver
                0x0000000020000038                . = ALIGN (0x4)
                0x0000000020000038                _edata = .

.igot.plt       0x0000000020000038        0x0 load address 0x0000000008009098
 .igot.plt      0x0000000020000038        0x0 d:/stm32cubeide_1.4.0/stm32cubeide/plugins/com.st.stm32cube.ide.mcu.externaltools.gnu-tools-for-stm32.7-2018-q2-update.win32_1.4.0.202007081208/tools/bin/../lib/gcc/arm-none-eabi/7.3.1/thumb/v7-m/crtbegin.o
                0x0000000020000038                . = ALIGN (0x4)

.bss            0x0000000020000038     0x243c load address 0x0000000008009098
                0x0000000020000038                _sbss = .
                0x0000000020000038                __bss_start__ = _sbss
 *(.bss)
 .bss           0x0000000020000038       0x1c d:/stm32cubeide_1.4.0/stm32cubeide/plugins/com.st.stm32cube.ide.mcu.externaltools.gnu-tools-for-stm32.7-2018-q2-update.win32_1.4.0.202007081208/tools/bin/../lib/gcc/arm-none-eabi/7.3.1/thumb/v7-m/crtbegin.o
 *(.bss*)
 .bss.FatFsCnt  0x0000000020000054        0x1 Core/Src/stm32f1xx_it.o
                0x0000000020000054                FatFsCnt
 .bss.CardType  0x0000000020000055        0x1 FATFS/Target/fatfs_sd.o
 .bss.PowerFlag
                0x0000000020000056        0x1 FATFS/Target/fatfs_sd.o
 *fill*         0x0000000020000057        0x1 
 .bss.FatFs     0x0000000020000058        0x4 Middlewares/Third_Party/FatFs/src/ff.o
 .bss.Fsid      0x000000002000005c        0x2 Middlewares/Third_Party/FatFs/src/ff.o
 *fill*         0x000000002000005e        0x2 
 .bss.Files     0x0000000020000060       0x18 Middlewares/Third_Party/FatFs/src/ff.o
 .bss.LfnBuf    0x0000000020000078      0x200 Middlewares/Third_Party/FatFs/src/ff.o
 .bss.disk      0x0000000020000278        0xc Middlewares/Third_Party/FatFs/src/ff_gen_drv.o
                0x0000000020000278                disk
 *(COMMON)
 COMMON         0x0000000020000284     0x1184 Core/Src/main.o
                0x0000000020000284                fre_clust
                0x0000000020000288                hspi2
                0x00000000200002e0                fs
                0x0000000020001310                buffer
                0x0000000020001374                pfs
                0x0000000020001378                hspi1
                0x00000000200013d0                total
                0x00000000200013d4                fres
                0x00000000200013d8                fil
                0x0000000020001404                free
 COMMON         0x0000000020001408        0x2 Core/Src/stm32f1xx_it.o
                0x0000000020001408                Timer2
                0x0000000020001409                Timer1
 *fill*         0x000000002000140a        0x2 
 COMMON         0x000000002000140c        0x4 Drivers/STM32F1xx_HAL_Driver/Src/stm32f1xx_hal.o
                0x000000002000140c                uwTick
 COMMON         0x0000000020001410     0x1064 FATFS/App/fatfs.o
                0x0000000020001410                USERPath
                0x0000000020001414                retUSER
                0x0000000020001418                USERFile
                0x0000000020001444                USERFatFS
                0x0000000020002474                . = ALIGN (0x4)
                0x0000000020002474                _ebss = .
                0x0000000020002474                __bss_end__ = _ebss

._user_heap_stack
                0x0000000020002474      0x604 load address 0x0000000008009098
                0x0000000020002478                . = ALIGN (0x8)
 *fill*         0x0000000020002474        0x4 
                [!provide]                        PROVIDE (end = .)
                0x0000000020002478                PROVIDE (_end = .)
                0x0000000020002678                . = (. + _Min_Heap_Size)
 *fill*         0x0000000020002478      0x200 
                0x0000000020002a78                . = (. + _Min_Stack_Size)
 *fill*         0x0000000020002678      0x400 
                0x0000000020002a78                . = ALIGN (0x8)

/DISCARD/
 libc.a(*)
 libm.a(*)
 libgcc.a(*)

.ARM.attributes
                0x0000000000000000       0x29
 *(.ARM.attributes)
 .ARM.attributes
                0x0000000000000000       0x1d d:/stm32cubeide_1.4.0/stm32cubeide/plugins/com.st.stm32cube.ide.mcu.externaltools.gnu-tools-for-stm32.7-2018-q2-update.win32_1.4.0.202007081208/tools/bin/../lib/gcc/arm-none-eabi/7.3.1/thumb/v7-m/crti.o
 .ARM.attributes
                0x000000000000001d       0x2d d:/stm32cubeide_1.4.0/stm32cubeide/plugins/com.st.stm32cube.ide.mcu.externaltools.gnu-tools-for-stm32.7-2018-q2-update.win32_1.4.0.202007081208/tools/bin/../lib/gcc/arm-none-eabi/7.3.1/thumb/v7-m/crtbegin.o
 .ARM.attributes
                0x000000000000004a       0x33 Core/Src/fonts.o
 .ARM.attributes
                0x000000000000007d       0x33 Core/Src/main.o
 .ARM.attributes
                0x00000000000000b0       0x33 Core/Src/st7735.o
 .ARM.attributes
                0x00000000000000e3       0x33 Core/Src/stm32f1xx_hal_msp.o
 .ARM.attributes
                0x0000000000000116       0x33 Core/Src/stm32f1xx_it.o
 .ARM.attributes
                0x0000000000000149       0x33 Core/Src/system_stm32f1xx.o
 .ARM.attributes
                0x000000000000017c       0x21 Core/Startup/startup_stm32f103c8tx.o
 .ARM.attributes
                0x000000000000019d       0x33 Drivers/STM32F1xx_HAL_Driver/Src/stm32f1xx_hal.o
 .ARM.attributes
                0x00000000000001d0       0x33 Drivers/STM32F1xx_HAL_Driver/Src/stm32f1xx_hal_cortex.o
 .ARM.attributes
                0x0000000000000203       0x33 Drivers/STM32F1xx_HAL_Driver/Src/stm32f1xx_hal_gpio.o
 .ARM.attributes
                0x0000000000000236       0x33 Drivers/STM32F1xx_HAL_Driver/Src/stm32f1xx_hal_rcc.o
 .ARM.attributes
                0x0000000000000269       0x33 Drivers/STM32F1xx_HAL_Driver/Src/stm32f1xx_hal_spi.o
 .ARM.attributes
                0x000000000000029c       0x33 FATFS/App/fatfs.o
 .ARM.attributes
                0x00000000000002cf       0x33 FATFS/Target/fatfs_sd.o
 .ARM.attributes
                0x0000000000000302       0x33 FATFS/Target/user_diskio.o
 .ARM.attributes
                0x0000000000000335       0x33 Middlewares/Third_Party/FatFs/src/diskio.o
 .ARM.attributes
                0x0000000000000368       0x33 Middlewares/Third_Party/FatFs/src/ff.o
 .ARM.attributes
                0x000000000000039b       0x33 Middlewares/Third_Party/FatFs/src/ff_gen_drv.o
 .ARM.attributes
                0x00000000000003ce       0x33 Middlewares/Third_Party/FatFs/src/option/ccsbcs.o
 .ARM.attributes
                0x0000000000000401       0x2d d:/stm32cubeide_1.4.0/stm32cubeide/plugins/com.st.stm32cube.ide.mcu.externaltools.gnu-tools-for-stm32.7-2018-q2-update.win32_1.4.0.202007081208/tools/bin/../lib/gcc/arm-none-eabi/7.3.1/../../../../arm-none-eabi/lib/thumb/v7-m\libc_nano.a(lib_a-init.o)
 .ARM.attributes
                0x000000000000042e       0x2d d:/stm32cubeide_1.4.0/stm32cubeide/plugins/com.st.stm32cube.ide.mcu.externaltools.gnu-tools-for-stm32.7-2018-q2-update.win32_1.4.0.202007081208/tools/bin/../lib/gcc/arm-none-eabi/7.3.1/../../../../arm-none-eabi/lib/thumb/v7-m\libc_nano.a(lib_a-memset.o)
 .ARM.attributes
                0x000000000000045b       0x1d d:/stm32cubeide_1.4.0/stm32cubeide/plugins/com.st.stm32cube.ide.mcu.externaltools.gnu-tools-for-stm32.7-2018-q2-update.win32_1.4.0.202007081208/tools/bin/../lib/gcc/arm-none-eabi/7.3.1/thumb/v7-m/crtn.o
OUTPUT(C21_test.elf elf32-littlearm)

.debug_info     0x0000000000000000     0xb020
 .debug_info    0x0000000000000000      0x19c Core/Src/fonts.o
 .debug_info    0x000000000000019c     0x1000 Core/Src/main.o
 .debug_info    0x000000000000119c      0xb6a Core/Src/st7735.o
 .debug_info    0x0000000000001d06      0x8e6 Core/Src/stm32f1xx_hal_msp.o
 .debug_info    0x00000000000025ec      0x253 Core/Src/stm32f1xx_it.o
 .debug_info    0x000000000000283f      0x43e Core/Src/system_stm32f1xx.o
 .debug_info    0x0000000000002c7d       0x22 Core/Startup/startup_stm32f103c8tx.o
 .debug_info    0x0000000000002c9f      0x714 Drivers/STM32F1xx_HAL_Driver/Src/stm32f1xx_hal.o
 .debug_info    0x00000000000033b3      0xb51 Drivers/STM32F1xx_HAL_Driver/Src/stm32f1xx_hal_cortex.o
 .debug_info    0x0000000000003f04      0x68c Drivers/STM32F1xx_HAL_Driver/Src/stm32f1xx_hal_gpio.o
 .debug_info    0x0000000000004590      0x80f Drivers/STM32F1xx_HAL_Driver/Src/stm32f1xx_hal_rcc.o
 .debug_info    0x0000000000004d9f     0x1545 Drivers/STM32F1xx_HAL_Driver/Src/stm32f1xx_hal_spi.o
 .debug_info    0x00000000000062e4      0x56b FATFS/App/fatfs.o
 .debug_info    0x000000000000684f      0xb8d FATFS/Target/fatfs_sd.o
 .debug_info    0x00000000000073dc      0xc1e FATFS/Target/user_diskio.o
 .debug_info    0x0000000000007ffa      0x4c3 Middlewares/Third_Party/FatFs/src/diskio.o
 .debug_info    0x00000000000084bd     0x2497 Middlewares/Third_Party/FatFs/src/ff.o
 .debug_info    0x000000000000a954      0x461 Middlewares/Third_Party/FatFs/src/ff_gen_drv.o
 .debug_info    0x000000000000adb5      0x26b Middlewares/Third_Party/FatFs/src/option/ccsbcs.o

.debug_abbrev   0x0000000000000000     0x2038
 .debug_abbrev  0x0000000000000000       0xa1 Core/Src/fonts.o
 .debug_abbrev  0x00000000000000a1      0x290 Core/Src/main.o
 .debug_abbrev  0x0000000000000331      0x224 Core/Src/st7735.o
 .debug_abbrev  0x0000000000000555      0x18c Core/Src/stm32f1xx_hal_msp.o
 .debug_abbrev  0x00000000000006e1       0xd7 Core/Src/stm32f1xx_it.o
 .debug_abbrev  0x00000000000007b8      0x134 Core/Src/system_stm32f1xx.o
 .debug_abbrev  0x00000000000008ec       0x12 Core/Startup/startup_stm32f103c8tx.o
 .debug_abbrev  0x00000000000008fe      0x1c7 Drivers/STM32F1xx_HAL_Driver/Src/stm32f1xx_hal.o
 .debug_abbrev  0x0000000000000ac5      0x2d5 Drivers/STM32F1xx_HAL_Driver/Src/stm32f1xx_hal_cortex.o
 .debug_abbrev  0x0000000000000d9a      0x1c0 Drivers/STM32F1xx_HAL_Driver/Src/stm32f1xx_hal_gpio.o
 .debug_abbrev  0x0000000000000f5a      0x243 Drivers/STM32F1xx_HAL_Driver/Src/stm32f1xx_hal_rcc.o
 .debug_abbrev  0x000000000000119d      0x240 Drivers/STM32F1xx_HAL_Driver/Src/stm32f1xx_hal_spi.o
 .debug_abbrev  0x00000000000013dd      0x17d FATFS/App/fatfs.o
 .debug_abbrev  0x000000000000155a      0x262 FATFS/Target/fatfs_sd.o
 .debug_abbrev  0x00000000000017bc      0x1f1 FATFS/Target/user_diskio.o
 .debug_abbrev  0x00000000000019ad      0x16f Middlewares/Third_Party/FatFs/src/diskio.o
 .debug_abbrev  0x0000000000001b1c      0x278 Middlewares/Third_Party/FatFs/src/ff.o
 .debug_abbrev  0x0000000000001d94      0x19c Middlewares/Third_Party/FatFs/src/ff_gen_drv.o
 .debug_abbrev  0x0000000000001f30      0x108 Middlewares/Third_Party/FatFs/src/option/ccsbcs.o

.debug_aranges  0x0000000000000000      0xa40
 .debug_aranges
                0x0000000000000000       0x18 Core/Src/fonts.o
 .debug_aranges
                0x0000000000000018       0x50 Core/Src/main.o
 .debug_aranges
                0x0000000000000068       0x90 Core/Src/st7735.o
 .debug_aranges
                0x00000000000000f8       0x30 Core/Src/stm32f1xx_hal_msp.o
 .debug_aranges
                0x0000000000000128       0x68 Core/Src/stm32f1xx_it.o
 .debug_aranges
                0x0000000000000190       0x28 Core/Src/system_stm32f1xx.o
 .debug_aranges
                0x00000000000001b8       0x28 Core/Startup/startup_stm32f103c8tx.o
 .debug_aranges
                0x00000000000001e0       0xe0 Drivers/STM32F1xx_HAL_Driver/Src/stm32f1xx_hal.o
 .debug_aranges
                0x00000000000002c0      0x100 Drivers/STM32F1xx_HAL_Driver/Src/stm32f1xx_hal_cortex.o
 .debug_aranges
                0x00000000000003c0       0x58 Drivers/STM32F1xx_HAL_Driver/Src/stm32f1xx_hal_gpio.o
 .debug_aranges
                0x0000000000000418       0x90 Drivers/STM32F1xx_HAL_Driver/Src/stm32f1xx_hal_rcc.o
 .debug_aranges
                0x00000000000004a8      0x1d0 Drivers/STM32F1xx_HAL_Driver/Src/stm32f1xx_hal_spi.o
 .debug_aranges
                0x0000000000000678       0x28 FATFS/App/fatfs.o
 .debug_aranges
                0x00000000000006a0       0xa0 FATFS/Target/fatfs_sd.o
 .debug_aranges
                0x0000000000000740       0x40 FATFS/Target/user_diskio.o
 .debug_aranges
                0x0000000000000780       0x48 Middlewares/Third_Party/FatFs/src/diskio.o
 .debug_aranges
                0x00000000000007c8      0x210 Middlewares/Third_Party/FatFs/src/ff.o
 .debug_aranges
                0x00000000000009d8       0x40 Middlewares/Third_Party/FatFs/src/ff_gen_drv.o
 .debug_aranges
                0x0000000000000a18       0x28 Middlewares/Third_Party/FatFs/src/option/ccsbcs.o

.debug_macro    0x0000000000000000    0x14224
 .debug_macro   0x0000000000000000       0x6d Core/Src/fonts.o
 .debug_macro   0x000000000000006d      0xa5a Core/Src/fonts.o
 .debug_macro   0x0000000000000ac7       0x22 Core/Src/fonts.o
 .debug_macro   0x0000000000000ae9       0x8e Core/Src/fonts.o
 .debug_macro   0x0000000000000b77       0x51 Core/Src/fonts.o
 .debug_macro   0x0000000000000bc8       0xef Core/Src/fonts.o
 .debug_macro   0x0000000000000cb7       0x6a Core/Src/fonts.o
 .debug_macro   0x0000000000000d21      0x1df Core/Src/fonts.o
 .debug_macro   0x0000000000000f00      0x203 Core/Src/main.o
 .debug_macro   0x0000000000001103      0x215 Core/Src/main.o
 .debug_macro   0x0000000000001318       0x2e Core/Src/main.o
 .debug_macro   0x0000000000001346       0x22 Core/Src/main.o
 .debug_macro   0x0000000000001368       0x1c Core/Src/main.o
 .debug_macro   0x0000000000001384       0x22 Core/Src/main.o
 .debug_macro   0x00000000000013a6       0xc3 Core/Src/main.o
 .debug_macro   0x0000000000001469      0xd23 Core/Src/main.o
 .debug_macro   0x000000000000218c     0xe09e Core/Src/main.o
 .debug_macro   0x000000000001022a       0x43 Core/Src/main.o
 .debug_macro   0x000000000001026d      0x174 Core/Src/main.o
 .debug_macro   0x00000000000103e1       0x5a Core/Src/main.o
 .debug_macro   0x000000000001043b      0x5be Core/Src/main.o
 .debug_macro   0x00000000000109f9      0x289 Core/Src/main.o
 .debug_macro   0x0000000000010c82      0x1cb Core/Src/main.o
 .debug_macro   0x0000000000010e4d      0x114 Core/Src/main.o
 .debug_macro   0x0000000000010f61      0x1b2 Core/Src/main.o
 .debug_macro   0x0000000000011113       0x27 Core/Src/main.o
 .debug_macro   0x000000000001113a      0x136 Core/Src/main.o
 .debug_macro   0x0000000000011270      0x1bc Core/Src/main.o
 .debug_macro   0x000000000001142c       0x34 Core/Src/main.o
 .debug_macro   0x0000000000011460       0x3c Core/Src/main.o
 .debug_macro   0x000000000001149c       0x57 Core/Src/main.o
 .debug_macro   0x00000000000114f3       0x88 Core/Src/main.o
 .debug_macro   0x000000000001157b      0x241 Core/Src/main.o
 .debug_macro   0x00000000000117bc      0x141 Core/Src/main.o
 .debug_macro   0x00000000000118fd      0x217 Core/Src/main.o
 .debug_macro   0x0000000000011b14       0x83 Core/Src/main.o
 .debug_macro   0x0000000000011b97       0x34 Core/Src/main.o
 .debug_macro   0x0000000000011bcb       0xde Core/Src/main.o
 .debug_macro   0x0000000000011ca9       0xf5 Core/Src/main.o
 .debug_macro   0x0000000000011d9e       0x8e Core/Src/main.o
 .debug_macro   0x0000000000011e2c       0x22 Core/Src/main.o
 .debug_macro   0x0000000000011e4e      0x1be Core/Src/main.o
 .debug_macro   0x000000000001200c      0x1ad Core/Src/st7735.o
 .debug_macro   0x00000000000121b9      0x194 Core/Src/stm32f1xx_hal_msp.o
 .debug_macro   0x000000000001234d      0x19e Core/Src/stm32f1xx_it.o
 .debug_macro   0x00000000000124eb      0x18b Core/Src/system_stm32f1xx.o
 .debug_macro   0x0000000000012676      0x1a9 Drivers/STM32F1xx_HAL_Driver/Src/stm32f1xx_hal.o
 .debug_macro   0x000000000001281f      0x185 Drivers/STM32F1xx_HAL_Driver/Src/stm32f1xx_hal_cortex.o
 .debug_macro   0x00000000000129a4      0x1f0 Drivers/STM32F1xx_HAL_Driver/Src/stm32f1xx_hal_gpio.o
 .debug_macro   0x0000000000012b94      0x197 Drivers/STM32F1xx_HAL_Driver/Src/stm32f1xx_hal_rcc.o
 .debug_macro   0x0000000000012d2b      0x18d Drivers/STM32F1xx_HAL_Driver/Src/stm32f1xx_hal_spi.o
 .debug_macro   0x0000000000012eb8      0x1e7 FATFS/App/fatfs.o
 .debug_macro   0x000000000001309f       0xd8 FATFS/App/fatfs.o
 .debug_macro   0x0000000000013177      0x1c1 FATFS/Target/fatfs_sd.o
 .debug_macro   0x0000000000013338       0x16 FATFS/Target/fatfs_sd.o
 .debug_macro   0x000000000001334e       0x7c FATFS/Target/fatfs_sd.o
 .debug_macro   0x00000000000133ca       0x6a FATFS/Target/fatfs_sd.o
 .debug_macro   0x0000000000013434       0x3a FATFS/Target/fatfs_sd.o
 .debug_macro   0x000000000001346e      0x298 FATFS/Target/user_diskio.o
 .debug_macro   0x0000000000013706       0x10 FATFS/Target/user_diskio.o
 .debug_macro   0x0000000000013716       0x20 FATFS/Target/user_diskio.o
 .debug_macro   0x0000000000013736       0xbd FATFS/Target/user_diskio.o
 .debug_macro   0x00000000000137f3       0x54 FATFS/Target/user_diskio.o
 .debug_macro   0x0000000000013847      0x1d4 Middlewares/Third_Party/FatFs/src/diskio.o
 .debug_macro   0x0000000000013a1b      0x41b Middlewares/Third_Party/FatFs/src/ff.o
 .debug_macro   0x0000000000013e36       0x58 Middlewares/Third_Party/FatFs/src/ff.o
 .debug_macro   0x0000000000013e8e      0x1d4 Middlewares/Third_Party/FatFs/src/ff_gen_drv.o
 .debug_macro   0x0000000000014062      0x1c2 Middlewares/Third_Party/FatFs/src/option/ccsbcs.o

.debug_line     0x0000000000000000     0x9edb
 .debug_line    0x0000000000000000      0x37e Core/Src/fonts.o
 .debug_line    0x000000000000037e      0x811 Core/Src/main.o
 .debug_line    0x0000000000000b8f      0x7e2 Core/Src/st7735.o
 .debug_line    0x0000000000001371      0x643 Core/Src/stm32f1xx_hal_msp.o
 .debug_line    0x00000000000019b4      0x6b4 Core/Src/stm32f1xx_it.o
 .debug_line    0x0000000000002068      0x629 Core/Src/system_stm32f1xx.o
 .debug_line    0x0000000000002691       0x84 Core/Startup/startup_stm32f103c8tx.o
 .debug_line    0x0000000000002715      0x7d3 Drivers/STM32F1xx_HAL_Driver/Src/stm32f1xx_hal.o
 .debug_line    0x0000000000002ee8      0x8aa Drivers/STM32F1xx_HAL_Driver/Src/stm32f1xx_hal_cortex.o
 .debug_line    0x0000000000003792      0x7d1 Drivers/STM32F1xx_HAL_Driver/Src/stm32f1xx_hal_gpio.o
 .debug_line    0x0000000000003f63      0x893 Drivers/STM32F1xx_HAL_Driver/Src/stm32f1xx_hal_rcc.o
 .debug_line    0x00000000000047f6      0xf9f Drivers/STM32F1xx_HAL_Driver/Src/stm32f1xx_hal_spi.o
 .debug_line    0x0000000000005795      0x68a FATFS/App/fatfs.o
 .debug_line    0x0000000000005e1f      0x967 FATFS/Target/fatfs_sd.o
 .debug_line    0x0000000000006786      0x7fe FATFS/Target/user_diskio.o
 .debug_line    0x0000000000006f84      0x6b4 Middlewares/Third_Party/FatFs/src/diskio.o
 .debug_line    0x0000000000007638     0x1b2b Middlewares/Third_Party/FatFs/src/ff.o
 .debug_line    0x0000000000009163      0x6b3 Middlewares/Third_Party/FatFs/src/ff_gen_drv.o
 .debug_line    0x0000000000009816      0x6c5 Middlewares/Third_Party/FatFs/src/option/ccsbcs.o

.debug_str      0x0000000000000000    0x6abb8
 .debug_str     0x0000000000000000     0x3ae2 Core/Src/fonts.o
                                       0x3c58 (size before relaxing)
 .debug_str     0x0000000000003ae2    0x6194c Core/Src/main.o
                                      0x6577c (size before relaxing)
 .debug_str     0x000000000006542e      0x187 Core/Src/st7735.o
                                      0x64ba6 (size before relaxing)
 .debug_str     0x00000000000655b5       0x81 Core/Src/stm32f1xx_hal_msp.o
                                      0x6455b (size before relaxing)
 .debug_str     0x0000000000065636       0xe4 Core/Src/stm32f1xx_it.o
                                      0x64174 (size before relaxing)
 .debug_str     0x000000000006571a       0xc2 Core/Src/system_stm32f1xx.o
                                      0x640ea (size before relaxing)
 .debug_str     0x00000000000657dc       0x36 Core/Startup/startup_stm32f103c8tx.o
                                         0x71 (size before relaxing)
 .debug_str     0x0000000000065812      0x62f Drivers/STM32F1xx_HAL_Driver/Src/stm32f1xx_hal.o
                                      0x64701 (size before relaxing)
 .debug_str     0x0000000000065e41      0x2c8 Drivers/STM32F1xx_HAL_Driver/Src/stm32f1xx_hal_cortex.o
                                      0x64709 (size before relaxing)
 .debug_str     0x0000000000066109      0x324 Drivers/STM32F1xx_HAL_Driver/Src/stm32f1xx_hal_gpio.o
                                      0x64434 (size before relaxing)
 .debug_str     0x000000000006642d      0x263 Drivers/STM32F1xx_HAL_Driver/Src/stm32f1xx_hal_rcc.o
                                      0x6446d (size before relaxing)
 .debug_str     0x0000000000066690      0x52f Drivers/STM32F1xx_HAL_Driver/Src/stm32f1xx_hal_spi.o
                                      0x6495b (size before relaxing)
 .debug_str     0x0000000000066bbf       0x2f FATFS/App/fatfs.o
                                      0x649df (size before relaxing)
 .debug_str     0x0000000000066bee      0x250 FATFS/Target/fatfs_sd.o
                                      0x648ce (size before relaxing)
 .debug_str     0x0000000000066e3e     0x2f61 FATFS/Target/user_diskio.o
                                      0x6799e (size before relaxing)
 .debug_str     0x0000000000069d9f       0x52 Middlewares/Third_Party/FatFs/src/diskio.o
                                      0x64916 (size before relaxing)
 .debug_str     0x0000000000069df1      0xcbb Middlewares/Third_Party/FatFs/src/ff.o
                                      0x6577f (size before relaxing)
 .debug_str     0x000000000006aaac       0xa2 Middlewares/Third_Party/FatFs/src/ff_gen_drv.o
                                      0x64967 (size before relaxing)
 .debug_str     0x000000000006ab4e       0x6a Middlewares/Third_Party/FatFs/src/option/ccsbcs.o
                                      0x64707 (size before relaxing)

.comment        0x0000000000000000       0x7b
 .comment       0x0000000000000000       0x7b Core/Src/fonts.o
                                         0x7c (size before relaxing)
 .comment       0x000000000000007b       0x7c Core/Src/main.o
 .comment       0x000000000000007b       0x7c Core/Src/st7735.o
 .comment       0x000000000000007b       0x7c Core/Src/stm32f1xx_hal_msp.o
 .comment       0x000000000000007b       0x7c Core/Src/stm32f1xx_it.o
 .comment       0x000000000000007b       0x7c Core/Src/system_stm32f1xx.o
 .comment       0x000000000000007b       0x7c Drivers/STM32F1xx_HAL_Driver/Src/stm32f1xx_hal.o
 .comment       0x000000000000007b       0x7c Drivers/STM32F1xx_HAL_Driver/Src/stm32f1xx_hal_cortex.o
 .comment       0x000000000000007b       0x7c Drivers/STM32F1xx_HAL_Driver/Src/stm32f1xx_hal_gpio.o
 .comment       0x000000000000007b       0x7c Drivers/STM32F1xx_HAL_Driver/Src/stm32f1xx_hal_rcc.o
 .comment       0x000000000000007b       0x7c Drivers/STM32F1xx_HAL_Driver/Src/stm32f1xx_hal_spi.o
 .comment       0x000000000000007b       0x7c FATFS/App/fatfs.o
 .comment       0x000000000000007b       0x7c FATFS/Target/fatfs_sd.o
 .comment       0x000000000000007b       0x7c FATFS/Target/user_diskio.o
 .comment       0x000000000000007b       0x7c Middlewares/Third_Party/FatFs/src/diskio.o
 .comment       0x000000000000007b       0x7c Middlewares/Third_Party/FatFs/src/ff.o
 .comment       0x000000000000007b       0x7c Middlewares/Third_Party/FatFs/src/ff_gen_drv.o
 .comment       0x000000000000007b       0x7c Middlewares/Third_Party/FatFs/src/option/ccsbcs.o

.debug_ranges   0x0000000000000000      0x910
 .debug_ranges  0x0000000000000000       0x40 Core/Src/main.o
 .debug_ranges  0x0000000000000040       0x80 Core/Src/st7735.o
 .debug_ranges  0x00000000000000c0       0x20 Core/Src/stm32f1xx_hal_msp.o
 .debug_ranges  0x00000000000000e0       0x58 Core/Src/stm32f1xx_it.o
 .debug_ranges  0x0000000000000138       0x18 Core/Src/system_stm32f1xx.o
 .debug_ranges  0x0000000000000150       0x20 Core/Startup/startup_stm32f103c8tx.o
 .debug_ranges  0x0000000000000170       0xd0 Drivers/STM32F1xx_HAL_Driver/Src/stm32f1xx_hal.o
 .debug_ranges  0x0000000000000240       0xf0 Drivers/STM32F1xx_HAL_Driver/Src/stm32f1xx_hal_cortex.o
 .debug_ranges  0x0000000000000330       0x48 Drivers/STM32F1xx_HAL_Driver/Src/stm32f1xx_hal_gpio.o
 .debug_ranges  0x0000000000000378       0x80 Drivers/STM32F1xx_HAL_Driver/Src/stm32f1xx_hal_rcc.o
 .debug_ranges  0x00000000000003f8      0x1c0 Drivers/STM32F1xx_HAL_Driver/Src/stm32f1xx_hal_spi.o
 .debug_ranges  0x00000000000005b8       0x18 FATFS/App/fatfs.o
 .debug_ranges  0x00000000000005d0       0x90 FATFS/Target/fatfs_sd.o
 .debug_ranges  0x0000000000000660       0x30 FATFS/Target/user_diskio.o
 .debug_ranges  0x0000000000000690       0x38 Middlewares/Third_Party/FatFs/src/diskio.o
 .debug_ranges  0x00000000000006c8      0x200 Middlewares/Third_Party/FatFs/src/ff.o
 .debug_ranges  0x00000000000008c8       0x30 Middlewares/Third_Party/FatFs/src/ff_gen_drv.o
 .debug_ranges  0x00000000000008f8       0x18 Middlewares/Third_Party/FatFs/src/option/ccsbcs.o

.debug_frame    0x0000000000000000     0x2778
 .debug_frame   0x0000000000000000      0x100 Core/Src/main.o
 .debug_frame   0x0000000000000100      0x234 Core/Src/st7735.o
 .debug_frame   0x0000000000000334       0x80 Core/Src/stm32f1xx_hal_msp.o
 .debug_frame   0x00000000000003b4      0x12c Core/Src/stm32f1xx_it.o
 .debug_frame   0x00000000000004e0       0x58 Core/Src/system_stm32f1xx.o
 .debug_frame   0x0000000000000538      0x334 Drivers/STM32F1xx_HAL_Driver/Src/stm32f1xx_hal.o
 .debug_frame   0x000000000000086c      0x428 Drivers/STM32F1xx_HAL_Driver/Src/stm32f1xx_hal_cortex.o
 .debug_frame   0x0000000000000c94      0x14c Drivers/STM32F1xx_HAL_Driver/Src/stm32f1xx_hal_gpio.o
 .debug_frame   0x0000000000000de0      0x21c Drivers/STM32F1xx_HAL_Driver/Src/stm32f1xx_hal_rcc.o
 .debug_frame   0x0000000000000ffc      0x824 Drivers/STM32F1xx_HAL_Driver/Src/stm32f1xx_hal_spi.o
 .debug_frame   0x0000000000001820       0x4c FATFS/App/fatfs.o
 .debug_frame   0x000000000000186c      0x268 FATFS/Target/fatfs_sd.o
 .debug_frame   0x0000000000001ad4       0xc4 FATFS/Target/user_diskio.o
 .debug_frame   0x0000000000001b98       0xec Middlewares/Third_Party/FatFs/src/diskio.o
 .debug_frame   0x0000000000001c84      0x980 Middlewares/Third_Party/FatFs/src/ff.o
 .debug_frame   0x0000000000002604       0xc8 Middlewares/Third_Party/FatFs/src/ff_gen_drv.o
 .debug_frame   0x00000000000026cc       0x60 Middlewares/Third_Party/FatFs/src/option/ccsbcs.o
 .debug_frame   0x000000000000272c       0x2c d:/stm32cubeide_1.4.0/stm32cubeide/plugins/com.st.stm32cube.ide.mcu.externaltools.gnu-tools-for-stm32.7-2018-q2-update.win32_1.4.0.202007081208/tools/bin/../lib/gcc/arm-none-eabi/7.3.1/../../../../arm-none-eabi/lib/thumb/v7-m\libc_nano.a(lib_a-init.o)
 .debug_frame   0x0000000000002758       0x20 d:/stm32cubeide_1.4.0/stm32cubeide/plugins/com.st.stm32cube.ide.mcu.externaltools.gnu-tools-for-stm32.7-2018-q2-update.win32_1.4.0.202007081208/tools/bin/../lib/gcc/arm-none-eabi/7.3.1/../../../../arm-none-eabi/lib/thumb/v7-m\libc_nano.a(lib_a-memset.o)
