fatfs_sd.c:32:13:SPI_TxByte	16	static
fatfs_sd.c:39:16:SPI_RxByte	24	static
fatfs_sd.c:76:13:SD_PowerOn	24	static
fatfs_sd.c:58:16:SD_ReadyWait	8	static
fatfs_sd.c:164:13:SD_TxDataBlock	16	static
fatfs_sd.c:215:13:SD_SendCmd.part.0	16	static
fatfs_sd.c:215:13:SD_SendCmd	16	static
fatfs_sd.c:132:13:SD_RxDataBlock	16	static
fatfs_sd.c:261:9:SD_disk_initialize	32	static
fatfs_sd.c:364:9:SD_disk_status	0	static
fatfs_sd.c:373:9:SD_disk_read	16	static
fatfs_sd.c:417:9:SD_disk_write	24	static
fatfs_sd.c:472:9:SD_disk_ioctl	40	static
