Archive member included to satisfy reference by file (symbol)

c:/st/stm32cubeide_1.4.0/stm32cubeide/plugins/com.st.stm32cube.ide.mcu.externaltools.gnu-tools-for-stm32.7-2018-q2-update.win32_1.4.0.202007081208/tools/bin/../lib/gcc/arm-none-eabi/7.3.1/../../../../arm-none-eabi/lib/thumb/v7-m\libc_nano.a(lib_a-errno.o)
                              Core/Src/syscalls.o (__errno)
c:/st/stm32cubeide_1.4.0/stm32cubeide/plugins/com.st.stm32cube.ide.mcu.externaltools.gnu-tools-for-stm32.7-2018-q2-update.win32_1.4.0.202007081208/tools/bin/../lib/gcc/arm-none-eabi/7.3.1/../../../../arm-none-eabi/lib/thumb/v7-m\libc_nano.a(lib_a-exit.o)
                              c:/st/stm32cubeide_1.4.0/stm32cubeide/plugins/com.st.stm32cube.ide.mcu.externaltools.gnu-tools-for-stm32.7-2018-q2-update.win32_1.4.0.202007081208/tools/bin/../lib/gcc/arm-none-eabi/7.3.1/../../../../arm-none-eabi/lib/thumb/v7-m/crt0.o (exit)
c:/st/stm32cubeide_1.4.0/stm32cubeide/plugins/com.st.stm32cube.ide.mcu.externaltools.gnu-tools-for-stm32.7-2018-q2-update.win32_1.4.0.202007081208/tools/bin/../lib/gcc/arm-none-eabi/7.3.1/../../../../arm-none-eabi/lib/thumb/v7-m\libc_nano.a(lib_a-impure.o)
                              c:/st/stm32cubeide_1.4.0/stm32cubeide/plugins/com.st.stm32cube.ide.mcu.externaltools.gnu-tools-for-stm32.7-2018-q2-update.win32_1.4.0.202007081208/tools/bin/../lib/gcc/arm-none-eabi/7.3.1/../../../../arm-none-eabi/lib/thumb/v7-m\libc_nano.a(lib_a-exit.o) (_global_impure_ptr)
c:/st/stm32cubeide_1.4.0/stm32cubeide/plugins/com.st.stm32cube.ide.mcu.externaltools.gnu-tools-for-stm32.7-2018-q2-update.win32_1.4.0.202007081208/tools/bin/../lib/gcc/arm-none-eabi/7.3.1/../../../../arm-none-eabi/lib/thumb/v7-m\libc_nano.a(lib_a-init.o)
                              c:/st/stm32cubeide_1.4.0/stm32cubeide/plugins/com.st.stm32cube.ide.mcu.externaltools.gnu-tools-for-stm32.7-2018-q2-update.win32_1.4.0.202007081208/tools/bin/../lib/gcc/arm-none-eabi/7.3.1/../../../../arm-none-eabi/lib/thumb/v7-m/crt0.o (__libc_init_array)
c:/st/stm32cubeide_1.4.0/stm32cubeide/plugins/com.st.stm32cube.ide.mcu.externaltools.gnu-tools-for-stm32.7-2018-q2-update.win32_1.4.0.202007081208/tools/bin/../lib/gcc/arm-none-eabi/7.3.1/../../../../arm-none-eabi/lib/thumb/v7-m\libc_nano.a(lib_a-memset.o)
                              c:/st/stm32cubeide_1.4.0/stm32cubeide/plugins/com.st.stm32cube.ide.mcu.externaltools.gnu-tools-for-stm32.7-2018-q2-update.win32_1.4.0.202007081208/tools/bin/../lib/gcc/arm-none-eabi/7.3.1/../../../../arm-none-eabi/lib/thumb/v7-m/crt0.o (memset)

Allocating common symbols
Common symbol       size              file

fre_clust           0x4               Core/Src/main.o
USERPath            0x4               FATFS/App/fatfs.o
hspi2               0x58              Core/Src/main.o
fs                  0x1030            Core/Src/main.o
uwTick              0x4               Drivers/STM32F1xx_HAL_Driver/Src/stm32f1xx_hal.o
pFlash              0x20              Drivers/STM32F1xx_HAL_Driver/Src/stm32f1xx_hal_flash.o
buffer              0x64              Core/Src/main.o
retUSER             0x1               FATFS/App/fatfs.o
Timer2              0x1               Core/Src/stm32f1xx_it.o
pfs                 0x4               Core/Src/main.o
hspi1               0x58              Core/Src/main.o
huart2              0x40              Core/Src/main.o
hdma_spi1_rx        0x44              Core/Src/main.o
total               0x4               Core/Src/main.o
hdma_spi2_tx        0x44              Core/Src/main.o
fres                0x1               Core/Src/main.o
hpcd_USB_FS         0x26c             Core/Src/main.o
Timer1              0x1               Core/Src/stm32f1xx_it.o
fil                 0x2c              Core/Src/main.o
hdma_spi1_tx        0x44              Core/Src/main.o
USERFile            0x2c              FATFS/App/fatfs.o
USERFatFS           0x1030            FATFS/App/fatfs.o
free                0x4               Core/Src/main.o

Discarded input sections

 .text          0x0000000000000000        0x0 c:/st/stm32cubeide_1.4.0/stm32cubeide/plugins/com.st.stm32cube.ide.mcu.externaltools.gnu-tools-for-stm32.7-2018-q2-update.win32_1.4.0.202007081208/tools/bin/../lib/gcc/arm-none-eabi/7.3.1/thumb/v7-m/crti.o
 .data          0x0000000000000000        0x0 c:/st/stm32cubeide_1.4.0/stm32cubeide/plugins/com.st.stm32cube.ide.mcu.externaltools.gnu-tools-for-stm32.7-2018-q2-update.win32_1.4.0.202007081208/tools/bin/../lib/gcc/arm-none-eabi/7.3.1/thumb/v7-m/crti.o
 .bss           0x0000000000000000        0x0 c:/st/stm32cubeide_1.4.0/stm32cubeide/plugins/com.st.stm32cube.ide.mcu.externaltools.gnu-tools-for-stm32.7-2018-q2-update.win32_1.4.0.202007081208/tools/bin/../lib/gcc/arm-none-eabi/7.3.1/thumb/v7-m/crti.o
 .data          0x0000000000000000        0x4 c:/st/stm32cubeide_1.4.0/stm32cubeide/plugins/com.st.stm32cube.ide.mcu.externaltools.gnu-tools-for-stm32.7-2018-q2-update.win32_1.4.0.202007081208/tools/bin/../lib/gcc/arm-none-eabi/7.3.1/thumb/v7-m/crtbegin.o
[...]
Memory Configuration

Name             Origin             Length             Attributes
RAM              0x0000000020000000 0x0000000000005000 xrw
FLASH            0x0000000008000000 0x0000000000010000 xr
*default*        0x0000000000000000 0xffffffffffffffff

Linker script and memory map

LOAD c:/st/stm32cubeide_1.4.0/stm32cubeide/plugins/com.st.stm32cube.ide.mcu.externaltools.gnu-tools-for-stm32.7-2018-q2-update.win32_1.4.0.202007081208/tools/bin/../lib/gcc/arm-none-eabi/7.3.1/thumb/v7-m/crti.o
LOAD c:/st/stm32cubeide_1.4.0/stm32cubeide/plugins/com.st.stm32cube.ide.mcu.externaltools.gnu-tools-for-stm32.7-2018-q2-update.win32_1.4.0.202007081208/tools/bin/../lib/gcc/arm-none-eabi/7.3.1/thumb/v7-m/crtbegin.o
LOAD c:/st/stm32cubeide_1.4.0/stm32cubeide/plugins/com.st.stm32cube.ide.mcu.externaltools.gnu-tools-for-stm32.7-2018-q2-update.win32_1.4.0.202007081208/tools/bin/../lib/gcc/arm-none-eabi/7.3.1/../../../../arm-none-eabi/lib/thumb/v7-m/crt0.o
LOAD Core/Src/main.o
LOAD Core/Src/stm32f1xx_hal_msp.o
LOAD Core/Src/stm32f1xx_it.o
LOAD Core/Src/syscalls.o
LOAD Core/Src/sysmem.o
LOAD Core/Src/system_stm32f1xx.o
LOAD Core/Startup/startup_stm32f103c8tx.o
LOAD Drivers/STM32F1xx_HAL_Driver/Src/stm32f1xx_hal.o
LOAD Drivers/STM32F1xx_HAL_Driver/Src/stm32f1xx_hal_cortex.o
LOAD Drivers/STM32F1xx_HAL_Driver/Src/stm32f1xx_hal_dma.o
LOAD Drivers/STM32F1xx_HAL_Driver/Src/stm32f1xx_hal_exti.o
LOAD Drivers/STM32F1xx_HAL_Driver/Src/stm32f1xx_hal_flash.o
LOAD Drivers/STM32F1xx_HAL_Driver/Src/stm32f1xx_hal_flash_ex.o
LOAD Drivers/STM32F1xx_HAL_Driver/Src/stm32f1xx_hal_gpio.o
LOAD Drivers/STM32F1xx_HAL_Driver/Src/stm32f1xx_hal_gpio_ex.o
LOAD Drivers/STM32F1xx_HAL_Driver/Src/stm32f1xx_hal_pcd.o
LOAD Drivers/STM32F1xx_HAL_Driver/Src/stm32f1xx_hal_pcd_ex.o
LOAD Drivers/STM32F1xx_HAL_Driver/Src/stm32f1xx_hal_pwr.o
LOAD Drivers/STM32F1xx_HAL_Driver/Src/stm32f1xx_hal_rcc.o
LOAD Drivers/STM32F1xx_HAL_Driver/Src/stm32f1xx_hal_rcc_ex.o
LOAD Drivers/STM32F1xx_HAL_Driver/Src/stm32f1xx_hal_spi.o
LOAD Drivers/STM32F1xx_HAL_Driver/Src/stm32f1xx_hal_tim.o
LOAD Drivers/STM32F1xx_HAL_Driver/Src/stm32f1xx_hal_tim_ex.o
LOAD Drivers/STM32F1xx_HAL_Driver/Src/stm32f1xx_hal_uart.o
LOAD Drivers/STM32F1xx_HAL_Driver/Src/stm32f1xx_ll_usb.o
LOAD FATFS/App/fatfs.o
LOAD FATFS/Target/fatfs_sd.o
LOAD FATFS/Target/user_diskio.o
LOAD Middlewares/Third_Party/FatFs/src/diskio.o
LOAD Middlewares/Third_Party/FatFs/src/ff.o
LOAD Middlewares/Third_Party/FatFs/src/ff_gen_drv.o
LOAD Middlewares/Third_Party/FatFs/src/option/ccsbcs.o
LOAD Middlewares/Third_Party/FatFs/src/option/syscall.o
START GROUP
LOAD c:/st/stm32cubeide_1.4.0/stm32cubeide/plugins/com.st.stm32cube.ide.mcu.externaltools.gnu-tools-for-stm32.7-2018-q2-update.win32_1.4.0.202007081208/tools/bin/../lib/gcc/arm-none-eabi/7.3.1/../../../../arm-none-eabi/lib/thumb/v7-m\libc_nano.a
LOAD c:/st/stm32cubeide_1.4.0/stm32cubeide/plugins/com.st.stm32cube.ide.mcu.externaltools.gnu-tools-for-stm32.7-2018-q2-update.win32_1.4.0.202007081208/tools/bin/../lib/gcc/arm-none-eabi/7.3.1/../../../../arm-none-eabi/lib/thumb/v7-m\libm.a
END GROUP
START GROUP
LOAD c:/st/stm32cubeide_1.4.0/stm32cubeide/plugins/com.st.stm32cube.ide.mcu.externaltools.gnu-tools-for-stm32.7-2018-q2-update.win32_1.4.0.202007081208/tools/bin/../lib/gcc/arm-none-eabi/7.3.1/thumb/v7-m\libgcc.a
LOAD c:/st/stm32cubeide_1.4.0/stm32cubeide/plugins/com.st.stm32cube.ide.mcu.externaltools.gnu-tools-for-stm32.7-2018-q2-update.win32_1.4.0.202007081208/tools/bin/../lib/gcc/arm-none-eabi/7.3.1/../../../../arm-none-eabi/lib/thumb/v7-m\libc_nano.a
END GROUP
START GROUP
LOAD c:/st/stm32cubeide_1.4.0/stm32cubeide/plugins/com.st.stm32cube.ide.mcu.externaltools.gnu-tools-for-stm32.7-2018-q2-update.win32_1.4.0.202007081208/tools/bin/../lib/gcc/arm-none-eabi/7.3.1/thumb/v7-m\libgcc.a
LOAD c:/st/stm32cubeide_1.4.0/stm32cubeide/plugins/com.st.stm32cube.ide.mcu.externaltools.gnu-tools-for-stm32.7-2018-q2-update.win32_1.4.0.202007081208/tools/bin/../lib/gcc/arm-none-eabi/7.3.1/../../../../arm-none-eabi/lib/thumb/v7-m\libc_nano.a
LOAD c:/st/stm32cubeide_1.4.0/stm32cubeide/plugins/com.st.stm32cube.ide.mcu.externaltools.gnu-tools-for-stm32.7-2018-q2-update.win32_1.4.0.202007081208/tools/bin/../lib/gcc/arm-none-eabi/7.3.1/../../../../arm-none-eabi/lib/thumb/v7-m\libnosys.a
END GROUP
START GROUP
LOAD c:/st/stm32cubeide_1.4.0/stm32cubeide/plugins/com.st.stm32cube.ide.mcu.externaltools.gnu-tools-for-stm32.7-2018-q2-update.win32_1.4.0.202007081208/tools/bin/../lib/gcc/arm-none-eabi/7.3.1/thumb/v7-m\libgcc.a
LOAD c:/st/stm32cubeide_1.4.0/stm32cubeide/plugins/com.st.stm32cube.ide.mcu.externaltools.gnu-tools-for-stm32.7-2018-q2-update.win32_1.4.0.202007081208/tools/bin/../lib/gcc/arm-none-eabi/7.3.1/../../../../arm-none-eabi/lib/thumb/v7-m\libc_nano.a
LOAD c:/st/stm32cubeide_1.4.0/stm32cubeide/plugins/com.st.stm32cube.ide.mcu.externaltools.gnu-tools-for-stm32.7-2018-q2-update.win32_1.4.0.202007081208/tools/bin/../lib/gcc/arm-none-eabi/7.3.1/../../../../arm-none-eabi/lib/thumb/v7-m\libnosys.a
END GROUP
LOAD c:/st/stm32cubeide_1.4.0/stm32cubeide/plugins/com.st.stm32cube.ide.mcu.externaltools.gnu-tools-for-stm32.7-2018-q2-update.win32_1.4.0.202007081208/tools/bin/../lib/gcc/arm-none-eabi/7.3.1/thumb/v7-m/crtend.o
LOAD c:/st/stm32cubeide_1.4.0/stm32cubeide/plugins/com.st.stm32cube.ide.mcu.externaltools.gnu-tools-for-stm32.7-2018-q2-update.win32_1.4.0.202007081208/tools/bin/../lib/gcc/arm-none-eabi/7.3.1/thumb/v7-m/crtn.o
                0x0000000020005000                _estack = (ORIGIN (RAM) + LENGTH (RAM))
                0x0000000000000200                _Min_Heap_Size = 0x200
                0x0000000000000400                _Min_Stack_Size = 0x400

.isr_vector     0x0000000008000000      0x10c
                0x0000000008000000                . = ALIGN (0x4)
 *(.isr_vector)
 .isr_vector    0x0000000008000000      0x10c Core/Startup/startup_stm32f103c8tx.o
                0x0000000008000000                g_pfnVectors
                0x000000000800010c                . = ALIGN (0x4)

.text           0x000000000800010c     0x6678
                0x000000000800010c                . = ALIGN (0x4)
 *(.text)
 .text          0x000000000800010c       0x40 c:/st/stm32cubeide_1.4.0/stm32cubeide/plugins/com.st.stm32cube.ide.mcu.externaltools.gnu-tools-for-stm32.7-2018-q2-update.win32_1.4.0.202007081208/tools/bin/../lib/gcc/arm-none-eabi/7.3.1/thumb/v7-m/crtbegin.o
 *(.text*)
 .text.main     0x000000000800014c      0x260 Core/Src/main.o
                0x000000000800014c                main
 .text.SystemClock_Config
                0x00000000080003ac       0xb4 Core/Src/main.o
                0x00000000080003ac                SystemClock_Config
 .text.MX_SPI1_Init
                0x0000000008000460       0x6c Core/Src/main.o
 .text.MX_SPI2_Init
                0x00000000080004cc       0x6c Core/Src/main.o
 .text.MX_USART2_UART_Init
                0x0000000008000538       0x54 Core/Src/main.o
 .text.MX_USB_PCD_Init
                0x000000000800058c       0x44 Core/Src/main.o
 .text.MX_DMA_Init
                0x00000000080005d0       0x5c Core/Src/main.o
 .text.MX_GPIO_Init
                0x000000000800062c       0xc4 Core/Src/main.o
 .text.Error_Handler
                0x00000000080006f0        0xc Core/Src/main.o
                0x00000000080006f0                Error_Handler
 .text.HAL_MspInit
                0x00000000080006fc       0x64 Core/Src/stm32f1xx_hal_msp.o
                0x00000000080006fc                HAL_MspInit
 .text.HAL_SPI_MspInit
                0x0000000008000760      0x22c Core/Src/stm32f1xx_hal_msp.o
                0x0000000008000760                HAL_SPI_MspInit
 .text.HAL_UART_MspInit
                0x000000000800098c       0x94 Core/Src/stm32f1xx_hal_msp.o
                0x000000000800098c                HAL_UART_MspInit
 .text.HAL_PCD_MspInit
                0x0000000008000a20       0x3c Core/Src/stm32f1xx_hal_msp.o
                0x0000000008000a20                HAL_PCD_MspInit
 .text.SDTimer_Handler
                0x0000000008000a5c       0x44 Core/Src/stm32f1xx_it.o
                0x0000000008000a5c                SDTimer_Handler
 .text.NMI_Handler
                0x0000000008000aa0        0xc Core/Src/stm32f1xx_it.o
                0x0000000008000aa0                NMI_Handler
 .text.HardFault_Handler
                0x0000000008000aac        0x6 Core/Src/stm32f1xx_it.o
                0x0000000008000aac                HardFault_Handler
 .text.MemManage_Handler
                0x0000000008000ab2        0x6 Core/Src/stm32f1xx_it.o
                0x0000000008000ab2                MemManage_Handler
 .text.BusFault_Handler
                0x0000000008000ab8        0x6 Core/Src/stm32f1xx_it.o
                0x0000000008000ab8                BusFault_Handler
 .text.UsageFault_Handler
                0x0000000008000abe        0x6 Core/Src/stm32f1xx_it.o
                0x0000000008000abe                UsageFault_Handler
 .text.SVC_Handler
                0x0000000008000ac4        0xc Core/Src/stm32f1xx_it.o
                0x0000000008000ac4                SVC_Handler
 .text.DebugMon_Handler
                0x0000000008000ad0        0xc Core/Src/stm32f1xx_it.o
                0x0000000008000ad0                DebugMon_Handler
 .text.PendSV_Handler
                0x0000000008000adc        0xc Core/Src/stm32f1xx_it.o
                0x0000000008000adc                PendSV_Handler
 .text.SysTick_Handler
                0x0000000008000ae8       0x34 Core/Src/stm32f1xx_it.o
                0x0000000008000ae8                SysTick_Handler
 .text.DMA1_Channel2_IRQHandler
                0x0000000008000b1c       0x14 Core/Src/stm32f1xx_it.o
                0x0000000008000b1c                DMA1_Channel2_IRQHandler
 .text.DMA1_Channel3_IRQHandler
                0x0000000008000b30       0x14 Core/Src/stm32f1xx_it.o
                0x0000000008000b30                DMA1_Channel3_IRQHandler
 .text.DMA1_Channel5_IRQHandler
                0x0000000008000b44       0x14 Core/Src/stm32f1xx_it.o
                0x0000000008000b44                DMA1_Channel5_IRQHandler
 .text.SystemInit
                0x0000000008000b58       0x68 Core/Src/system_stm32f1xx.o
                0x0000000008000b58                SystemInit
 .text.Reset_Handler
                0x0000000008000bc0       0x48 Core/Startup/startup_stm32f103c8tx.o
                0x0000000008000bc0                Reset_Handler
 .text.Default_Handler
                0x0000000008000c08        0x2 Core/Startup/startup_stm32f103c8tx.o
                0x0000000008000c08                RTC_Alarm_IRQHandler
                0x0000000008000c08                EXTI2_IRQHandler
                0x0000000008000c08                TIM1_CC_IRQHandler
                0x0000000008000c08                PVD_IRQHandler
                0x0000000008000c08                EXTI3_IRQHandler
                0x0000000008000c08                EXTI0_IRQHandler
                0x0000000008000c08                I2C2_EV_IRQHandler
                0x0000000008000c08                ADC1_2_IRQHandler
                0x0000000008000c08                SPI1_IRQHandler
                0x0000000008000c08                TAMPER_IRQHandler
                0x0000000008000c08                DMA1_Channel4_IRQHandler
                0x0000000008000c08                USART3_IRQHandler
                0x0000000008000c08                RTC_IRQHandler
                0x0000000008000c08                DMA1_Channel7_IRQHandler
                0x0000000008000c08                CAN1_RX1_IRQHandler
                0x0000000008000c08                TIM4_IRQHandler
                0x0000000008000c08                I2C1_EV_IRQHandler
                0x0000000008000c08                DMA1_Channel6_IRQHandler
                0x0000000008000c08                TIM3_IRQHandler
                0x0000000008000c08                RCC_IRQHandler
                0x0000000008000c08                TIM1_TRG_COM_IRQHandler
                0x0000000008000c08                DMA1_Channel1_IRQHandler
                0x0000000008000c08                Default_Handler
                0x0000000008000c08                EXTI15_10_IRQHandler
                0x0000000008000c08                EXTI9_5_IRQHandler
                0x0000000008000c08                SPI2_IRQHandler
                0x0000000008000c08                EXTI4_IRQHandler
                0x0000000008000c08                USB_LP_CAN1_RX0_IRQHandler
                0x0000000008000c08                USB_HP_CAN1_TX_IRQHandler
                0x0000000008000c08                TIM1_UP_IRQHandler
                0x0000000008000c08                WWDG_IRQHandler
                0x0000000008000c08                TIM2_IRQHandler
                0x0000000008000c08                TIM1_BRK_IRQHandler
                0x0000000008000c08                EXTI1_IRQHandler
                0x0000000008000c08                USART2_IRQHandler
                0x0000000008000c08                I2C2_ER_IRQHandler
                0x0000000008000c08                CAN1_SCE_IRQHandler
                0x0000000008000c08                FLASH_IRQHandler
                0x0000000008000c08                USART1_IRQHandler
                0x0000000008000c08                I2C1_ER_IRQHandler
                0x0000000008000c08                USBWakeUp_IRQHandler
 *fill*         0x0000000008000c0a        0x2 
 .text.HAL_Init
                0x0000000008000c0c       0x2c Drivers/STM32F1xx_HAL_Driver/Src/stm32f1xx_hal.o
                0x0000000008000c0c                HAL_Init
 .text.HAL_InitTick
                0x0000000008000c38       0x60 Drivers/STM32F1xx_HAL_Driver/Src/stm32f1xx_hal.o
                0x0000000008000c38                HAL_InitTick
 .text.HAL_IncTick
                0x0000000008000c98       0x24 Drivers/STM32F1xx_HAL_Driver/Src/stm32f1xx_hal.o
                0x0000000008000c98                HAL_IncTick
 .text.HAL_GetTick
                0x0000000008000cbc       0x14 Drivers/STM32F1xx_HAL_Driver/Src/stm32f1xx_hal.o
                0x0000000008000cbc                HAL_GetTick
 .text.HAL_Delay
                0x0000000008000cd0       0x44 Drivers/STM32F1xx_HAL_Driver/Src/stm32f1xx_hal.o
                0x0000000008000cd0                HAL_Delay
 .text.__NVIC_SetPriorityGrouping
                0x0000000008000d14       0x48 Drivers/STM32F1xx_HAL_Driver/Src/stm32f1xx_hal_cortex.o
 .text.__NVIC_GetPriorityGrouping
                0x0000000008000d5c       0x1c Drivers/STM32F1xx_HAL_Driver/Src/stm32f1xx_hal_cortex.o
 .text.__NVIC_EnableIRQ
                0x0000000008000d78       0x38 Drivers/STM32F1xx_HAL_Driver/Src/stm32f1xx_hal_cortex.o
 .text.__NVIC_SetPriority
                0x0000000008000db0       0x54 Drivers/STM32F1xx_HAL_Driver/Src/stm32f1xx_hal_cortex.o
 .text.NVIC_EncodePriority
                0x0000000008000e04       0x64 Drivers/STM32F1xx_HAL_Driver/Src/stm32f1xx_hal_cortex.o
 .text.SysTick_Config
                0x0000000008000e68       0x44 Drivers/STM32F1xx_HAL_Driver/Src/stm32f1xx_hal_cortex.o
 .text.HAL_NVIC_SetPriorityGrouping
                0x0000000008000eac       0x16 Drivers/STM32F1xx_HAL_Driver/Src/stm32f1xx_hal_cortex.o
                0x0000000008000eac                HAL_NVIC_SetPriorityGrouping
 .text.HAL_NVIC_SetPriority
                0x0000000008000ec2       0x38 Drivers/STM32F1xx_HAL_Driver/Src/stm32f1xx_hal_cortex.o
                0x0000000008000ec2                HAL_NVIC_SetPriority
 .text.HAL_NVIC_EnableIRQ
                0x0000000008000efa       0x1c Drivers/STM32F1xx_HAL_Driver/Src/stm32f1xx_hal_cortex.o
                0x0000000008000efa                HAL_NVIC_EnableIRQ
 .text.HAL_SYSTICK_Config
                0x0000000008000f16       0x18 Drivers/STM32F1xx_HAL_Driver/Src/stm32f1xx_hal_cortex.o
                0x0000000008000f16                HAL_SYSTICK_Config
 *fill*         0x0000000008000f2e        0x2 
 .text.HAL_DMA_Init
                0x0000000008000f30       0xb4 Drivers/STM32F1xx_HAL_Driver/Src/stm32f1xx_hal_dma.o
                0x0000000008000f30                HAL_DMA_Init
 .text.HAL_DMA_IRQHandler
                0x0000000008000fe4      0x20c Drivers/STM32F1xx_HAL_Driver/Src/stm32f1xx_hal_dma.o
                0x0000000008000fe4                HAL_DMA_IRQHandler
 .text.HAL_GPIO_Init
                0x00000000080011f0      0x2b4 Drivers/STM32F1xx_HAL_Driver/Src/stm32f1xx_hal_gpio.o
                0x00000000080011f0                HAL_GPIO_Init
 .text.HAL_GPIO_WritePin
                0x00000000080014a4       0x30 Drivers/STM32F1xx_HAL_Driver/Src/stm32f1xx_hal_gpio.o
                0x00000000080014a4                HAL_GPIO_WritePin
 .text.HAL_PCD_Init
                0x00000000080014d4      0x1c2 Drivers/STM32F1xx_HAL_Driver/Src/stm32f1xx_hal_pcd.o
                0x00000000080014d4                HAL_PCD_Init
 *fill*         0x0000000008001696        0x2 
 .text.HAL_RCC_OscConfig
                0x0000000008001698      0x500 Drivers/STM32F1xx_HAL_Driver/Src/stm32f1xx_hal_rcc.o
                0x0000000008001698                HAL_RCC_OscConfig
 .text.HAL_RCC_ClockConfig
                0x0000000008001b98      0x1d4 Drivers/STM32F1xx_HAL_Driver/Src/stm32f1xx_hal_rcc.o
                0x0000000008001b98                HAL_RCC_ClockConfig
 .text.HAL_RCC_GetSysClockFreq
                0x0000000008001d6c       0xc4 Drivers/STM32F1xx_HAL_Driver/Src/stm32f1xx_hal_rcc.o
                0x0000000008001d6c                HAL_RCC_GetSysClockFreq
 .text.HAL_RCC_GetHCLKFreq
                0x0000000008001e30       0x14 Drivers/STM32F1xx_HAL_Driver/Src/stm32f1xx_hal_rcc.o
                0x0000000008001e30                HAL_RCC_GetHCLKFreq
 .text.HAL_RCC_GetPCLK1Freq
                0x0000000008001e44       0x28 Drivers/STM32F1xx_HAL_Driver/Src/stm32f1xx_hal_rcc.o
                0x0000000008001e44                HAL_RCC_GetPCLK1Freq
 .text.HAL_RCC_GetPCLK2Freq
                0x0000000008001e6c       0x28 Drivers/STM32F1xx_HAL_Driver/Src/stm32f1xx_hal_rcc.o
                0x0000000008001e6c                HAL_RCC_GetPCLK2Freq
 .text.RCC_Delay
                0x0000000008001e94       0x3c Drivers/STM32F1xx_HAL_Driver/Src/stm32f1xx_hal_rcc.o
 .text.HAL_RCCEx_PeriphCLKConfig
                0x0000000008001ed0      0x16c Drivers/STM32F1xx_HAL_Driver/Src/stm32f1xx_hal_rcc_ex.o
                0x0000000008001ed0                HAL_RCCEx_PeriphCLKConfig
 .text.HAL_SPI_Init
                0x000000000800203c       0xc2 Drivers/STM32F1xx_HAL_Driver/Src/stm32f1xx_hal_spi.o
                0x000000000800203c                HAL_SPI_Init
 .text.HAL_SPI_Transmit
                0x00000000080020fe      0x268 Drivers/STM32F1xx_HAL_Driver/Src/stm32f1xx_hal_spi.o
                0x00000000080020fe                HAL_SPI_Transmit
 .text.HAL_SPI_TransmitReceive
                0x0000000008002366      0x344 Drivers/STM32F1xx_HAL_Driver/Src/stm32f1xx_hal_spi.o
                0x0000000008002366                HAL_SPI_TransmitReceive
 .text.HAL_SPI_GetState
                0x00000000080026aa       0x1a Drivers/STM32F1xx_HAL_Driver/Src/stm32f1xx_hal_spi.o
                0x00000000080026aa                HAL_SPI_GetState
 .text.SPI_WaitFlagStateUntilTimeout
                0x00000000080026c4       0xd4 Drivers/STM32F1xx_HAL_Driver/Src/stm32f1xx_hal_spi.o
 .text.SPI_EndRxTxTransaction
                0x0000000008002798       0x3c Drivers/STM32F1xx_HAL_Driver/Src/stm32f1xx_hal_spi.o
 .text.HAL_UART_Init
                0x00000000080027d4       0x9a Drivers/STM32F1xx_HAL_Driver/Src/stm32f1xx_hal_uart.o
                0x00000000080027d4                HAL_UART_Init
 *fill*         0x000000000800286e        0x2 
 .text.UART_SetConfig
                0x0000000008002870      0x1b4 Drivers/STM32F1xx_HAL_Driver/Src/stm32f1xx_hal_uart.o
 .text.USB_CoreInit
                0x0000000008002a24       0x20 Drivers/STM32F1xx_HAL_Driver/Src/stm32f1xx_ll_usb.o
                0x0000000008002a24                USB_CoreInit
 .text.USB_EnableGlobalInt
                0x0000000008002a44       0x2e Drivers/STM32F1xx_HAL_Driver/Src/stm32f1xx_ll_usb.o
                0x0000000008002a44                USB_EnableGlobalInt
 .text.USB_DisableGlobalInt
                0x0000000008002a72       0x38 Drivers/STM32F1xx_HAL_Driver/Src/stm32f1xx_ll_usb.o
                0x0000000008002a72                USB_DisableGlobalInt
 .text.USB_SetCurrentMode
                0x0000000008002aaa       0x18 Drivers/STM32F1xx_HAL_Driver/Src/stm32f1xx_ll_usb.o
                0x0000000008002aaa                USB_SetCurrentMode
 .text.USB_DevInit
                0x0000000008002ac2       0x48 Drivers/STM32F1xx_HAL_Driver/Src/stm32f1xx_ll_usb.o
                0x0000000008002ac2                USB_DevInit
 .text.USB_DevDisconnect
                0x0000000008002b0a       0x14 Drivers/STM32F1xx_HAL_Driver/Src/stm32f1xx_ll_usb.o
                0x0000000008002b0a                USB_DevDisconnect
 *fill*         0x0000000008002b1e        0x2 
 .text.MX_FATFS_Init
                0x0000000008002b20       0x24 FATFS/App/fatfs.o
                0x0000000008002b20                MX_FATFS_Init
 .text.get_fattime
                0x0000000008002b44        0xe FATFS/App/fatfs.o
                0x0000000008002b44                get_fattime
 *fill*         0x0000000008002b52        0x2 
 .text.SELECT   0x0000000008002b54       0x18 FATFS/Target/fatfs_sd.o
 .text.DESELECT
                0x0000000008002b6c       0x18 FATFS/Target/fatfs_sd.o
 .text.SPI_TxByte
                0x0000000008002b84       0x34 FATFS/Target/fatfs_sd.o
 .text.SPI_RxByte
                0x0000000008002bb8       0x3c FATFS/Target/fatfs_sd.o
 .text.SPI_RxBytePtr
                0x0000000008002bf4       0x1c FATFS/Target/fatfs_sd.o
 .text.SD_ReadyWait
                0x0000000008002c10       0x38 FATFS/Target/fatfs_sd.o
 .text.SD_PowerOn
                0x0000000008002c48       0x98 FATFS/Target/fatfs_sd.o
 .text.SD_PowerOff
                0x0000000008002ce0       0x18 FATFS/Target/fatfs_sd.o
 .text.SD_CheckPower
                0x0000000008002cf8       0x14 FATFS/Target/fatfs_sd.o
 .text.SD_RxDataBlock
                0x0000000008002d0c       0x6c FATFS/Target/fatfs_sd.o
 .text.SD_TxDataBlock
                0x0000000008002d78       0xa8 FATFS/Target/fatfs_sd.o
 .text.SD_SendCmd
                0x0000000008002e20       0xa4 FATFS/Target/fatfs_sd.o
 .text.SD_disk_initialize
                0x0000000008002ec4      0x1d4 FATFS/Target/fatfs_sd.o
                0x0000000008002ec4                SD_disk_initialize
 .text.SD_disk_status
                0x0000000008003098       0x28 FATFS/Target/fatfs_sd.o
                0x0000000008003098                SD_disk_status
 .text.SD_disk_read
                0x00000000080030c0       0xd4 FATFS/Target/fatfs_sd.o
                0x00000000080030c0                SD_disk_read
 .text.SD_disk_write
                0x0000000008003194      0x108 FATFS/Target/fatfs_sd.o
                0x0000000008003194                SD_disk_write
 .text.SD_disk_ioctl
                0x000000000800329c      0x25c FATFS/Target/fatfs_sd.o
                0x000000000800329c                SD_disk_ioctl
 .text.USER_initialize
                0x00000000080034f8       0x1c FATFS/Target/user_diskio.o
                0x00000000080034f8                USER_initialize
 .text.USER_status
                0x0000000008003514       0x1c FATFS/Target/user_diskio.o
                0x0000000008003514                USER_status
 .text.USER_read
                0x0000000008003530       0x26 FATFS/Target/user_diskio.o
                0x0000000008003530                USER_read
 .text.USER_write
                0x0000000008003556       0x26 FATFS/Target/user_diskio.o
                0x0000000008003556                USER_write
 .text.USER_ioctl
                0x000000000800357c       0x26 FATFS/Target/user_diskio.o
                0x000000000800357c                USER_ioctl
 *fill*         0x00000000080035a2        0x2 
 .text.disk_status
                0x00000000080035a4       0x34 Middlewares/Third_Party/FatFs/src/diskio.o
                0x00000000080035a4                disk_status
 .text.disk_initialize
                0x00000000080035d8       0x4c Middlewares/Third_Party/FatFs/src/diskio.o
                0x00000000080035d8                disk_initialize
 .text.disk_read
                0x0000000008003624       0x40 Middlewares/Third_Party/FatFs/src/diskio.o
                0x0000000008003624                disk_read
 .text.disk_write
                0x0000000008003664       0x40 Middlewares/Third_Party/FatFs/src/diskio.o
                0x0000000008003664                disk_write
 .text.disk_ioctl
                0x00000000080036a4       0x3c Middlewares/Third_Party/FatFs/src/diskio.o
                0x00000000080036a4                disk_ioctl
 .text.mem_cpy  0x00000000080036e0       0x3a Middlewares/Third_Party/FatFs/src/ff.o
 .text.mem_set  0x000000000800371a       0x32 Middlewares/Third_Party/FatFs/src/ff.o
 .text.mem_cmp  0x000000000800374c       0x4c Middlewares/Third_Party/FatFs/src/ff.o
 .text.chk_chr  0x0000000008003798       0x34 Middlewares/Third_Party/FatFs/src/ff.o
 .text.chk_lock
                0x00000000080037cc       0xd4 Middlewares/Third_Party/FatFs/src/ff.o
 .text.enq_lock
                0x00000000080038a0       0x48 Middlewares/Third_Party/FatFs/src/ff.o
 .text.inc_lock
                0x00000000080038e8      0x160 Middlewares/Third_Party/FatFs/src/ff.o
 .text.dec_lock
                0x0000000008003a48       0x88 Middlewares/Third_Party/FatFs/src/ff.o
 .text.clear_lock
                0x0000000008003ad0       0x50 Middlewares/Third_Party/FatFs/src/ff.o
 .text.sync_window
                0x0000000008003b20       0xb4 Middlewares/Third_Party/FatFs/src/ff.o
 .text.move_window
                0x0000000008003bd4       0x68 Middlewares/Third_Party/FatFs/src/ff.o
 .text.sync_fs  0x0000000008003c3c      0x19e Middlewares/Third_Party/FatFs/src/ff.o
 .text.clust2sect
                0x0000000008003dda       0x4e Middlewares/Third_Party/FatFs/src/ff.o
                0x0000000008003dda                clust2sect
 .text.get_fat  0x0000000008003e28      0x204 Middlewares/Third_Party/FatFs/src/ff.o
                0x0000000008003e28                get_fat
 .text.put_fat  0x000000000800402c      0x2ba Middlewares/Third_Party/FatFs/src/ff.o
                0x000000000800402c                put_fat
 .text.remove_chain
                0x00000000080042e6       0xd0 Middlewares/Third_Party/FatFs/src/ff.o
 .text.create_chain
                0x00000000080043b6      0x162 Middlewares/Third_Party/FatFs/src/ff.o
 .text.clmt_clust
                0x0000000008004518       0x78 Middlewares/Third_Party/FatFs/src/ff.o
 .text.dir_sdi  0x0000000008004590      0x164 Middlewares/Third_Party/FatFs/src/ff.o
 .text.dir_next
                0x00000000080046f4      0x22c Middlewares/Third_Party/FatFs/src/ff.o
 .text.dir_alloc
                0x0000000008004920       0x8c Middlewares/Third_Party/FatFs/src/ff.o
 .text.ld_clust
                0x00000000080049ac       0x5c Middlewares/Third_Party/FatFs/src/ff.o
 .text.st_clust
                0x0000000008004a08       0x4c Middlewares/Third_Party/FatFs/src/ff.o
 .text.cmp_lfn  0x0000000008004a54       0xdc Middlewares/Third_Party/FatFs/src/ff.o
 .text.fit_lfn  0x0000000008004b30       0xe8 Middlewares/Third_Party/FatFs/src/ff.o
 .text.gen_numname
                0x0000000008004c18      0x11e Middlewares/Third_Party/FatFs/src/ff.o
 .text.sum_sfn  0x0000000008004d36       0x40 Middlewares/Third_Party/FatFs/src/ff.o
 .text.dir_find
                0x0000000008004d76      0x168 Middlewares/Third_Party/FatFs/src/ff.o
 *fill*         0x0000000008004ede        0x2 
 .text.dir_register
                0x0000000008004ee0      0x1fc Middlewares/Third_Party/FatFs/src/ff.o
 .text.create_name
                0x00000000080050dc      0x364 Middlewares/Third_Party/FatFs/src/ff.o
 .text.follow_path
                0x0000000008005440       0xd0 Middlewares/Third_Party/FatFs/src/ff.o
 .text.get_ldnumber
                0x0000000008005510       0x86 Middlewares/Third_Party/FatFs/src/ff.o
 *fill*         0x0000000008005596        0x2 
 .text.check_fs
                0x0000000008005598       0xdc Middlewares/Third_Party/FatFs/src/ff.o
 .text.find_volume
                0x0000000008005674      0x6b8 Middlewares/Third_Party/FatFs/src/ff.o
 .text.validate
                0x0000000008005d2c       0x66 Middlewares/Third_Party/FatFs/src/ff.o
 *fill*         0x0000000008005d92        0x2 
 .text.f_mount  0x0000000008005d94       0x94 Middlewares/Third_Party/FatFs/src/ff.o
                0x0000000008005d94                f_mount
 .text.f_open   0x0000000008005e28      0x318 Middlewares/Third_Party/FatFs/src/ff.o
                0x0000000008005e28                f_open
 .text.f_read   0x0000000008006140      0x2ea Middlewares/Third_Party/FatFs/src/ff.o
                0x0000000008006140                f_read
 .text.f_sync   0x000000000800642a      0x118 Middlewares/Third_Party/FatFs/src/ff.o
                0x000000000800642a                f_sync
 .text.f_close  0x0000000008006542       0x4c Middlewares/Third_Party/FatFs/src/ff.o
                0x0000000008006542                f_close
 *fill*         0x000000000800658e        0x2 
 .text.FATFS_LinkDriverEx
                0x0000000008006590       0x94 Middlewares/Third_Party/FatFs/src/ff_gen_drv.o
                0x0000000008006590                FATFS_LinkDriverEx
 .text.FATFS_LinkDriver
                0x0000000008006624       0x1e Middlewares/Third_Party/FatFs/src/ff_gen_drv.o
                0x0000000008006624                FATFS_LinkDriver
 *fill*         0x0000000008006642        0x2 
 .text.ff_convert
                0x0000000008006644       0x74 Middlewares/Third_Party/FatFs/src/option/ccsbcs.o
                0x0000000008006644                ff_convert
 .text.ff_wtoupper
                0x00000000080066b8       0x5c Middlewares/Third_Party/FatFs/src/option/ccsbcs.o
                0x00000000080066b8                ff_wtoupper
 .text.__libc_init_array
                0x0000000008006714       0x48 c:/st/stm32cubeide_1.4.0/stm32cubeide/plugins/com.st.stm32cube.ide.mcu.externaltools.gnu-tools-for-stm32.7-2018-q2-update.win32_1.4.0.202007081208/tools/bin/../lib/gcc/arm-none-eabi/7.3.1/../../../../arm-none-eabi/lib/thumb/v7-m\libc_nano.a(lib_a-init.o)
                0x0000000008006714                __libc_init_array
 .text.memset   0x000000000800675c       0x10 c:/st/stm32cubeide_1.4.0/stm32cubeide/plugins/com.st.stm32cube.ide.mcu.externaltools.gnu-tools-for-stm32.7-2018-q2-update.win32_1.4.0.202007081208/tools/bin/../lib/gcc/arm-none-eabi/7.3.1/../../../../arm-none-eabi/lib/thumb/v7-m\libc_nano.a(lib_a-memset.o)
                0x000000000800675c                memset
 *(.glue_7)
 .glue_7        0x000000000800676c        0x0 linker stubs
 *(.glue_7t)
 .glue_7t       0x000000000800676c        0x0 linker stubs
 *(.eh_frame)
 .eh_frame      0x000000000800676c        0x0 c:/st/stm32cubeide_1.4.0/stm32cubeide/plugins/com.st.stm32cube.ide.mcu.externaltools.gnu-tools-for-stm32.7-2018-q2-update.win32_1.4.0.202007081208/tools/bin/../lib/gcc/arm-none-eabi/7.3.1/thumb/v7-m/crtbegin.o
 *(.init)
 .init          0x000000000800676c        0x4 c:/st/stm32cubeide_1.4.0/stm32cubeide/plugins/com.st.stm32cube.ide.mcu.externaltools.gnu-tools-for-stm32.7-2018-q2-update.win32_1.4.0.202007081208/tools/bin/../lib/gcc/arm-none-eabi/7.3.1/thumb/v7-m/crti.o
                0x000000000800676c                _init
 .init          0x0000000008006770        0x8 c:/st/stm32cubeide_1.4.0/stm32cubeide/plugins/com.st.stm32cube.ide.mcu.externaltools.gnu-tools-for-stm32.7-2018-q2-update.win32_1.4.0.202007081208/tools/bin/../lib/gcc/arm-none-eabi/7.3.1/thumb/v7-m/crtn.o
 *(.fini)
 .fini          0x0000000008006778        0x4 c:/st/stm32cubeide_1.4.0/stm32cubeide/plugins/com.st.stm32cube.ide.mcu.externaltools.gnu-tools-for-stm32.7-2018-q2-update.win32_1.4.0.202007081208/tools/bin/../lib/gcc/arm-none-eabi/7.3.1/thumb/v7-m/crti.o
                0x0000000008006778                _fini
 .fini          0x000000000800677c        0x8 c:/st/stm32cubeide_1.4.0/stm32cubeide/plugins/com.st.stm32cube.ide.mcu.externaltools.gnu-tools-for-stm32.7-2018-q2-update.win32_1.4.0.202007081208/tools/bin/../lib/gcc/arm-none-eabi/7.3.1/thumb/v7-m/crtn.o
                0x0000000008006784                . = ALIGN (0x4)
                0x0000000008006784                _etext = .

.vfp11_veneer   0x0000000008006784        0x0
 .vfp11_veneer  0x0000000008006784        0x0 linker stubs

.v4_bx          0x0000000008006784        0x0
 .v4_bx         0x0000000008006784        0x0 linker stubs

.iplt           0x0000000008006784        0x0
 .iplt          0x0000000008006784        0x0 c:/st/stm32cubeide_1.4.0/stm32cubeide/plugins/com.st.stm32cube.ide.mcu.externaltools.gnu-tools-for-stm32.7-2018-q2-update.win32_1.4.0.202007081208/tools/bin/../lib/gcc/arm-none-eabi/7.3.1/thumb/v7-m/crtbegin.o

.rodata         0x0000000008006784      0x5d4
                0x0000000008006784                . = ALIGN (0x4)
 *(.rodata)
 .rodata        0x0000000008006784        0xe Core/Src/main.o
 *fill*         0x0000000008006792        0x2 
 .rodata        0x0000000008006794       0x12 Drivers/STM32F1xx_HAL_Driver/Src/stm32f1xx_hal_rcc.o
 *fill*         0x00000000080067a6        0x2 
 .rodata        0x00000000080067a8       0x48 Middlewares/Third_Party/FatFs/src/ff.o
 *(.rodata*)
 .rodata.AHBPrescTable
                0x00000000080067f0       0x10 Core/Src/system_stm32f1xx.o
                0x00000000080067f0                AHBPrescTable
 .rodata.APBPrescTable
                0x0000000008006800        0x8 Core/Src/system_stm32f1xx.o
                0x0000000008006800                APBPrescTable
 .rodata.ExCvt  0x0000000008006808       0x80 Middlewares/Third_Party/FatFs/src/ff.o
 .rodata.LfnOfs
                0x0000000008006888        0xd Middlewares/Third_Party/FatFs/src/ff.o
 *fill*         0x0000000008006895        0x3 
 .rodata.Tbl    0x0000000008006898      0x100 Middlewares/Third_Party/FatFs/src/option/ccsbcs.o
 .rodata.tbl_lower.6107
                0x0000000008006998      0x1e0 Middlewares/Third_Party/FatFs/src/option/ccsbcs.o
 .rodata.tbl_upper.6108
                0x0000000008006b78      0x1e0 Middlewares/Third_Party/FatFs/src/option/ccsbcs.o
                0x0000000008006d58                . = ALIGN (0x4)

.rel.dyn        0x0000000008006d58        0x0
 .rel.iplt      0x0000000008006d58        0x0 c:/st/stm32cubeide_1.4.0/stm32cubeide/plugins/com.st.stm32cube.ide.mcu.externaltools.gnu-tools-for-stm32.7-2018-q2-update.win32_1.4.0.202007081208/tools/bin/../lib/gcc/arm-none-eabi/7.3.1/thumb/v7-m/crtbegin.o

.ARM.extab      0x0000000008006d58        0x0
                0x0000000008006d58                . = ALIGN (0x4)
 *(.ARM.extab* .gnu.linkonce.armextab.*)
                0x0000000008006d58                . = ALIGN (0x4)

.ARM            0x0000000008006d58        0x0
                0x0000000008006d58                . = ALIGN (0x4)
                0x0000000008006d58                __exidx_start = .
 *(.ARM.exidx*)
                0x0000000008006d58                __exidx_end = .
                0x0000000008006d58                . = ALIGN (0x4)

.preinit_array  0x0000000008006d58        0x0
                0x0000000008006d58                . = ALIGN (0x4)
                0x0000000008006d58                PROVIDE (__preinit_array_start = .)
 *(.preinit_array*)
                0x0000000008006d58                PROVIDE (__preinit_array_end = .)
                0x0000000008006d58                . = ALIGN (0x4)

.init_array     0x0000000008006d58        0x4
                0x0000000008006d58                . = ALIGN (0x4)
                0x0000000008006d58                PROVIDE (__init_array_start = .)
 *(SORT_BY_NAME(.init_array.*))
 *(.init_array*)
 .init_array    0x0000000008006d58        0x4 c:/st/stm32cubeide_1.4.0/stm32cubeide/plugins/com.st.stm32cube.ide.mcu.externaltools.gnu-tools-for-stm32.7-2018-q2-update.win32_1.4.0.202007081208/tools/bin/../lib/gcc/arm-none-eabi/7.3.1/thumb/v7-m/crtbegin.o
                0x0000000008006d5c                PROVIDE (__init_array_end = .)
                0x0000000008006d5c                . = ALIGN (0x4)

.fini_array     0x0000000008006d5c        0x4
                0x0000000008006d5c                . = ALIGN (0x4)
                [!provide]                        PROVIDE (__fini_array_start = .)
 *(SORT_BY_NAME(.fini_array.*))
 *(.fini_array*)
 .fini_array    0x0000000008006d5c        0x4 c:/st/stm32cubeide_1.4.0/stm32cubeide/plugins/com.st.stm32cube.ide.mcu.externaltools.gnu-tools-for-stm32.7-2018-q2-update.win32_1.4.0.202007081208/tools/bin/../lib/gcc/arm-none-eabi/7.3.1/thumb/v7-m/crtbegin.o
                [!provide]                        PROVIDE (__fini_array_end = .)
                0x0000000008006d60                . = ALIGN (0x4)
                0x0000000008006d60                _sidata = LOADADDR (.data)

.data           0x0000000020000000       0x20 load address 0x0000000008006d60
                0x0000000020000000                . = ALIGN (0x4)
                0x0000000020000000                _sdata = .
 *(.data)
 *(.data*)
 .data.SystemCoreClock
                0x0000000020000000        0x4 Core/Src/system_stm32f1xx.o
                0x0000000020000000                SystemCoreClock
 .data.uwTickPrio
                0x0000000020000004        0x4 Drivers/STM32F1xx_HAL_Driver/Src/stm32f1xx_hal.o
                0x0000000020000004                uwTickPrio
 .data.uwTickFreq
                0x0000000020000008        0x1 Drivers/STM32F1xx_HAL_Driver/Src/stm32f1xx_hal.o
                0x0000000020000008                uwTickFreq
 .data.Stat     0x0000000020000009        0x1 FATFS/Target/fatfs_sd.o
 *fill*         0x000000002000000a        0x2 
 .data.USER_Driver
                0x000000002000000c       0x14 FATFS/Target/user_diskio.o
                0x000000002000000c                USER_Driver
                0x0000000020000020                . = ALIGN (0x4)
                0x0000000020000020                _edata = .

.igot.plt       0x0000000020000020        0x0 load address 0x0000000008006d80
 .igot.plt      0x0000000020000020        0x0 c:/st/stm32cubeide_1.4.0/stm32cubeide/plugins/com.st.stm32cube.ide.mcu.externaltools.gnu-tools-for-stm32.7-2018-q2-update.win32_1.4.0.202007081208/tools/bin/../lib/gcc/arm-none-eabi/7.3.1/thumb/v7-m/crtbegin.o
                0x0000000020000020                . = ALIGN (0x4)

.bss            0x0000000020000020     0x27b4 load address 0x0000000008006d80
                0x0000000020000020                _sbss = .
                0x0000000020000020                __bss_start__ = _sbss
 *(.bss)
 .bss           0x0000000020000020       0x1c c:/st/stm32cubeide_1.4.0/stm32cubeide/plugins/com.st.stm32cube.ide.mcu.externaltools.gnu-tools-for-stm32.7-2018-q2-update.win32_1.4.0.202007081208/tools/bin/../lib/gcc/arm-none-eabi/7.3.1/thumb/v7-m/crtbegin.o
 *(.bss*)
 .bss.FatFsCnt  0x000000002000003c        0x1 Core/Src/stm32f1xx_it.o
                0x000000002000003c                FatFsCnt
 .bss.CardType  0x000000002000003d        0x1 FATFS/Target/fatfs_sd.o
 .bss.PowerFlag
                0x000000002000003e        0x1 FATFS/Target/fatfs_sd.o
 *fill*         0x000000002000003f        0x1 
 .bss.FatFs     0x0000000020000040        0x4 Middlewares/Third_Party/FatFs/src/ff.o
 .bss.Fsid      0x0000000020000044        0x2 Middlewares/Third_Party/FatFs/src/ff.o
 *fill*         0x0000000020000046        0x2 
 .bss.Files     0x0000000020000048       0x18 Middlewares/Third_Party/FatFs/src/ff.o
 .bss.LfnBuf    0x0000000020000060      0x200 Middlewares/Third_Party/FatFs/src/ff.o
 .bss.disk      0x0000000020000260        0xc Middlewares/Third_Party/FatFs/src/ff_gen_drv.o
                0x0000000020000260                disk
 *(COMMON)
 COMMON         0x000000002000026c     0x14fc Core/Src/main.o
                0x000000002000026c                fre_clust
                0x0000000020000270                hspi2
                0x00000000200002c8                fs
                0x00000000200012f8                buffer
                0x000000002000135c                pfs
                0x0000000020001360                hspi1
                0x00000000200013b8                huart2
                0x00000000200013f8                hdma_spi1_rx
                0x000000002000143c                total
                0x0000000020001440                hdma_spi2_tx
                0x0000000020001484                fres
                0x0000000020001488                hpcd_USB_FS
                0x00000000200016f4                fil
                0x0000000020001720                hdma_spi1_tx
                0x0000000020001764                free
 COMMON         0x0000000020001768        0x2 Core/Src/stm32f1xx_it.o
                0x0000000020001768                Timer2
                0x0000000020001769                Timer1
 *fill*         0x000000002000176a        0x2 
 COMMON         0x000000002000176c        0x4 Drivers/STM32F1xx_HAL_Driver/Src/stm32f1xx_hal.o
                0x000000002000176c                uwTick
 COMMON         0x0000000020001770     0x1064 FATFS/App/fatfs.o
                0x0000000020001770                USERPath
                0x0000000020001774                retUSER
                0x0000000020001778                USERFile
                0x00000000200017a4                USERFatFS
                0x00000000200027d4                . = ALIGN (0x4)
                0x00000000200027d4                _ebss = .
                0x00000000200027d4                __bss_end__ = _ebss

._user_heap_stack
                0x00000000200027d4      0x604 load address 0x0000000008006d80
                0x00000000200027d8                . = ALIGN (0x8)
 *fill*         0x00000000200027d4        0x4 
                [!provide]                        PROVIDE (end = .)
                0x00000000200027d8                PROVIDE (_end = .)
                0x00000000200029d8                . = (. + _Min_Heap_Size)
 *fill*         0x00000000200027d8      0x200 
                0x0000000020002dd8                . = (. + _Min_Stack_Size)
 *fill*         0x00000000200029d8      0x400 
                0x0000000020002dd8                . = ALIGN (0x8)

/DISCARD/
 libc.a(*)
 libm.a(*)
 libgcc.a(*)

.ARM.attributes
                0x0000000000000000       0x29
 *(.ARM.attributes)
 .ARM.attributes
                0x0000000000000000       0x1d c:/st/stm32cubeide_1.4.0/stm32cubeide/plugins/com.st.stm32cube.ide.mcu.externaltools.gnu-tools-for-stm32.7-2018-q2-update.win32_1.4.0.202007081208/tools/bin/../lib/gcc/arm-none-eabi/7.3.1/thumb/v7-m/crti.o
 .ARM.attributes
                0x000000000000001d       0x2d c:/st/stm32cubeide_1.4.0/stm32cubeide/plugins/com.st.stm32cube.ide.mcu.externaltools.gnu-tools-for-stm32.7-2018-q2-update.win32_1.4.0.202007081208/tools/bin/../lib/gcc/arm-none-eabi/7.3.1/thumb/v7-m/crtbegin.o
 .ARM.attributes
                0x000000000000004a       0x33 Core/Src/main.o
 .ARM.attributes
                0x000000000000007d       0x33 Core/Src/stm32f1xx_hal_msp.o
 .ARM.attributes
                0x00000000000000b0       0x33 Core/Src/stm32f1xx_it.o
 .ARM.attributes
                0x00000000000000e3       0x33 Core/Src/system_stm32f1xx.o
 .ARM.attributes
                0x0000000000000116       0x21 Core/Startup/startup_stm32f103c8tx.o
 .ARM.attributes
                0x0000000000000137       0x33 Drivers/STM32F1xx_HAL_Driver/Src/stm32f1xx_hal.o
 .ARM.attributes
                0x000000000000016a       0x33 Drivers/STM32F1xx_HAL_Driver/Src/stm32f1xx_hal_cortex.o
 .ARM.attributes
                0x000000000000019d       0x33 Drivers/STM32F1xx_HAL_Driver/Src/stm32f1xx_hal_dma.o
 .ARM.attributes
                0x00000000000001d0       0x33 Drivers/STM32F1xx_HAL_Driver/Src/stm32f1xx_hal_gpio.o
 .ARM.attributes
                0x0000000000000203       0x33 Drivers/STM32F1xx_HAL_Driver/Src/stm32f1xx_hal_pcd.o
 .ARM.attributes
                0x0000000000000236       0x33 Drivers/STM32F1xx_HAL_Driver/Src/stm32f1xx_hal_rcc.o
 .ARM.attributes
                0x0000000000000269       0x33 Drivers/STM32F1xx_HAL_Driver/Src/stm32f1xx_hal_rcc_ex.o
 .ARM.attributes
                0x000000000000029c       0x33 Drivers/STM32F1xx_HAL_Driver/Src/stm32f1xx_hal_spi.o
 .ARM.attributes
                0x00000000000002cf       0x33 Drivers/STM32F1xx_HAL_Driver/Src/stm32f1xx_hal_uart.o
 .ARM.attributes
                0x0000000000000302       0x33 Drivers/STM32F1xx_HAL_Driver/Src/stm32f1xx_ll_usb.o
 .ARM.attributes
                0x0000000000000335       0x33 FATFS/App/fatfs.o
 .ARM.attributes
                0x0000000000000368       0x33 FATFS/Target/fatfs_sd.o
 .ARM.attributes
                0x000000000000039b       0x33 FATFS/Target/user_diskio.o
 .ARM.attributes
                0x00000000000003ce       0x33 Middlewares/Third_Party/FatFs/src/diskio.o
 .ARM.attributes
                0x0000000000000401       0x33 Middlewares/Third_Party/FatFs/src/ff.o
 .ARM.attributes
                0x0000000000000434       0x33 Middlewares/Third_Party/FatFs/src/ff_gen_drv.o
 .ARM.attributes
                0x0000000000000467       0x33 Middlewares/Third_Party/FatFs/src/option/ccsbcs.o
 .ARM.attributes
                0x000000000000049a       0x2d c:/st/stm32cubeide_1.4.0/stm32cubeide/plugins/com.st.stm32cube.ide.mcu.externaltools.gnu-tools-for-stm32.7-2018-q2-update.win32_1.4.0.202007081208/tools/bin/../lib/gcc/arm-none-eabi/7.3.1/../../../../arm-none-eabi/lib/thumb/v7-m\libc_nano.a(lib_a-init.o)
 .ARM.attributes
                0x00000000000004c7       0x2d c:/st/stm32cubeide_1.4.0/stm32cubeide/plugins/com.st.stm32cube.ide.mcu.externaltools.gnu-tools-for-stm32.7-2018-q2-update.win32_1.4.0.202007081208/tools/bin/../lib/gcc/arm-none-eabi/7.3.1/../../../../arm-none-eabi/lib/thumb/v7-m\libc_nano.a(lib_a-memset.o)
 .ARM.attributes
                0x00000000000004f4       0x1d c:/st/stm32cubeide_1.4.0/stm32cubeide/plugins/com.st.stm32cube.ide.mcu.externaltools.gnu-tools-for-stm32.7-2018-q2-update.win32_1.4.0.202007081208/tools/bin/../lib/gcc/arm-none-eabi/7.3.1/thumb/v7-m/crtn.o
OUTPUT(C21_Music_Player.elf elf32-littlearm)

.debug_info     0x0000000000000000     0xf4ad
 .debug_info    0x0000000000000000     0x17c3 Core/Src/main.o
 .debug_info    0x00000000000017c3     0x102d Core/Src/stm32f1xx_hal_msp.o
 .debug_info    0x00000000000027f0      0x4a1 Core/Src/stm32f1xx_it.o
 .debug_info    0x0000000000002c91      0x433 Core/Src/system_stm32f1xx.o
 .debug_info    0x00000000000030c4       0x22 Core/Startup/startup_stm32f103c8tx.o
 .debug_info    0x00000000000030e6      0x6fe Drivers/STM32F1xx_HAL_Driver/Src/stm32f1xx_hal.o
 .debug_info    0x00000000000037e4      0xb46 Drivers/STM32F1xx_HAL_Driver/Src/stm32f1xx_hal_cortex.o
 .debug_info    0x000000000000432a      0x7a6 Drivers/STM32F1xx_HAL_Driver/Src/stm32f1xx_hal_dma.o
 .debug_info    0x0000000000004ad0      0x681 Drivers/STM32F1xx_HAL_Driver/Src/stm32f1xx_hal_gpio.o
 .debug_info    0x0000000000005151      0xe38 Drivers/STM32F1xx_HAL_Driver/Src/stm32f1xx_hal_pcd.o
 .debug_info    0x0000000000005f89      0x804 Drivers/STM32F1xx_HAL_Driver/Src/stm32f1xx_hal_rcc.o
 .debug_info    0x000000000000678d      0x439 Drivers/STM32F1xx_HAL_Driver/Src/stm32f1xx_hal_rcc_ex.o
 .debug_info    0x0000000000006bc6     0x153a Drivers/STM32F1xx_HAL_Driver/Src/stm32f1xx_hal_spi.o
 .debug_info    0x0000000000008100     0x11e3 Drivers/STM32F1xx_HAL_Driver/Src/stm32f1xx_hal_uart.o
 .debug_info    0x00000000000092e3     0x14f9 Drivers/STM32F1xx_HAL_Driver/Src/stm32f1xx_ll_usb.o
 .debug_info    0x000000000000a7dc      0x55b FATFS/App/fatfs.o
 .debug_info    0x000000000000ad37      0xb82 FATFS/Target/fatfs_sd.o
 .debug_info    0x000000000000b8b9      0xc0e FATFS/Target/user_diskio.o
 .debug_info    0x000000000000c4c7      0x4b3 Middlewares/Third_Party/FatFs/src/diskio.o
 .debug_info    0x000000000000c97a     0x2487 Middlewares/Third_Party/FatFs/src/ff.o
 .debug_info    0x000000000000ee01      0x451 Middlewares/Third_Party/FatFs/src/ff_gen_drv.o
 .debug_info    0x000000000000f252      0x25b Middlewares/Third_Party/FatFs/src/option/ccsbcs.o

.debug_abbrev   0x0000000000000000     0x283f
 .debug_abbrev  0x0000000000000000      0x27d Core/Src/main.o
 .debug_abbrev  0x000000000000027d      0x1fa Core/Src/stm32f1xx_hal_msp.o
 .debug_abbrev  0x0000000000000477      0x15a Core/Src/stm32f1xx_it.o
 .debug_abbrev  0x00000000000005d1      0x134 Core/Src/system_stm32f1xx.o
 .debug_abbrev  0x0000000000000705       0x12 Core/Startup/startup_stm32f103c8tx.o
 .debug_abbrev  0x0000000000000717      0x1d8 Drivers/STM32F1xx_HAL_Driver/Src/stm32f1xx_hal.o
 .debug_abbrev  0x00000000000008ef      0x2d5 Drivers/STM32F1xx_HAL_Driver/Src/stm32f1xx_hal_cortex.o
 .debug_abbrev  0x0000000000000bc4      0x1fe Drivers/STM32F1xx_HAL_Driver/Src/stm32f1xx_hal_dma.o
 .debug_abbrev  0x0000000000000dc2      0x1c0 Drivers/STM32F1xx_HAL_Driver/Src/stm32f1xx_hal_gpio.o
 .debug_abbrev  0x0000000000000f82      0x263 Drivers/STM32F1xx_HAL_Driver/Src/stm32f1xx_hal_pcd.o
 .debug_abbrev  0x00000000000011e5      0x243 Drivers/STM32F1xx_HAL_Driver/Src/stm32f1xx_hal_rcc.o
 .debug_abbrev  0x0000000000001428      0x175 Drivers/STM32F1xx_HAL_Driver/Src/stm32f1xx_hal_rcc_ex.o
 .debug_abbrev  0x000000000000159d      0x240 Drivers/STM32F1xx_HAL_Driver/Src/stm32f1xx_hal_spi.o
 .debug_abbrev  0x00000000000017dd      0x242 Drivers/STM32F1xx_HAL_Driver/Src/stm32f1xx_hal_uart.o
 .debug_abbrev  0x0000000000001a1f      0x1c5 Drivers/STM32F1xx_HAL_Driver/Src/stm32f1xx_ll_usb.o
 .debug_abbrev  0x0000000000001be4      0x17d FATFS/App/fatfs.o
 .debug_abbrev  0x0000000000001d61      0x262 FATFS/Target/fatfs_sd.o
 .debug_abbrev  0x0000000000001fc3      0x1f1 FATFS/Target/user_diskio.o
 .debug_abbrev  0x00000000000021b4      0x16f Middlewares/Third_Party/FatFs/src/diskio.o
 .debug_abbrev  0x0000000000002323      0x278 Middlewares/Third_Party/FatFs/src/ff.o
 .debug_abbrev  0x000000000000259b      0x19c Middlewares/Third_Party/FatFs/src/ff_gen_drv.o
 .debug_abbrev  0x0000000000002737      0x108 Middlewares/Third_Party/FatFs/src/option/ccsbcs.o

.debug_aranges  0x0000000000000000      0xe88
 .debug_aranges
                0x0000000000000000       0x60 Core/Src/main.o
 .debug_aranges
                0x0000000000000060       0x50 Core/Src/stm32f1xx_hal_msp.o
 .debug_aranges
                0x00000000000000b0       0x80 Core/Src/stm32f1xx_it.o
 .debug_aranges
                0x0000000000000130       0x28 Core/Src/system_stm32f1xx.o
 .debug_aranges
                0x0000000000000158       0x28 Core/Startup/startup_stm32f103c8tx.o
 .debug_aranges
                0x0000000000000180       0xe0 Drivers/STM32F1xx_HAL_Driver/Src/stm32f1xx_hal.o
 .debug_aranges
                0x0000000000000260      0x100 Drivers/STM32F1xx_HAL_Driver/Src/stm32f1xx_hal_cortex.o
 .debug_aranges
                0x0000000000000360       0x80 Drivers/STM32F1xx_HAL_Driver/Src/stm32f1xx_hal_dma.o
 .debug_aranges
                0x00000000000003e0       0x58 Drivers/STM32F1xx_HAL_Driver/Src/stm32f1xx_hal_gpio.o
 .debug_aranges
                0x0000000000000438      0x120 Drivers/STM32F1xx_HAL_Driver/Src/stm32f1xx_hal_pcd.o
 .debug_aranges
                0x0000000000000558       0x90 Drivers/STM32F1xx_HAL_Driver/Src/stm32f1xx_hal_rcc.o
 .debug_aranges
                0x00000000000005e8       0x30 Drivers/STM32F1xx_HAL_Driver/Src/stm32f1xx_hal_rcc_ex.o
 .debug_aranges
                0x0000000000000618      0x1d0 Drivers/STM32F1xx_HAL_Driver/Src/stm32f1xx_hal_spi.o
 .debug_aranges
                0x00000000000007e8      0x1d0 Drivers/STM32F1xx_HAL_Driver/Src/stm32f1xx_hal_uart.o
 .debug_aranges
                0x00000000000009b8      0x108 Drivers/STM32F1xx_HAL_Driver/Src/stm32f1xx_ll_usb.o
 .debug_aranges
                0x0000000000000ac0       0x28 FATFS/App/fatfs.o
 .debug_aranges
                0x0000000000000ae8       0xa0 FATFS/Target/fatfs_sd.o
 .debug_aranges
                0x0000000000000b88       0x40 FATFS/Target/user_diskio.o
 .debug_aranges
                0x0000000000000bc8       0x48 Middlewares/Third_Party/FatFs/src/diskio.o
 .debug_aranges
                0x0000000000000c10      0x210 Middlewares/Third_Party/FatFs/src/ff.o
 .debug_aranges
                0x0000000000000e20       0x40 Middlewares/Third_Party/FatFs/src/ff_gen_drv.o
 .debug_aranges
                0x0000000000000e60       0x28 Middlewares/Third_Party/FatFs/src/option/ccsbcs.o

.debug_ranges   0x0000000000000000      0xd30
 .debug_ranges  0x0000000000000000       0x50 Core/Src/main.o
 .debug_ranges  0x0000000000000050       0x40 Core/Src/stm32f1xx_hal_msp.o
 .debug_ranges  0x0000000000000090       0x70 Core/Src/stm32f1xx_it.o
 .debug_ranges  0x0000000000000100       0x18 Core/Src/system_stm32f1xx.o
 .debug_ranges  0x0000000000000118       0x20 Core/Startup/startup_stm32f103c8tx.o
 .debug_ranges  0x0000000000000138       0xd0 Drivers/STM32F1xx_HAL_Driver/Src/stm32f1xx_hal.o
 .debug_ranges  0x0000000000000208       0xf0 Drivers/STM32F1xx_HAL_Driver/Src/stm32f1xx_hal_cortex.o
 .debug_ranges  0x00000000000002f8       0x70 Drivers/STM32F1xx_HAL_Driver/Src/stm32f1xx_hal_dma.o
 .debug_ranges  0x0000000000000368       0x48 Drivers/STM32F1xx_HAL_Driver/Src/stm32f1xx_hal_gpio.o
 .debug_ranges  0x00000000000003b0      0x110 Drivers/STM32F1xx_HAL_Driver/Src/stm32f1xx_hal_pcd.o
 .debug_ranges  0x00000000000004c0       0x80 Drivers/STM32F1xx_HAL_Driver/Src/stm32f1xx_hal_rcc.o
 .debug_ranges  0x0000000000000540       0x20 Drivers/STM32F1xx_HAL_Driver/Src/stm32f1xx_hal_rcc_ex.o
 .debug_ranges  0x0000000000000560      0x1c0 Drivers/STM32F1xx_HAL_Driver/Src/stm32f1xx_hal_spi.o
 .debug_ranges  0x0000000000000720      0x1c0 Drivers/STM32F1xx_HAL_Driver/Src/stm32f1xx_hal_uart.o
 .debug_ranges  0x00000000000008e0       0xf8 Drivers/STM32F1xx_HAL_Driver/Src/stm32f1xx_ll_usb.o
 .debug_ranges  0x00000000000009d8       0x18 FATFS/App/fatfs.o
 .debug_ranges  0x00000000000009f0       0x90 FATFS/Target/fatfs_sd.o
 .debug_ranges  0x0000000000000a80       0x30 FATFS/Target/user_diskio.o
 .debug_ranges  0x0000000000000ab0       0x38 Middlewares/Third_Party/FatFs/src/diskio.o
 .debug_ranges  0x0000000000000ae8      0x200 Middlewares/Third_Party/FatFs/src/ff.o
 .debug_ranges  0x0000000000000ce8       0x30 Middlewares/Third_Party/FatFs/src/ff_gen_drv.o
 .debug_ranges  0x0000000000000d18       0x18 Middlewares/Third_Party/FatFs/src/option/ccsbcs.o

.debug_macro    0x0000000000000000    0x14e57
 .debug_macro   0x0000000000000000      0x20f Core/Src/main.o
 .debug_macro   0x000000000000020f      0xa5a Core/Src/main.o
 .debug_macro   0x0000000000000c69      0x227 Core/Src/main.o
 .debug_macro   0x0000000000000e90       0x2e Core/Src/main.o
 .debug_macro   0x0000000000000ebe       0x22 Core/Src/main.o
 .debug_macro   0x0000000000000ee0       0x22 Core/Src/main.o
 .debug_macro   0x0000000000000f02       0x8e Core/Src/main.o
 .debug_macro   0x0000000000000f90       0x51 Core/Src/main.o
 .debug_macro   0x0000000000000fe1       0xef Core/Src/main.o
 .debug_macro   0x00000000000010d0       0x6a Core/Src/main.o
 .debug_macro   0x000000000000113a      0x1df Core/Src/main.o
 .debug_macro   0x0000000000001319       0x1c Core/Src/main.o
 .debug_macro   0x0000000000001335       0x22 Core/Src/main.o
 .debug_macro   0x0000000000001357       0xc3 Core/Src/main.o
 .debug_macro   0x000000000000141a      0xd23 Core/Src/main.o
 .debug_macro   0x000000000000213d     0xe09e Core/Src/main.o
 .debug_macro   0x00000000000101db       0x43 Core/Src/main.o
 .debug_macro   0x000000000001021e      0x174 Core/Src/main.o
 .debug_macro   0x0000000000010392       0x5a Core/Src/main.o
 .debug_macro   0x00000000000103ec      0x5be Core/Src/main.o
 .debug_macro   0x00000000000109aa      0x289 Core/Src/main.o
 .debug_macro   0x0000000000010c33      0x1cb Core/Src/main.o
 .debug_macro   0x0000000000010dfe      0x114 Core/Src/main.o
 .debug_macro   0x0000000000010f12      0x1b2 Core/Src/main.o
 .debug_macro   0x00000000000110c4       0x27 Core/Src/main.o
 .debug_macro   0x00000000000110eb      0x136 Core/Src/main.o
 .debug_macro   0x0000000000011221      0x1bc Core/Src/main.o
 .debug_macro   0x00000000000113dd       0x34 Core/Src/main.o
 .debug_macro   0x0000000000011411       0x3c Core/Src/main.o
 .debug_macro   0x000000000001144d       0x57 Core/Src/main.o
 .debug_macro   0x00000000000114a4       0x88 Core/Src/main.o
 .debug_macro   0x000000000001152c      0x241 Core/Src/main.o
 .debug_macro   0x000000000001176d      0x141 Core/Src/main.o
 .debug_macro   0x00000000000118ae      0x217 Core/Src/main.o
 .debug_macro   0x0000000000011ac5      0x26b Core/Src/main.o
 .debug_macro   0x0000000000011d30       0x65 Core/Src/main.o
 .debug_macro   0x0000000000011d95      0x249 Core/Src/main.o
 .debug_macro   0x0000000000011fde       0x83 Core/Src/main.o
 .debug_macro   0x0000000000012061       0x10 Core/Src/main.o
 .debug_macro   0x0000000000012071       0xde Core/Src/main.o
 .debug_macro   0x000000000001214f       0xf5 Core/Src/main.o
 .debug_macro   0x0000000000012244       0x8e Core/Src/main.o
 .debug_macro   0x00000000000122d2      0x1c2 Core/Src/stm32f1xx_hal_msp.o
 .debug_macro   0x0000000000012494      0x1cc Core/Src/stm32f1xx_it.o
 .debug_macro   0x0000000000012660      0x1b9 Core/Src/system_stm32f1xx.o
 .debug_macro   0x0000000000012819      0x1d7 Drivers/STM32F1xx_HAL_Driver/Src/stm32f1xx_hal.o
 .debug_macro   0x00000000000129f0      0x1b3 Drivers/STM32F1xx_HAL_Driver/Src/stm32f1xx_hal_cortex.o
 .debug_macro   0x0000000000012ba3      0x1b3 Drivers/STM32F1xx_HAL_Driver/Src/stm32f1xx_hal_dma.o
 .debug_macro   0x0000000000012d56      0x21e Drivers/STM32F1xx_HAL_Driver/Src/stm32f1xx_hal_gpio.o
 .debug_macro   0x0000000000012f74      0x1bf Drivers/STM32F1xx_HAL_Driver/Src/stm32f1xx_hal_pcd.o
 .debug_macro   0x0000000000013133      0x1c5 Drivers/STM32F1xx_HAL_Driver/Src/stm32f1xx_hal_rcc.o
 .debug_macro   0x00000000000132f8      0x1b3 Drivers/STM32F1xx_HAL_Driver/Src/stm32f1xx_hal_rcc_ex.o
 .debug_macro   0x00000000000134ab      0x1bb Drivers/STM32F1xx_HAL_Driver/Src/stm32f1xx_hal_spi.o
 .debug_macro   0x0000000000013666      0x1b4 Drivers/STM32F1xx_HAL_Driver/Src/stm32f1xx_hal_uart.o
 .debug_macro   0x000000000001381a      0x1b3 Drivers/STM32F1xx_HAL_Driver/Src/stm32f1xx_ll_usb.o
 .debug_macro   0x00000000000139cd      0x215 FATFS/App/fatfs.o
 .debug_macro   0x0000000000013be2       0xd8 FATFS/App/fatfs.o
 .debug_macro   0x0000000000013cba      0x1ef FATFS/Target/fatfs_sd.o
 .debug_macro   0x0000000000013ea9       0x16 FATFS/Target/fatfs_sd.o
 .debug_macro   0x0000000000013ebf       0x7c FATFS/Target/fatfs_sd.o
 .debug_macro   0x0000000000013f3b       0x6a FATFS/Target/fatfs_sd.o
 .debug_macro   0x0000000000013fa5       0x16 FATFS/Target/fatfs_sd.o
 .debug_macro   0x0000000000013fbb      0x2c6 FATFS/Target/user_diskio.o
 .debug_macro   0x0000000000014281       0x10 FATFS/Target/user_diskio.o
 .debug_macro   0x0000000000014291       0x20 FATFS/Target/user_diskio.o
 .debug_macro   0x00000000000142b1       0xbd FATFS/Target/user_diskio.o
 .debug_macro   0x000000000001436e       0x54 FATFS/Target/user_diskio.o
 .debug_macro   0x00000000000143c2      0x202 Middlewares/Third_Party/FatFs/src/diskio.o
 .debug_macro   0x00000000000145c4      0x449 Middlewares/Third_Party/FatFs/src/ff.o
 .debug_macro   0x0000000000014a0d       0x58 Middlewares/Third_Party/FatFs/src/ff.o
 .debug_macro   0x0000000000014a65      0x202 Middlewares/Third_Party/FatFs/src/ff_gen_drv.o
 .debug_macro   0x0000000000014c67      0x1f0 Middlewares/Third_Party/FatFs/src/option/ccsbcs.o

.debug_line     0x0000000000000000     0xd217
 .debug_line    0x0000000000000000      0x839 Core/Src/main.o
 .debug_line    0x0000000000000839      0x729 Core/Src/stm32f1xx_hal_msp.o
 .debug_line    0x0000000000000f62      0x755 Core/Src/stm32f1xx_it.o
 .debug_line    0x00000000000016b7      0x694 Core/Src/system_stm32f1xx.o
 .debug_line    0x0000000000001d4b       0x84 Core/Startup/startup_stm32f103c8tx.o
 .debug_line    0x0000000000001dcf      0x83c Drivers/STM32F1xx_HAL_Driver/Src/stm32f1xx_hal.o
 .debug_line    0x000000000000260b      0x915 Drivers/STM32F1xx_HAL_Driver/Src/stm32f1xx_hal_cortex.o
 .debug_line    0x0000000000002f20      0xaa3 Drivers/STM32F1xx_HAL_Driver/Src/stm32f1xx_hal_dma.o
 .debug_line    0x00000000000039c3      0x83c Drivers/STM32F1xx_HAL_Driver/Src/stm32f1xx_hal_gpio.o
 .debug_line    0x00000000000041ff      0xb2f Drivers/STM32F1xx_HAL_Driver/Src/stm32f1xx_hal_pcd.o
 .debug_line    0x0000000000004d2e      0x8fe Drivers/STM32F1xx_HAL_Driver/Src/stm32f1xx_hal_rcc.o
 .debug_line    0x000000000000562c      0x71c Drivers/STM32F1xx_HAL_Driver/Src/stm32f1xx_hal_rcc_ex.o
 .debug_line    0x0000000000005d48     0x100a Drivers/STM32F1xx_HAL_Driver/Src/stm32f1xx_hal_spi.o
 .debug_line    0x0000000000006d52      0xf47 Drivers/STM32F1xx_HAL_Driver/Src/stm32f1xx_hal_uart.o
 .debug_line    0x0000000000007c99      0xb48 Drivers/STM32F1xx_HAL_Driver/Src/stm32f1xx_ll_usb.o
 .debug_line    0x00000000000087e1      0x6f5 FATFS/App/fatfs.o
 .debug_line    0x0000000000008ed6      0x9d2 FATFS/Target/fatfs_sd.o
 .debug_line    0x00000000000098a8      0x86c FATFS/Target/user_diskio.o
 .debug_line    0x000000000000a114      0x71f Middlewares/Third_Party/FatFs/src/diskio.o
 .debug_line    0x000000000000a833     0x1b96 Middlewares/Third_Party/FatFs/src/ff.o
 .debug_line    0x000000000000c3c9      0x71e Middlewares/Third_Party/FatFs/src/ff_gen_drv.o
 .debug_line    0x000000000000cae7      0x730 Middlewares/Third_Party/FatFs/src/option/ccsbcs.o

.debug_str      0x0000000000000000    0x6fc98
 .debug_str     0x0000000000000000    0x69a18 Core/Src/main.o
                                      0x69e31 (size before relaxing)
 .debug_str     0x0000000000069a18       0xc8 Core/Src/stm32f1xx_hal_msp.o
                                      0x68f20 (size before relaxing)
 .debug_str     0x0000000000069ae0      0x12f Core/Src/stm32f1xx_it.o
                                      0x688a9 (size before relaxing)
 .debug_str     0x0000000000069c0f       0xc2 Core/Src/system_stm32f1xx.o
                                      0x68658 (size before relaxing)
 .debug_str     0x0000000000069cd1       0x36 Core/Startup/startup_stm32f103c8tx.o
                                         0x7b (size before relaxing)
 .debug_str     0x0000000000069d07      0x3c5 Drivers/STM32F1xx_HAL_Driver/Src/stm32f1xx_hal.o
                                      0x68c69 (size before relaxing)
 .debug_str     0x000000000006a0cc      0x2a0 Drivers/STM32F1xx_HAL_Driver/Src/stm32f1xx_hal_cortex.o
                                      0x68c77 (size before relaxing)
 .debug_str     0x000000000006a36c      0x244 Drivers/STM32F1xx_HAL_Driver/Src/stm32f1xx_hal_dma.o
                                      0x689b9 (size before relaxing)
 .debug_str     0x000000000006a5b0      0x31f Drivers/STM32F1xx_HAL_Driver/Src/stm32f1xx_hal_gpio.o
                                      0x689a2 (size before relaxing)
 .debug_str     0x000000000006a8cf      0x390 Drivers/STM32F1xx_HAL_Driver/Src/stm32f1xx_hal_pcd.o
                                      0x68c89 (size before relaxing)
 .debug_str     0x000000000006ac5f      0x263 Drivers/STM32F1xx_HAL_Driver/Src/stm32f1xx_hal_rcc.o
                                      0x689db (size before relaxing)
 .debug_str     0x000000000006aec2       0xb9 Drivers/STM32F1xx_HAL_Driver/Src/stm32f1xx_hal_rcc_ex.o
                                      0x68768 (size before relaxing)
 .debug_str     0x000000000006af7b      0x524 Drivers/STM32F1xx_HAL_Driver/Src/stm32f1xx_hal_spi.o
                                      0x68ec9 (size before relaxing)
 .debug_str     0x000000000006b49f      0x50d Drivers/STM32F1xx_HAL_Driver/Src/stm32f1xx_hal_uart.o
                                      0x68eca (size before relaxing)
 .debug_str     0x000000000006b9ac      0x2f8 Drivers/STM32F1xx_HAL_Driver/Src/stm32f1xx_ll_usb.o
                                      0x68acf (size before relaxing)
 .debug_str     0x000000000006bca4       0x2f FATFS/App/fatfs.o
                                      0x68ecb (size before relaxing)
 .debug_str     0x000000000006bcd3      0x250 FATFS/Target/fatfs_sd.o
                                      0x68dba (size before relaxing)
 .debug_str     0x000000000006bf23     0x2f67 FATFS/Target/user_diskio.o
                                      0x6be8a (size before relaxing)
 .debug_str     0x000000000006ee8a       0x52 Middlewares/Third_Party/FatFs/src/diskio.o
                                      0x68e02 (size before relaxing)
 .debug_str     0x000000000006eedc      0xcb0 Middlewares/Third_Party/FatFs/src/ff.o
                                      0x69c6b (size before relaxing)
 .debug_str     0x000000000006fb8c       0xa2 Middlewares/Third_Party/FatFs/src/ff_gen_drv.o
                                      0x68e53 (size before relaxing)
 .debug_str     0x000000000006fc2e       0x6a Middlewares/Third_Party/FatFs/src/option/ccsbcs.o
                                      0x68bf3 (size before relaxing)

.comment        0x0000000000000000       0x7b
 .comment       0x0000000000000000       0x7b Core/Src/main.o
                                         0x7c (size before relaxing)
 .comment       0x000000000000007b       0x7c Core/Src/stm32f1xx_hal_msp.o
 .comment       0x000000000000007b       0x7c Core/Src/stm32f1xx_it.o
 .comment       0x000000000000007b       0x7c Core/Src/system_stm32f1xx.o
 .comment       0x000000000000007b       0x7c Drivers/STM32F1xx_HAL_Driver/Src/stm32f1xx_hal.o
 .comment       0x000000000000007b       0x7c Drivers/STM32F1xx_HAL_Driver/Src/stm32f1xx_hal_cortex.o
 .comment       0x000000000000007b       0x7c Drivers/STM32F1xx_HAL_Driver/Src/stm32f1xx_hal_dma.o
 .comment       0x000000000000007b       0x7c Drivers/STM32F1xx_HAL_Driver/Src/stm32f1xx_hal_gpio.o
 .comment       0x000000000000007b       0x7c Drivers/STM32F1xx_HAL_Driver/Src/stm32f1xx_hal_pcd.o
 .comment       0x000000000000007b       0x7c Drivers/STM32F1xx_HAL_Driver/Src/stm32f1xx_hal_rcc.o
 .comment       0x000000000000007b       0x7c Drivers/STM32F1xx_HAL_Driver/Src/stm32f1xx_hal_rcc_ex.o
 .comment       0x000000000000007b       0x7c Drivers/STM32F1xx_HAL_Driver/Src/stm32f1xx_hal_spi.o
 .comment       0x000000000000007b       0x7c Drivers/STM32F1xx_HAL_Driver/Src/stm32f1xx_hal_uart.o
 .comment       0x000000000000007b       0x7c Drivers/STM32F1xx_HAL_Driver/Src/stm32f1xx_ll_usb.o
 .comment       0x000000000000007b       0x7c FATFS/App/fatfs.o
 .comment       0x000000000000007b       0x7c FATFS/Target/fatfs_sd.o
 .comment       0x000000000000007b       0x7c FATFS/Target/user_diskio.o
 .comment       0x000000000000007b       0x7c Middlewares/Third_Party/FatFs/src/diskio.o
 .comment       0x000000000000007b       0x7c Middlewares/Third_Party/FatFs/src/ff.o
 .comment       0x000000000000007b       0x7c Middlewares/Third_Party/FatFs/src/ff_gen_drv.o
 .comment       0x000000000000007b       0x7c Middlewares/Third_Party/FatFs/src/option/ccsbcs.o

.debug_frame    0x0000000000000000     0x3b00
 .debug_frame   0x0000000000000000      0x138 Core/Src/main.o
 .debug_frame   0x0000000000000138      0x118 Core/Src/stm32f1xx_hal_msp.o
 .debug_frame   0x0000000000000250      0x180 Core/Src/stm32f1xx_it.o
 .debug_frame   0x00000000000003d0       0x58 Core/Src/system_stm32f1xx.o
 .debug_frame   0x0000000000000428      0x334 Drivers/STM32F1xx_HAL_Driver/Src/stm32f1xx_hal.o
 .debug_frame   0x000000000000075c      0x428 Drivers/STM32F1xx_HAL_Driver/Src/stm32f1xx_hal_cortex.o
 .debug_frame   0x0000000000000b84      0x208 Drivers/STM32F1xx_HAL_Driver/Src/stm32f1xx_hal_dma.o
 .debug_frame   0x0000000000000d8c      0x14c Drivers/STM32F1xx_HAL_Driver/Src/stm32f1xx_hal_gpio.o
 .debug_frame   0x0000000000000ed8      0x500 Drivers/STM32F1xx_HAL_Driver/Src/stm32f1xx_hal_pcd.o
 .debug_frame   0x00000000000013d8      0x21c Drivers/STM32F1xx_HAL_Driver/Src/stm32f1xx_hal_rcc.o
 .debug_frame   0x00000000000015f4       0x84 Drivers/STM32F1xx_HAL_Driver/Src/stm32f1xx_hal_rcc_ex.o
 .debug_frame   0x0000000000001678      0x824 Drivers/STM32F1xx_HAL_Driver/Src/stm32f1xx_hal_spi.o
 .debug_frame   0x0000000000001e9c      0x834 Drivers/STM32F1xx_HAL_Driver/Src/stm32f1xx_hal_uart.o
 .debug_frame   0x00000000000026d0      0x4d8 Drivers/STM32F1xx_HAL_Driver/Src/stm32f1xx_ll_usb.o
 .debug_frame   0x0000000000002ba8       0x4c FATFS/App/fatfs.o
 .debug_frame   0x0000000000002bf4      0x268 FATFS/Target/fatfs_sd.o
 .debug_frame   0x0000000000002e5c       0xc4 FATFS/Target/user_diskio.o
 .debug_frame   0x0000000000002f20       0xec Middlewares/Third_Party/FatFs/src/diskio.o
 .debug_frame   0x000000000000300c      0x980 Middlewares/Third_Party/FatFs/src/ff.o
 .debug_frame   0x000000000000398c       0xc8 Middlewares/Third_Party/FatFs/src/ff_gen_drv.o
 .debug_frame   0x0000000000003a54       0x60 Middlewares/Third_Party/FatFs/src/option/ccsbcs.o
 .debug_frame   0x0000000000003ab4       0x2c c:/st/stm32cubeide_1.4.0/stm32cubeide/plugins/com.st.stm32cube.ide.mcu.externaltools.gnu-tools-for-stm32.7-2018-q2-update.win32_1.4.0.202007081208/tools/bin/../lib/gcc/arm-none-eabi/7.3.1/../../../../arm-none-eabi/lib/thumb/v7-m\libc_nano.a(lib_a-init.o)
 .debug_frame   0x0000000000003ae0       0x20 c:/st/stm32cubeide_1.4.0/stm32cubeide/plugins/com.st.stm32cube.ide.mcu.externaltools.gnu-tools-for-stm32.7-2018-q2-update.win32_1.4.0.202007081208/tools/bin/../lib/gcc/arm-none-eabi/7.3.1/../../../../arm-none-eabi/lib/thumb/v7-m\libc_nano.a(lib_a-memset.o)
