Archive member included to satisfy reference by file (symbol)

d:/stm32cubeide_1.4.0/stm32cubeide/plugins/com.st.stm32cube.ide.mcu.externaltools.gnu-tools-for-stm32.7-2018-q2-update.win32_1.4.0.202007081208/tools/bin/../lib/gcc/arm-none-eabi/7.3.1/../../../../arm-none-eabi/lib/thumb/v7-m\libc_nano.a(lib_a-errno.o)
                              Core/Src/syscalls.o (__errno)
d:/stm32cubeide_1.4.0/stm32cubeide/plugins/com.st.stm32cube.ide.mcu.externaltools.gnu-tools-for-stm32.7-2018-q2-update.win32_1.4.0.202007081208/tools/bin/../lib/gcc/arm-none-eabi/7.3.1/../../../../arm-none-eabi/lib/thumb/v7-m\libc_nano.a(lib_a-exit.o)
                              d:/stm32cubeide_1.4.0/stm32cubeide/plugins/com.st.stm32cube.ide.mcu.externaltools.gnu-tools-for-stm32.7-2018-q2-update.win32_1.4.0.202007081208/tools/bin/../lib/gcc/arm-none-eabi/7.3.1/../../../../arm-none-eabi/lib/thumb/v7-m/crt0.o (exit)
d:/stm32cubeide_1.4.0/stm32cubeide/plugins/com.st.stm32cube.ide.mcu.externaltools.gnu-tools-for-stm32.7-2018-q2-update.win32_1.4.0.202007081208/tools/bin/../lib/gcc/arm-none-eabi/7.3.1/../../../../arm-none-eabi/lib/thumb/v7-m\libc_nano.a(lib_a-impure.o)
                              d:/stm32cubeide_1.4.0/stm32cubeide/plugins/com.st.stm32cube.ide.mcu.externaltools.gnu-tools-for-stm32.7-2018-q2-update.win32_1.4.0.202007081208/tools/bin/../lib/gcc/arm-none-eabi/7.3.1/../../../../arm-none-eabi/lib/thumb/v7-m\libc_nano.a(lib_a-exit.o) (_global_impure_ptr)
d:/stm32cubeide_1.4.0/stm32cubeide/plugins/com.st.stm32cube.ide.mcu.externaltools.gnu-tools-for-stm32.7-2018-q2-update.win32_1.4.0.202007081208/tools/bin/../lib/gcc/arm-none-eabi/7.3.1/../../../../arm-none-eabi/lib/thumb/v7-m\libc_nano.a(lib_a-init.o)
                              d:/stm32cubeide_1.4.0/stm32cubeide/plugins/com.st.stm32cube.ide.mcu.externaltools.gnu-tools-for-stm32.7-2018-q2-update.win32_1.4.0.202007081208/tools/bin/../lib/gcc/arm-none-eabi/7.3.1/../../../../arm-none-eabi/lib/thumb/v7-m/crt0.o (__libc_init_array)
d:/stm32cubeide_1.4.0/stm32cubeide/plugins/com.st.stm32cube.ide.mcu.externaltools.gnu-tools-for-stm32.7-2018-q2-update.win32_1.4.0.202007081208/tools/bin/../lib/gcc/arm-none-eabi/7.3.1/../../../../arm-none-eabi/lib/thumb/v7-m\libc_nano.a(lib_a-memset.o)
                              d:/stm32cubeide_1.4.0/stm32cubeide/plugins/com.st.stm32cube.ide.mcu.externaltools.gnu-tools-for-stm32.7-2018-q2-update.win32_1.4.0.202007081208/tools/bin/../lib/gcc/arm-none-eabi/7.3.1/../../../../arm-none-eabi/lib/thumb/v7-m/crt0.o (memset)
d:/stm32cubeide_1.4.0/stm32cubeide/plugins/com.st.stm32cube.ide.mcu.externaltools.gnu-tools-for-stm32.7-2018-q2-update.win32_1.4.0.202007081208/tools/bin/../lib/gcc/arm-none-eabi/7.3.1/../../../../arm-none-eabi/lib/thumb/v7-m\libm.a(lib_a-s_atan.o)
                              Core/Src/main.o (atan)
d:/stm32cubeide_1.4.0/stm32cubeide/plugins/com.st.stm32cube.ide.mcu.externaltools.gnu-tools-for-stm32.7-2018-q2-update.win32_1.4.0.202007081208/tools/bin/../lib/gcc/arm-none-eabi/7.3.1/../../../../arm-none-eabi/lib/thumb/v7-m\libm.a(lib_a-s_fabs.o)
                              d:/stm32cubeide_1.4.0/stm32cubeide/plugins/com.st.stm32cube.ide.mcu.externaltools.gnu-tools-for-stm32.7-2018-q2-update.win32_1.4.0.202007081208/tools/bin/../lib/gcc/arm-none-eabi/7.3.1/../../../../arm-none-eabi/lib/thumb/v7-m\libm.a(lib_a-s_atan.o) (fabs)
d:/stm32cubeide_1.4.0/stm32cubeide/plugins/com.st.stm32cube.ide.mcu.externaltools.gnu-tools-for-stm32.7-2018-q2-update.win32_1.4.0.202007081208/tools/bin/../lib/gcc/arm-none-eabi/7.3.1/../../../../arm-none-eabi/lib/thumb/v7-m\libm.a(lib_a-w_asin.o)
                              Core/Src/main.o (asin)
d:/stm32cubeide_1.4.0/stm32cubeide/plugins/com.st.stm32cube.ide.mcu.externaltools.gnu-tools-for-stm32.7-2018-q2-update.win32_1.4.0.202007081208/tools/bin/../lib/gcc/arm-none-eabi/7.3.1/../../../../arm-none-eabi/lib/thumb/v7-m\libm.a(lib_a-w_atan2.o)
                              Core/Src/main.o (atan2)
d:/stm32cubeide_1.4.0/stm32cubeide/plugins/com.st.stm32cube.ide.mcu.externaltools.gnu-tools-for-stm32.7-2018-q2-update.win32_1.4.0.202007081208/tools/bin/../lib/gcc/arm-none-eabi/7.3.1/../../../../arm-none-eabi/lib/thumb/v7-m\libm.a(lib_a-w_sqrt.o)
                              Core/Src/main.o (sqrt)
d:/stm32cubeide_1.4.0/stm32cubeide/plugins/com.st.stm32cube.ide.mcu.externaltools.gnu-tools-for-stm32.7-2018-q2-update.win32_1.4.0.202007081208/tools/bin/../lib/gcc/arm-none-eabi/7.3.1/../../../../arm-none-eabi/lib/thumb/v7-m\libm.a(lib_a-e_asin.o)
                              d:/stm32cubeide_1.4.0/stm32cubeide/plugins/com.st.stm32cube.ide.mcu.externaltools.gnu-tools-for-stm32.7-2018-q2-update.win32_1.4.0.202007081208/tools/bin/../lib/gcc/arm-none-eabi/7.3.1/../../../../arm-none-eabi/lib/thumb/v7-m\libm.a(lib_a-w_asin.o) (__ieee754_asin)
[...]
Memory Configuration

Name             Origin             Length             Attributes
RAM              0x0000000020000000 0x0000000000005000 xrw
FLASH            0x0000000008000000 0x0000000000010000 xr
*default*        0x0000000000000000 0xffffffffffffffff

Linker script and memory map

LOAD d:/stm32cubeide_1.4.0/stm32cubeide/plugins/com.st.stm32cube.ide.mcu.externaltools.gnu-tools-for-stm32.7-2018-q2-update.win32_1.4.0.202007081208/tools/bin/../lib/gcc/arm-none-eabi/7.3.1/thumb/v7-m/crti.o
LOAD d:/stm32cubeide_1.4.0/stm32cubeide/plugins/com.st.stm32cube.ide.mcu.externaltools.gnu-tools-for-stm32.7-2018-q2-update.win32_1.4.0.202007081208/tools/bin/../lib/gcc/arm-none-eabi/7.3.1/thumb/v7-m/crtbegin.o
LOAD d:/stm32cubeide_1.4.0/stm32cubeide/plugins/com.st.stm32cube.ide.mcu.externaltools.gnu-tools-for-stm32.7-2018-q2-update.win32_1.4.0.202007081208/tools/bin/../lib/gcc/arm-none-eabi/7.3.1/../../../../arm-none-eabi/lib/thumb/v7-m/crt0.o
LOAD Core/Src/main.o
LOAD Core/Src/stm32f1xx_hal_msp.o
LOAD Core/Src/stm32f1xx_it.o
LOAD Core/Src/syscalls.o
LOAD Core/Src/sysmem.o
LOAD Core/Src/system_stm32f1xx.o
LOAD Core/Startup/startup_stm32f103c8tx.o
LOAD Drivers/STM32F1xx_HAL_Driver/Src/stm32f1xx_hal.o
LOAD Drivers/STM32F1xx_HAL_Driver/Src/stm32f1xx_hal_cortex.o
LOAD Drivers/STM32F1xx_HAL_Driver/Src/stm32f1xx_hal_dma.o
LOAD Drivers/STM32F1xx_HAL_Driver/Src/stm32f1xx_hal_exti.o
LOAD Drivers/STM32F1xx_HAL_Driver/Src/stm32f1xx_hal_flash.o
LOAD Drivers/STM32F1xx_HAL_Driver/Src/stm32f1xx_hal_flash_ex.o
LOAD Drivers/STM32F1xx_HAL_Driver/Src/stm32f1xx_hal_gpio.o
LOAD Drivers/STM32F1xx_HAL_Driver/Src/stm32f1xx_hal_gpio_ex.o
LOAD Drivers/STM32F1xx_HAL_Driver/Src/stm32f1xx_hal_i2c.o
LOAD Drivers/STM32F1xx_HAL_Driver/Src/stm32f1xx_hal_pwr.o
LOAD Drivers/STM32F1xx_HAL_Driver/Src/stm32f1xx_hal_rcc.o
LOAD Drivers/STM32F1xx_HAL_Driver/Src/stm32f1xx_hal_rcc_ex.o
LOAD Drivers/STM32F1xx_HAL_Driver/Src/stm32f1xx_hal_tim.o
LOAD Drivers/STM32F1xx_HAL_Driver/Src/stm32f1xx_hal_tim_ex.o
LOAD Drivers/STM32F1xx_HAL_Driver/Src/stm32f1xx_hal_uart.o
START GROUP
LOAD d:/stm32cubeide_1.4.0/stm32cubeide/plugins/com.st.stm32cube.ide.mcu.externaltools.gnu-tools-for-stm32.7-2018-q2-update.win32_1.4.0.202007081208/tools/bin/../lib/gcc/arm-none-eabi/7.3.1/../../../../arm-none-eabi/lib/thumb/v7-m\libc_nano.a
LOAD d:/stm32cubeide_1.4.0/stm32cubeide/plugins/com.st.stm32cube.ide.mcu.externaltools.gnu-tools-for-stm32.7-2018-q2-update.win32_1.4.0.202007081208/tools/bin/../lib/gcc/arm-none-eabi/7.3.1/../../../../arm-none-eabi/lib/thumb/v7-m\libm.a
END GROUP
START GROUP
LOAD d:/stm32cubeide_1.4.0/stm32cubeide/plugins/com.st.stm32cube.ide.mcu.externaltools.gnu-tools-for-stm32.7-2018-q2-update.win32_1.4.0.202007081208/tools/bin/../lib/gcc/arm-none-eabi/7.3.1/thumb/v7-m\libgcc.a
LOAD d:/stm32cubeide_1.4.0/stm32cubeide/plugins/com.st.stm32cube.ide.mcu.externaltools.gnu-tools-for-stm32.7-2018-q2-update.win32_1.4.0.202007081208/tools/bin/../lib/gcc/arm-none-eabi/7.3.1/../../../../arm-none-eabi/lib/thumb/v7-m\libc_nano.a
END GROUP
START GROUP
LOAD d:/stm32cubeide_1.4.0/stm32cubeide/plugins/com.st.stm32cube.ide.mcu.externaltools.gnu-tools-for-stm32.7-2018-q2-update.win32_1.4.0.202007081208/tools/bin/../lib/gcc/arm-none-eabi/7.3.1/thumb/v7-m\libgcc.a
LOAD d:/stm32cubeide_1.4.0/stm32cubeide/plugins/com.st.stm32cube.ide.mcu.externaltools.gnu-tools-for-stm32.7-2018-q2-update.win32_1.4.0.202007081208/tools/bin/../lib/gcc/arm-none-eabi/7.3.1/../../../../arm-none-eabi/lib/thumb/v7-m\libc_nano.a
LOAD d:/stm32cubeide_1.4.0/stm32cubeide/plugins/com.st.stm32cube.ide.mcu.externaltools.gnu-tools-for-stm32.7-2018-q2-update.win32_1.4.0.202007081208/tools/bin/../lib/gcc/arm-none-eabi/7.3.1/../../../../arm-none-eabi/lib/thumb/v7-m\libnosys.a
END GROUP
START GROUP
LOAD d:/stm32cubeide_1.4.0/stm32cubeide/plugins/com.st.stm32cube.ide.mcu.externaltools.gnu-tools-for-stm32.7-2018-q2-update.win32_1.4.0.202007081208/tools/bin/../lib/gcc/arm-none-eabi/7.3.1/thumb/v7-m\libgcc.a
LOAD d:/stm32cubeide_1.4.0/stm32cubeide/plugins/com.st.stm32cube.ide.mcu.externaltools.gnu-tools-for-stm32.7-2018-q2-update.win32_1.4.0.202007081208/tools/bin/../lib/gcc/arm-none-eabi/7.3.1/../../../../arm-none-eabi/lib/thumb/v7-m\libc_nano.a
LOAD d:/stm32cubeide_1.4.0/stm32cubeide/plugins/com.st.stm32cube.ide.mcu.externaltools.gnu-tools-for-stm32.7-2018-q2-update.win32_1.4.0.202007081208/tools/bin/../lib/gcc/arm-none-eabi/7.3.1/../../../../arm-none-eabi/lib/thumb/v7-m\libnosys.a
END GROUP
LOAD d:/stm32cubeide_1.4.0/stm32cubeide/plugins/com.st.stm32cube.ide.mcu.externaltools.gnu-tools-for-stm32.7-2018-q2-update.win32_1.4.0.202007081208/tools/bin/../lib/gcc/arm-none-eabi/7.3.1/thumb/v7-m/crtend.o
LOAD d:/stm32cubeide_1.4.0/stm32cubeide/plugins/com.st.stm32cube.ide.mcu.externaltools.gnu-tools-for-stm32.7-2018-q2-update.win32_1.4.0.202007081208/tools/bin/../lib/gcc/arm-none-eabi/7.3.1/thumb/v7-m/crtn.o
                0x0000000020005000                _estack = (ORIGIN (RAM) + LENGTH (RAM))
                0x0000000000000200                _Min_Heap_Size = 0x200
                0x0000000000000400                _Min_Stack_Size = 0x400

.isr_vector     0x0000000008000000      0x10c
                0x0000000008000000                . = ALIGN (0x4)
 *(.isr_vector)
 .isr_vector    0x0000000008000000      0x10c Core/Startup/startup_stm32f103c8tx.o
                0x0000000008000000                g_pfnVectors
                0x000000000800010c                . = ALIGN (0x4)

.text           0x000000000800010c     0x1e98
                0x000000000800010c                . = ALIGN (0x4)
 *(.text)
 .text          0x000000000800010c       0x40 d:/stm32cubeide_1.4.0/stm32cubeide/plugins/com.st.stm32cube.ide.mcu.externaltools.gnu-tools-for-stm32.7-2018-q2-update.win32_1.4.0.202007081208/tools/bin/../lib/gcc/arm-none-eabi/7.3.1/thumb/v7-m/crtbegin.o
 *(.text*)
 .text.wait_for_gpio_state_timeout
                0x000000000800014c       0x66 Core/Src/main.o
 *fill*         0x00000000080001b2        0x2 
 .text.I2C_ClearBusyFlagErratum
                0x00000000080001b4      0x158 Core/Src/main.o
 .text.main     0x000000000800030c       0x48 Core/Src/main.o
                0x000000000800030c                main
 .text.SystemClock_Config
                0x0000000008000354       0x76 Core/Src/main.o
                0x0000000008000354                SystemClock_Config
 *fill*         0x00000000080003ca        0x2 
 .text.MX_I2C1_Init
                0x00000000080003cc       0x5c Core/Src/main.o
 .text.MX_USART1_UART_Init
                0x0000000008000428       0x54 Core/Src/main.o
 .text.MX_GPIO_Init
                0x000000000800047c       0x44 Core/Src/main.o
 .text.Error_Handler
                0x00000000080004c0        0xc Core/Src/main.o
                0x00000000080004c0                Error_Handler
 .text.HAL_MspInit
                0x00000000080004cc       0x64 Core/Src/stm32f1xx_hal_msp.o
                0x00000000080004cc                HAL_MspInit
 .text.HAL_I2C_MspInit
                0x0000000008000530       0xa0 Core/Src/stm32f1xx_hal_msp.o
                0x0000000008000530                HAL_I2C_MspInit
 .text.HAL_I2C_MspDeInit
                0x00000000080005d0       0x48 Core/Src/stm32f1xx_hal_msp.o
                0x00000000080005d0                HAL_I2C_MspDeInit
 .text.HAL_UART_MspInit
                0x0000000008000618       0x98 Core/Src/stm32f1xx_hal_msp.o
                0x0000000008000618                HAL_UART_MspInit
 .text.NMI_Handler
                0x00000000080006b0        0xc Core/Src/stm32f1xx_it.o
                0x00000000080006b0                NMI_Handler
 .text.HardFault_Handler
                0x00000000080006bc        0x6 Core/Src/stm32f1xx_it.o
                0x00000000080006bc                HardFault_Handler
 .text.MemManage_Handler
                0x00000000080006c2        0x6 Core/Src/stm32f1xx_it.o
                0x00000000080006c2                MemManage_Handler
 .text.BusFault_Handler
                0x00000000080006c8        0x6 Core/Src/stm32f1xx_it.o
                0x00000000080006c8                BusFault_Handler
 .text.UsageFault_Handler
                0x00000000080006ce        0x6 Core/Src/stm32f1xx_it.o
                0x00000000080006ce                UsageFault_Handler
 .text.SVC_Handler
                0x00000000080006d4        0xc Core/Src/stm32f1xx_it.o
                0x00000000080006d4                SVC_Handler
 .text.DebugMon_Handler
                0x00000000080006e0        0xc Core/Src/stm32f1xx_it.o
                0x00000000080006e0                DebugMon_Handler
 .text.PendSV_Handler
                0x00000000080006ec        0xc Core/Src/stm32f1xx_it.o
                0x00000000080006ec                PendSV_Handler
 .text.SysTick_Handler
                0x00000000080006f8        0xc Core/Src/stm32f1xx_it.o
                0x00000000080006f8                SysTick_Handler
 .text.SystemInit
                0x0000000008000704       0x68 Core/Src/system_stm32f1xx.o
                0x0000000008000704                SystemInit
 .text.Reset_Handler
                0x000000000800076c       0x48 Core/Startup/startup_stm32f103c8tx.o
                0x000000000800076c                Reset_Handler
 .text.Default_Handler
                0x00000000080007b4        0x2 Core/Startup/startup_stm32f103c8tx.o
                0x00000000080007b4                RTC_Alarm_IRQHandler
                0x00000000080007b4                EXTI2_IRQHandler
                0x00000000080007b4                TIM1_CC_IRQHandler
                0x00000000080007b4                PVD_IRQHandler
                0x00000000080007b4                EXTI3_IRQHandler
                0x00000000080007b4                EXTI0_IRQHandler
                0x00000000080007b4                I2C2_EV_IRQHandler
                0x00000000080007b4                ADC1_2_IRQHandler
                0x00000000080007b4                SPI1_IRQHandler
                0x00000000080007b4                TAMPER_IRQHandler
                0x00000000080007b4                DMA1_Channel4_IRQHandler
                0x00000000080007b4                USART3_IRQHandler
                0x00000000080007b4                RTC_IRQHandler
                0x00000000080007b4                DMA1_Channel7_IRQHandler
                0x00000000080007b4                CAN1_RX1_IRQHandler
                0x00000000080007b4                TIM4_IRQHandler
                0x00000000080007b4                I2C1_EV_IRQHandler
                0x00000000080007b4                DMA1_Channel6_IRQHandler
                0x00000000080007b4                TIM3_IRQHandler
                0x00000000080007b4                RCC_IRQHandler
                0x00000000080007b4                TIM1_TRG_COM_IRQHandler
                0x00000000080007b4                DMA1_Channel1_IRQHandler
                0x00000000080007b4                Default_Handler
                0x00000000080007b4                EXTI15_10_IRQHandler
                0x00000000080007b4                EXTI9_5_IRQHandler
                0x00000000080007b4                SPI2_IRQHandler
                0x00000000080007b4                DMA1_Channel5_IRQHandler
                0x00000000080007b4                EXTI4_IRQHandler
                0x00000000080007b4                USB_LP_CAN1_RX0_IRQHandler
                0x00000000080007b4                USB_HP_CAN1_TX_IRQHandler
                0x00000000080007b4                DMA1_Channel3_IRQHandler
                0x00000000080007b4                TIM1_UP_IRQHandler
                0x00000000080007b4                WWDG_IRQHandler
                0x00000000080007b4                TIM2_IRQHandler
                0x00000000080007b4                TIM1_BRK_IRQHandler
                0x00000000080007b4                EXTI1_IRQHandler
                0x00000000080007b4                USART2_IRQHandler
                0x00000000080007b4                I2C2_ER_IRQHandler
                0x00000000080007b4                DMA1_Channel2_IRQHandler
                0x00000000080007b4                CAN1_SCE_IRQHandler
                0x00000000080007b4                FLASH_IRQHandler
                0x00000000080007b4                USART1_IRQHandler
                0x00000000080007b4                I2C1_ER_IRQHandler
                0x00000000080007b4                USBWakeUp_IRQHandler
 *fill*         0x00000000080007b6        0x2 
 .text.HAL_Init
                0x00000000080007b8       0x2c Drivers/STM32F1xx_HAL_Driver/Src/stm32f1xx_hal.o
                0x00000000080007b8                HAL_Init
 .text.HAL_InitTick
                0x00000000080007e4       0x60 Drivers/STM32F1xx_HAL_Driver/Src/stm32f1xx_hal.o
                0x00000000080007e4                HAL_InitTick
 .text.HAL_IncTick
                0x0000000008000844       0x24 Drivers/STM32F1xx_HAL_Driver/Src/stm32f1xx_hal.o
                0x0000000008000844                HAL_IncTick
 .text.HAL_GetTick
                0x0000000008000868       0x14 Drivers/STM32F1xx_HAL_Driver/Src/stm32f1xx_hal.o
                0x0000000008000868                HAL_GetTick
 .text.__NVIC_SetPriorityGrouping
                0x000000000800087c       0x48 Drivers/STM32F1xx_HAL_Driver/Src/stm32f1xx_hal_cortex.o
 .text.__NVIC_GetPriorityGrouping
                0x00000000080008c4       0x1c Drivers/STM32F1xx_HAL_Driver/Src/stm32f1xx_hal_cortex.o
 .text.__NVIC_SetPriority
                0x00000000080008e0       0x54 Drivers/STM32F1xx_HAL_Driver/Src/stm32f1xx_hal_cortex.o
 .text.NVIC_EncodePriority
                0x0000000008000934       0x64 Drivers/STM32F1xx_HAL_Driver/Src/stm32f1xx_hal_cortex.o
 .text.SysTick_Config
                0x0000000008000998       0x44 Drivers/STM32F1xx_HAL_Driver/Src/stm32f1xx_hal_cortex.o
 .text.HAL_NVIC_SetPriorityGrouping
                0x00000000080009dc       0x16 Drivers/STM32F1xx_HAL_Driver/Src/stm32f1xx_hal_cortex.o
                0x00000000080009dc                HAL_NVIC_SetPriorityGrouping
 .text.HAL_NVIC_SetPriority
                0x00000000080009f2       0x38 Drivers/STM32F1xx_HAL_Driver/Src/stm32f1xx_hal_cortex.o
                0x00000000080009f2                HAL_NVIC_SetPriority
 .text.HAL_SYSTICK_Config
                0x0000000008000a2a       0x18 Drivers/STM32F1xx_HAL_Driver/Src/stm32f1xx_hal_cortex.o
                0x0000000008000a2a                HAL_SYSTICK_Config
 *fill*         0x0000000008000a42        0x2 
 .text.HAL_GPIO_Init
                0x0000000008000a44      0x2b4 Drivers/STM32F1xx_HAL_Driver/Src/stm32f1xx_hal_gpio.o
                0x0000000008000a44                HAL_GPIO_Init
 .text.HAL_GPIO_DeInit
                0x0000000008000cf8      0x178 Drivers/STM32F1xx_HAL_Driver/Src/stm32f1xx_hal_gpio.o
                0x0000000008000cf8                HAL_GPIO_DeInit
 .text.HAL_GPIO_ReadPin
                0x0000000008000e70       0x2e Drivers/STM32F1xx_HAL_Driver/Src/stm32f1xx_hal_gpio.o
                0x0000000008000e70                HAL_GPIO_ReadPin
 .text.HAL_GPIO_WritePin
                0x0000000008000e9e       0x30 Drivers/STM32F1xx_HAL_Driver/Src/stm32f1xx_hal_gpio.o
                0x0000000008000e9e                HAL_GPIO_WritePin
 *fill*         0x0000000008000ece        0x2 
 .text.HAL_I2C_Init
                0x0000000008000ed0      0x270 Drivers/STM32F1xx_HAL_Driver/Src/stm32f1xx_hal_i2c.o
                0x0000000008000ed0                HAL_I2C_Init
 .text.HAL_I2C_DeInit
                0x0000000008001140       0x5e Drivers/STM32F1xx_HAL_Driver/Src/stm32f1xx_hal_i2c.o
                0x0000000008001140                HAL_I2C_DeInit
 *fill*         0x000000000800119e        0x2 
 .text.HAL_I2C_IsDeviceReady
                0x00000000080011a0      0x25c Drivers/STM32F1xx_HAL_Driver/Src/stm32f1xx_hal_i2c.o
                0x00000000080011a0                HAL_I2C_IsDeviceReady
 .text.I2C_WaitOnFlagUntilTimeout
                0x00000000080013fc       0xae Drivers/STM32F1xx_HAL_Driver/Src/stm32f1xx_hal_i2c.o
 *fill*         0x00000000080014aa        0x2 
 .text.HAL_RCC_OscConfig
                0x00000000080014ac      0x500 Drivers/STM32F1xx_HAL_Driver/Src/stm32f1xx_hal_rcc.o
                0x00000000080014ac                HAL_RCC_OscConfig
 .text.HAL_RCC_ClockConfig
                0x00000000080019ac      0x1d4 Drivers/STM32F1xx_HAL_Driver/Src/stm32f1xx_hal_rcc.o
                0x00000000080019ac                HAL_RCC_ClockConfig
 .text.HAL_RCC_GetSysClockFreq
                0x0000000008001b80       0xc4 Drivers/STM32F1xx_HAL_Driver/Src/stm32f1xx_hal_rcc.o
                0x0000000008001b80                HAL_RCC_GetSysClockFreq
 .text.HAL_RCC_GetHCLKFreq
                0x0000000008001c44       0x14 Drivers/STM32F1xx_HAL_Driver/Src/stm32f1xx_hal_rcc.o
                0x0000000008001c44                HAL_RCC_GetHCLKFreq
 .text.HAL_RCC_GetPCLK1Freq
                0x0000000008001c58       0x28 Drivers/STM32F1xx_HAL_Driver/Src/stm32f1xx_hal_rcc.o
                0x0000000008001c58                HAL_RCC_GetPCLK1Freq
 .text.HAL_RCC_GetPCLK2Freq
                0x0000000008001c80       0x28 Drivers/STM32F1xx_HAL_Driver/Src/stm32f1xx_hal_rcc.o
                0x0000000008001c80                HAL_RCC_GetPCLK2Freq
 .text.RCC_Delay
                0x0000000008001ca8       0x3c Drivers/STM32F1xx_HAL_Driver/Src/stm32f1xx_hal_rcc.o
 .text.HAL_UART_Init
                0x0000000008001ce4       0x9a Drivers/STM32F1xx_HAL_Driver/Src/stm32f1xx_hal_uart.o
                0x0000000008001ce4                HAL_UART_Init
 *fill*         0x0000000008001d7e        0x2 
 .text.UART_SetConfig
                0x0000000008001d80      0x1b4 Drivers/STM32F1xx_HAL_Driver/Src/stm32f1xx_hal_uart.o
 .text.__libc_init_array
                0x0000000008001f34       0x48 d:/stm32cubeide_1.4.0/stm32cubeide/plugins/com.st.stm32cube.ide.mcu.externaltools.gnu-tools-for-stm32.7-2018-q2-update.win32_1.4.0.202007081208/tools/bin/../lib/gcc/arm-none-eabi/7.3.1/../../../../arm-none-eabi/lib/thumb/v7-m\libc_nano.a(lib_a-init.o)
                0x0000000008001f34                __libc_init_array
 .text.memset   0x0000000008001f7c       0x10 d:/stm32cubeide_1.4.0/stm32cubeide/plugins/com.st.stm32cube.ide.mcu.externaltools.gnu-tools-for-stm32.7-2018-q2-update.win32_1.4.0.202007081208/tools/bin/../lib/gcc/arm-none-eabi/7.3.1/../../../../arm-none-eabi/lib/thumb/v7-m\libc_nano.a(lib_a-memset.o)
                0x0000000008001f7c                memset
 *(.glue_7)
 .glue_7        0x0000000008001f8c        0x0 linker stubs
 *(.glue_7t)
 .glue_7t       0x0000000008001f8c        0x0 linker stubs
 *(.eh_frame)
 .eh_frame      0x0000000008001f8c        0x0 d:/stm32cubeide_1.4.0/stm32cubeide/plugins/com.st.stm32cube.ide.mcu.externaltools.gnu-tools-for-stm32.7-2018-q2-update.win32_1.4.0.202007081208/tools/bin/../lib/gcc/arm-none-eabi/7.3.1/thumb/v7-m/crtbegin.o
 *(.init)
 .init          0x0000000008001f8c        0x4 d:/stm32cubeide_1.4.0/stm32cubeide/plugins/com.st.stm32cube.ide.mcu.externaltools.gnu-tools-for-stm32.7-2018-q2-update.win32_1.4.0.202007081208/tools/bin/../lib/gcc/arm-none-eabi/7.3.1/thumb/v7-m/crti.o
                0x0000000008001f8c                _init
 .init          0x0000000008001f90        0x8 d:/stm32cubeide_1.4.0/stm32cubeide/plugins/com.st.stm32cube.ide.mcu.externaltools.gnu-tools-for-stm32.7-2018-q2-update.win32_1.4.0.202007081208/tools/bin/../lib/gcc/arm-none-eabi/7.3.1/thumb/v7-m/crtn.o
 *(.fini)
 .fini          0x0000000008001f98        0x4 d:/stm32cubeide_1.4.0/stm32cubeide/plugins/com.st.stm32cube.ide.mcu.externaltools.gnu-tools-for-stm32.7-2018-q2-update.win32_1.4.0.202007081208/tools/bin/../lib/gcc/arm-none-eabi/7.3.1/thumb/v7-m/crti.o
                0x0000000008001f98                _fini
 .fini          0x0000000008001f9c        0x8 d:/stm32cubeide_1.4.0/stm32cubeide/plugins/com.st.stm32cube.ide.mcu.externaltools.gnu-tools-for-stm32.7-2018-q2-update.win32_1.4.0.202007081208/tools/bin/../lib/gcc/arm-none-eabi/7.3.1/thumb/v7-m/crtn.o
                0x0000000008001fa4                . = ALIGN (0x4)
                0x0000000008001fa4                _etext = .

.vfp11_veneer   0x0000000008001fa4        0x0
 .vfp11_veneer  0x0000000008001fa4        0x0 linker stubs

.v4_bx          0x0000000008001fa4        0x0
 .v4_bx         0x0000000008001fa4        0x0 linker stubs

.iplt           0x0000000008001fa4        0x0
 .iplt          0x0000000008001fa4        0x0 d:/stm32cubeide_1.4.0/stm32cubeide/plugins/com.st.stm32cube.ide.mcu.externaltools.gnu-tools-for-stm32.7-2018-q2-update.win32_1.4.0.202007081208/tools/bin/../lib/gcc/arm-none-eabi/7.3.1/thumb/v7-m/crtbegin.o

.rodata         0x0000000008001fa4       0x2c
                0x0000000008001fa4                . = ALIGN (0x4)
 *(.rodata)
 .rodata        0x0000000008001fa4       0x12 Drivers/STM32F1xx_HAL_Driver/Src/stm32f1xx_hal_rcc.o
 *(.rodata*)
 *fill*         0x0000000008001fb6        0x2 
 .rodata.AHBPrescTable
                0x0000000008001fb8       0x10 Core/Src/system_stm32f1xx.o
                0x0000000008001fb8                AHBPrescTable
 .rodata.APBPrescTable
                0x0000000008001fc8        0x8 Core/Src/system_stm32f1xx.o
                0x0000000008001fc8                APBPrescTable
                0x0000000008001fd0                . = ALIGN (0x4)

.rel.dyn        0x0000000008001fd0        0x0
 .rel.iplt      0x0000000008001fd0        0x0 d:/stm32cubeide_1.4.0/stm32cubeide/plugins/com.st.stm32cube.ide.mcu.externaltools.gnu-tools-for-stm32.7-2018-q2-update.win32_1.4.0.202007081208/tools/bin/../lib/gcc/arm-none-eabi/7.3.1/thumb/v7-m/crtbegin.o

.ARM.extab      0x0000000008001fd0        0x0
                0x0000000008001fd0                . = ALIGN (0x4)
 *(.ARM.extab* .gnu.linkonce.armextab.*)
                0x0000000008001fd0                . = ALIGN (0x4)

.ARM            0x0000000008001fd0        0x0
                0x0000000008001fd0                . = ALIGN (0x4)
                0x0000000008001fd0                __exidx_start = .
 *(.ARM.exidx*)
                0x0000000008001fd0                __exidx_end = .
                0x0000000008001fd0                . = ALIGN (0x4)

.preinit_array  0x0000000008001fd0        0x0
                0x0000000008001fd0                . = ALIGN (0x4)
                0x0000000008001fd0                PROVIDE (__preinit_array_start = .)
 *(.preinit_array*)
                0x0000000008001fd0                PROVIDE (__preinit_array_end = .)
                0x0000000008001fd0                . = ALIGN (0x4)

.init_array     0x0000000008001fd0        0x4
                0x0000000008001fd0                . = ALIGN (0x4)
                0x0000000008001fd0                PROVIDE (__init_array_start = .)
 *(SORT_BY_NAME(.init_array.*))
 *(.init_array*)
 .init_array    0x0000000008001fd0        0x4 d:/stm32cubeide_1.4.0/stm32cubeide/plugins/com.st.stm32cube.ide.mcu.externaltools.gnu-tools-for-stm32.7-2018-q2-update.win32_1.4.0.202007081208/tools/bin/../lib/gcc/arm-none-eabi/7.3.1/thumb/v7-m/crtbegin.o
                0x0000000008001fd4                PROVIDE (__init_array_end = .)
                0x0000000008001fd4                . = ALIGN (0x4)

.fini_array     0x0000000008001fd4        0x4
                0x0000000008001fd4                . = ALIGN (0x4)
                [!provide]                        PROVIDE (__fini_array_start = .)
 *(SORT_BY_NAME(.fini_array.*))
 *(.fini_array*)
 .fini_array    0x0000000008001fd4        0x4 d:/stm32cubeide_1.4.0/stm32cubeide/plugins/com.st.stm32cube.ide.mcu.externaltools.gnu-tools-for-stm32.7-2018-q2-update.win32_1.4.0.202007081208/tools/bin/../lib/gcc/arm-none-eabi/7.3.1/thumb/v7-m/crtbegin.o
                [!provide]                        PROVIDE (__fini_array_end = .)
                0x0000000008001fd8                . = ALIGN (0x4)
                0x0000000008001fd8                _sidata = LOADADDR (.data)

.data           0x0000000020000000        0xc load address 0x0000000008001fd8
                0x0000000020000000                . = ALIGN (0x4)
                0x0000000020000000                _sdata = .
 *(.data)
 *(.data*)
 .data.SystemCoreClock
                0x0000000020000000        0x4 Core/Src/system_stm32f1xx.o
                0x0000000020000000                SystemCoreClock
 .data.uwTickPrio
                0x0000000020000004        0x4 Drivers/STM32F1xx_HAL_Driver/Src/stm32f1xx_hal.o
                0x0000000020000004                uwTickPrio
 .data.uwTickFreq
                0x0000000020000008        0x1 Drivers/STM32F1xx_HAL_Driver/Src/stm32f1xx_hal.o
                0x0000000020000008                uwTickFreq
                0x000000002000000c                . = ALIGN (0x4)
 *fill*         0x0000000020000009        0x3 
                0x000000002000000c                _edata = .

.igot.plt       0x000000002000000c        0x0 load address 0x0000000008001fe4
 .igot.plt      0x000000002000000c        0x0 d:/stm32cubeide_1.4.0/stm32cubeide/plugins/com.st.stm32cube.ide.mcu.externaltools.gnu-tools-for-stm32.7-2018-q2-update.win32_1.4.0.202007081208/tools/bin/../lib/gcc/arm-none-eabi/7.3.1/thumb/v7-m/crtbegin.o
                0x000000002000000c                . = ALIGN (0x4)

.bss            0x0000000020000010      0x39c load address 0x0000000008001fe4
                0x0000000020000010                _sbss = .
                0x0000000020000010                __bss_start__ = _sbss
 *(.bss)
 .bss           0x0000000020000010       0x1c d:/stm32cubeide_1.4.0/stm32cubeide/plugins/com.st.stm32cube.ide.mcu.externaltools.gnu-tools-for-stm32.7-2018-q2-update.win32_1.4.0.202007081208/tools/bin/../lib/gcc/arm-none-eabi/7.3.1/thumb/v7-m/crtbegin.o
 *(.bss*)
 *(COMMON)
 *fill*         0x000000002000002c        0x4 
 COMMON         0x0000000020000030      0x378 Core/Src/main.o
                0x0000000020000030                w2_
                0x0000000020000034                Acc_z
                0x0000000020000038                t
                0x000000002000003c                Mag_x_
                0x0000000020000040                w1
                0x0000000020000044                Gyro_y_
                0x0000000020000048                Gyro_x
                0x000000002000004c                magnet_calib
                0x0000000020000058                hi2c1
                0x00000000200000b0                bGy
                0x00000000200000b8                g_
                0x00000000200000d0                g
                0x00000000200000d8                com_angle_y
                0x00000000200000dc                Acc_y
                0x00000000200000e0                data_raw
                0x00000000200000f0                Mag_y_
                0x00000000200000f4                w
                0x00000000200000f8                ax_ref
                0x0000000020000100                temp
                0x0000000020000104                Mag_z
                0x0000000020000108                gyro_angle_y
                0x000000002000010c                Gyro_x_
                0x0000000020000110                Gyro_z
                0x0000000020000114                com_angle_p
                0x0000000020000118                com_angle_r
                0x000000002000011c                Mag_x
                0x0000000020000120                huart1
                0x0000000020000160                Acc_x
                0x0000000020000168                bAy
                0x0000000020000170                az_ref
                0x0000000020000178                w2__
                0x000000002000017c                Gyro_z_
                0x0000000020000180                Acc_x_
                0x0000000020000184                Acc_z_
                0x0000000020000188                asay
                0x000000002000018c                w2
                0x0000000020000190                data
                0x0000000020000194                gyro_angle_p
                0x0000000020000198                bGx
                0x00000000200001a0                x_k
                0x00000000200001c0                Mag_y
                0x00000000200001c8                P_plus_k
                0x0000000020000350                Mag_z_
                0x0000000020000358                bAx
                0x0000000020000360                w__
                0x0000000020000364                Acc_y_
                0x0000000020000368                w_
                0x000000002000036c                gyro_angle_r
                0x0000000020000370                Gyro_y
                0x0000000020000374                pitch
                0x0000000020000378                roll
                0x000000002000037c                w1_
                0x0000000020000380                bAz
                0x0000000020000388                bGz
                0x0000000020000390                roll_acc
                0x0000000020000394                asaz
                0x0000000020000398                w1__
                0x000000002000039c                asax
                0x00000000200003a0                ay_ref
 COMMON         0x00000000200003a8        0x4 Drivers/STM32F1xx_HAL_Driver/Src/stm32f1xx_hal.o
                0x00000000200003a8                uwTick
                0x00000000200003ac                . = ALIGN (0x4)
                0x00000000200003ac                _ebss = .
                0x00000000200003ac                __bss_end__ = _ebss

._user_heap_stack
                0x00000000200003ac      0x604 load address 0x0000000008001fe4
                0x00000000200003b0                . = ALIGN (0x8)
 *fill*         0x00000000200003ac        0x4 
                [!provide]                        PROVIDE (end = .)
                0x00000000200003b0                PROVIDE (_end = .)
                0x00000000200005b0                . = (. + _Min_Heap_Size)
 *fill*         0x00000000200003b0      0x200 
                0x00000000200009b0                . = (. + _Min_Stack_Size)
 *fill*         0x00000000200005b0      0x400 
                0x00000000200009b0                . = ALIGN (0x8)

/DISCARD/
 libc.a(*)
 libm.a(*)
 libgcc.a(*)

.ARM.attributes
                0x0000000000000000       0x29
 *(.ARM.attributes)
 .ARM.attributes
                0x0000000000000000       0x1d d:/stm32cubeide_1.4.0/stm32cubeide/plugins/com.st.stm32cube.ide.mcu.externaltools.gnu-tools-for-stm32.7-2018-q2-update.win32_1.4.0.202007081208/tools/bin/../lib/gcc/arm-none-eabi/7.3.1/thumb/v7-m/crti.o
 .ARM.attributes
                0x000000000000001d       0x2d d:/stm32cubeide_1.4.0/stm32cubeide/plugins/com.st.stm32cube.ide.mcu.externaltools.gnu-tools-for-stm32.7-2018-q2-update.win32_1.4.0.202007081208/tools/bin/../lib/gcc/arm-none-eabi/7.3.1/thumb/v7-m/crtbegin.o
 .ARM.attributes
                0x000000000000004a       0x33 Core/Src/main.o
 .ARM.attributes
                0x000000000000007d       0x33 Core/Src/stm32f1xx_hal_msp.o
 .ARM.attributes
                0x00000000000000b0       0x33 Core/Src/stm32f1xx_it.o
 .ARM.attributes
                0x00000000000000e3       0x33 Core/Src/system_stm32f1xx.o
 .ARM.attributes
                0x0000000000000116       0x21 Core/Startup/startup_stm32f103c8tx.o
 .ARM.attributes
                0x0000000000000137       0x33 Drivers/STM32F1xx_HAL_Driver/Src/stm32f1xx_hal.o
 .ARM.attributes
                0x000000000000016a       0x33 Drivers/STM32F1xx_HAL_Driver/Src/stm32f1xx_hal_cortex.o
 .ARM.attributes
                0x000000000000019d       0x33 Drivers/STM32F1xx_HAL_Driver/Src/stm32f1xx_hal_gpio.o
 .ARM.attributes
                0x00000000000001d0       0x33 Drivers/STM32F1xx_HAL_Driver/Src/stm32f1xx_hal_i2c.o
 .ARM.attributes
                0x0000000000000203       0x33 Drivers/STM32F1xx_HAL_Driver/Src/stm32f1xx_hal_rcc.o
 .ARM.attributes
                0x0000000000000236       0x33 Drivers/STM32F1xx_HAL_Driver/Src/stm32f1xx_hal_uart.o
 .ARM.attributes
                0x0000000000000269       0x2d d:/stm32cubeide_1.4.0/stm32cubeide/plugins/com.st.stm32cube.ide.mcu.externaltools.gnu-tools-for-stm32.7-2018-q2-update.win32_1.4.0.202007081208/tools/bin/../lib/gcc/arm-none-eabi/7.3.1/../../../../arm-none-eabi/lib/thumb/v7-m\libc_nano.a(lib_a-init.o)
 .ARM.attributes
                0x0000000000000296       0x2d d:/stm32cubeide_1.4.0/stm32cubeide/plugins/com.st.stm32cube.ide.mcu.externaltools.gnu-tools-for-stm32.7-2018-q2-update.win32_1.4.0.202007081208/tools/bin/../lib/gcc/arm-none-eabi/7.3.1/../../../../arm-none-eabi/lib/thumb/v7-m\libc_nano.a(lib_a-memset.o)
 .ARM.attributes
                0x00000000000002c3       0x1d d:/stm32cubeide_1.4.0/stm32cubeide/plugins/com.st.stm32cube.ide.mcu.externaltools.gnu-tools-for-stm32.7-2018-q2-update.win32_1.4.0.202007081208/tools/bin/../lib/gcc/arm-none-eabi/7.3.1/thumb/v7-m/crtn.o
OUTPUT(C21_HC05_MPU9250.elf elf32-littlearm)

.debug_info     0x0000000000000000     0x8fdd
 .debug_info    0x0000000000000000     0x2110 Core/Src/main.o
 .debug_info    0x0000000000002110      0xb69 Core/Src/stm32f1xx_hal_msp.o
 .debug_info    0x0000000000002c79      0x6c1 Core/Src/stm32f1xx_it.o
 .debug_info    0x000000000000333a      0x43e Core/Src/system_stm32f1xx.o
 .debug_info    0x0000000000003778       0x22 Core/Startup/startup_stm32f103c8tx.o
 .debug_info    0x000000000000379a      0x714 Drivers/STM32F1xx_HAL_Driver/Src/stm32f1xx_hal.o
 .debug_info    0x0000000000003eae      0xb51 Drivers/STM32F1xx_HAL_Driver/Src/stm32f1xx_hal_cortex.o
 .debug_info    0x00000000000049ff      0x68c Drivers/STM32F1xx_HAL_Driver/Src/stm32f1xx_hal_gpio.o
 .debug_info    0x000000000000508b     0x2555 Drivers/STM32F1xx_HAL_Driver/Src/stm32f1xx_hal_i2c.o
 .debug_info    0x00000000000075e0      0x80f Drivers/STM32F1xx_HAL_Driver/Src/stm32f1xx_hal_rcc.o
 .debug_info    0x0000000000007def     0x11ee Drivers/STM32F1xx_HAL_Driver/Src/stm32f1xx_hal_uart.o

.debug_abbrev   0x0000000000000000     0x1565
 .debug_abbrev  0x0000000000000000      0x3ef Core/Src/main.o
 .debug_abbrev  0x00000000000003ef      0x19d Core/Src/stm32f1xx_hal_msp.o
 .debug_abbrev  0x000000000000058c      0x15a Core/Src/stm32f1xx_it.o
 .debug_abbrev  0x00000000000006e6      0x134 Core/Src/system_stm32f1xx.o
 .debug_abbrev  0x000000000000081a       0x12 Core/Startup/startup_stm32f103c8tx.o
 .debug_abbrev  0x000000000000082c      0x1c7 Drivers/STM32F1xx_HAL_Driver/Src/stm32f1xx_hal.o
 .debug_abbrev  0x00000000000009f3      0x2d5 Drivers/STM32F1xx_HAL_Driver/Src/stm32f1xx_hal_cortex.o
 .debug_abbrev  0x0000000000000cc8      0x1c0 Drivers/STM32F1xx_HAL_Driver/Src/stm32f1xx_hal_gpio.o
 .debug_abbrev  0x0000000000000e88      0x258 Drivers/STM32F1xx_HAL_Driver/Src/stm32f1xx_hal_i2c.o
 .debug_abbrev  0x00000000000010e0      0x243 Drivers/STM32F1xx_HAL_Driver/Src/stm32f1xx_hal_rcc.o
 .debug_abbrev  0x0000000000001323      0x242 Drivers/STM32F1xx_HAL_Driver/Src/stm32f1xx_hal_uart.o

.debug_aranges  0x0000000000000000      0x8e8
 .debug_aranges
                0x0000000000000000       0xc0 Core/Src/main.o
 .debug_aranges
                0x00000000000000c0       0x40 Core/Src/stm32f1xx_hal_msp.o
 .debug_aranges
                0x0000000000000100       0x60 Core/Src/stm32f1xx_it.o
 .debug_aranges
                0x0000000000000160       0x28 Core/Src/system_stm32f1xx.o
 .debug_aranges
                0x0000000000000188       0x28 Core/Startup/startup_stm32f103c8tx.o
 .debug_aranges
                0x00000000000001b0       0xe0 Drivers/STM32F1xx_HAL_Driver/Src/stm32f1xx_hal.o
 .debug_aranges
                0x0000000000000290      0x100 Drivers/STM32F1xx_HAL_Driver/Src/stm32f1xx_hal_cortex.o
 .debug_aranges
                0x0000000000000390       0x58 Drivers/STM32F1xx_HAL_Driver/Src/stm32f1xx_hal_gpio.o
 .debug_aranges
                0x00000000000003e8      0x2a0 Drivers/STM32F1xx_HAL_Driver/Src/stm32f1xx_hal_i2c.o
 .debug_aranges
                0x0000000000000688       0x90 Drivers/STM32F1xx_HAL_Driver/Src/stm32f1xx_hal_rcc.o
 .debug_aranges
                0x0000000000000718      0x1d0 Drivers/STM32F1xx_HAL_Driver/Src/stm32f1xx_hal_uart.o

.debug_ranges   0x0000000000000000      0x868
 .debug_ranges  0x0000000000000000       0xb0 Core/Src/main.o
 .debug_ranges  0x00000000000000b0       0x30 Core/Src/stm32f1xx_hal_msp.o
 .debug_ranges  0x00000000000000e0       0x50 Core/Src/stm32f1xx_it.o
 .debug_ranges  0x0000000000000130       0x18 Core/Src/system_stm32f1xx.o
 .debug_ranges  0x0000000000000148       0x20 Core/Startup/startup_stm32f103c8tx.o
 .debug_ranges  0x0000000000000168       0xd0 Drivers/STM32F1xx_HAL_Driver/Src/stm32f1xx_hal.o
 .debug_ranges  0x0000000000000238       0xf0 Drivers/STM32F1xx_HAL_Driver/Src/stm32f1xx_hal_cortex.o
 .debug_ranges  0x0000000000000328       0x48 Drivers/STM32F1xx_HAL_Driver/Src/stm32f1xx_hal_gpio.o
 .debug_ranges  0x0000000000000370      0x2b8 Drivers/STM32F1xx_HAL_Driver/Src/stm32f1xx_hal_i2c.o
 .debug_ranges  0x0000000000000628       0x80 Drivers/STM32F1xx_HAL_Driver/Src/stm32f1xx_hal_rcc.o
 .debug_ranges  0x00000000000006a8      0x1c0 Drivers/STM32F1xx_HAL_Driver/Src/stm32f1xx_hal_uart.o

.debug_macro    0x0000000000000000    0x13c73
 .debug_macro   0x0000000000000000      0x39a Core/Src/main.o
 .debug_macro   0x000000000000039a      0xa5a Core/Src/main.o
 .debug_macro   0x0000000000000df4      0x21b Core/Src/main.o
 .debug_macro   0x000000000000100f       0x2e Core/Src/main.o
 .debug_macro   0x000000000000103d       0x22 Core/Src/main.o
 .debug_macro   0x000000000000105f       0x22 Core/Src/main.o
 .debug_macro   0x0000000000001081       0x8e Core/Src/main.o
 .debug_macro   0x000000000000110f       0x51 Core/Src/main.o
 .debug_macro   0x0000000000001160       0xef Core/Src/main.o
 .debug_macro   0x000000000000124f       0x6a Core/Src/main.o
 .debug_macro   0x00000000000012b9      0x1df Core/Src/main.o
 .debug_macro   0x0000000000001498       0x1c Core/Src/main.o
 .debug_macro   0x00000000000014b4       0x22 Core/Src/main.o
 .debug_macro   0x00000000000014d6       0xc3 Core/Src/main.o
 .debug_macro   0x0000000000001599      0xd23 Core/Src/main.o
 .debug_macro   0x00000000000022bc     0xe09e Core/Src/main.o
 .debug_macro   0x000000000001035a       0x43 Core/Src/main.o
 .debug_macro   0x000000000001039d      0x174 Core/Src/main.o
 .debug_macro   0x0000000000010511       0x5a Core/Src/main.o
 .debug_macro   0x000000000001056b      0x5be Core/Src/main.o
 .debug_macro   0x0000000000010b29      0x289 Core/Src/main.o
 .debug_macro   0x0000000000010db2      0x1cb Core/Src/main.o
 .debug_macro   0x0000000000010f7d      0x114 Core/Src/main.o
 .debug_macro   0x0000000000011091      0x1b2 Core/Src/main.o
 .debug_macro   0x0000000000011243       0x27 Core/Src/main.o
 .debug_macro   0x000000000001126a      0x136 Core/Src/main.o
 .debug_macro   0x00000000000113a0      0x1bc Core/Src/main.o
 .debug_macro   0x000000000001155c       0x34 Core/Src/main.o
 .debug_macro   0x0000000000011590       0x3c Core/Src/main.o
 .debug_macro   0x00000000000115cc       0x57 Core/Src/main.o
 .debug_macro   0x0000000000011623       0x88 Core/Src/main.o
 .debug_macro   0x00000000000116ab      0x241 Core/Src/main.o
 .debug_macro   0x00000000000118ec      0x287 Core/Src/main.o
 .debug_macro   0x0000000000011b73      0x141 Core/Src/main.o
 .debug_macro   0x0000000000011cb4      0x26b Core/Src/main.o
 .debug_macro   0x0000000000011f1f       0x83 Core/Src/main.o
 .debug_macro   0x0000000000011fa2       0x18 Core/Src/main.o
 .debug_macro   0x0000000000011fba       0x46 Core/Src/main.o
 .debug_macro   0x0000000000012000       0x3c Core/Src/main.o
 .debug_macro   0x000000000001203c       0x34 Core/Src/main.o
 .debug_macro   0x0000000000012070       0x16 Core/Src/main.o
 .debug_macro   0x0000000000012086       0x35 Core/Src/main.o
 .debug_macro   0x00000000000120bb       0x52 Core/Src/main.o
 .debug_macro   0x000000000001210d       0x1f Core/Src/main.o
 .debug_macro   0x000000000001212c       0x43 Core/Src/main.o
 .debug_macro   0x000000000001216f       0x20 Core/Src/main.o
 .debug_macro   0x000000000001218f      0x1a3 Core/Src/main.o
 .debug_macro   0x0000000000012332      0x32a Core/Src/main.o
 .debug_macro   0x000000000001265c       0x16 Core/Src/main.o
 .debug_macro   0x0000000000012672       0x29 Core/Src/main.o
 .debug_macro   0x000000000001269b      0x1e1 Core/Src/main.o
 .debug_macro   0x000000000001287c       0x1c Core/Src/main.o
 .debug_macro   0x0000000000012898       0x10 Core/Src/main.o
 .debug_macro   0x00000000000128a8       0x10 Core/Src/main.o
 .debug_macro   0x00000000000128b8       0x1c Core/Src/main.o
 .debug_macro   0x00000000000128d4       0x52 Core/Src/main.o
 .debug_macro   0x0000000000012926       0x40 Core/Src/main.o
 .debug_macro   0x0000000000012966       0x10 Core/Src/main.o
 .debug_macro   0x0000000000012976       0x40 Core/Src/main.o
 .debug_macro   0x00000000000129b6       0xd7 Core/Src/main.o
 .debug_macro   0x0000000000012a8d       0x1c Core/Src/main.o
 .debug_macro   0x0000000000012aa9       0x3d Core/Src/main.o
 .debug_macro   0x0000000000012ae6       0x16 Core/Src/main.o
 .debug_macro   0x0000000000012afc      0x145 Core/Src/main.o
 .debug_macro   0x0000000000012c41       0x16 Core/Src/main.o
 .debug_macro   0x0000000000012c57       0x20 Core/Src/main.o
 .debug_macro   0x0000000000012c77       0x1e Core/Src/main.o
 .debug_macro   0x0000000000012c95       0xca Core/Src/main.o
 .debug_macro   0x0000000000012d5f      0x199 Core/Src/stm32f1xx_hal_msp.o
 .debug_macro   0x0000000000012ef8      0x1a3 Core/Src/stm32f1xx_it.o
 .debug_macro   0x000000000001309b      0x195 Core/Src/system_stm32f1xx.o
 .debug_macro   0x0000000000013230      0x1b3 Drivers/STM32F1xx_HAL_Driver/Src/stm32f1xx_hal.o
 .debug_macro   0x00000000000133e3      0x18f Drivers/STM32F1xx_HAL_Driver/Src/stm32f1xx_hal_cortex.o
 .debug_macro   0x0000000000013572      0x1fa Drivers/STM32F1xx_HAL_Driver/Src/stm32f1xx_hal_gpio.o
 .debug_macro   0x000000000001376c      0x1d6 Drivers/STM32F1xx_HAL_Driver/Src/stm32f1xx_hal_i2c.o
 .debug_macro   0x0000000000013942      0x1a1 Drivers/STM32F1xx_HAL_Driver/Src/stm32f1xx_hal_rcc.o
 .debug_macro   0x0000000000013ae3      0x190 Drivers/STM32F1xx_HAL_Driver/Src/stm32f1xx_hal_uart.o

.debug_line     0x0000000000000000     0x6ca5
 .debug_line    0x0000000000000000      0xcf5 Core/Src/main.o
 .debug_line    0x0000000000000cf5      0x671 Core/Src/stm32f1xx_hal_msp.o
 .debug_line    0x0000000000001366      0x6b4 Core/Src/stm32f1xx_it.o
 .debug_line    0x0000000000001a1a      0x641 Core/Src/system_stm32f1xx.o
 .debug_line    0x000000000000205b       0x84 Core/Startup/startup_stm32f103c8tx.o
 .debug_line    0x00000000000020df      0x7eb Drivers/STM32F1xx_HAL_Driver/Src/stm32f1xx_hal.o
 .debug_line    0x00000000000028ca      0x8c2 Drivers/STM32F1xx_HAL_Driver/Src/stm32f1xx_hal_cortex.o
 .debug_line    0x000000000000318c      0x7e9 Drivers/STM32F1xx_HAL_Driver/Src/stm32f1xx_hal_gpio.o
 .debug_line    0x0000000000003975     0x1b91 Drivers/STM32F1xx_HAL_Driver/Src/stm32f1xx_hal_i2c.o
 .debug_line    0x0000000000005506      0x8ab Drivers/STM32F1xx_HAL_Driver/Src/stm32f1xx_hal_rcc.o
 .debug_line    0x0000000000005db1      0xef4 Drivers/STM32F1xx_HAL_Driver/Src/stm32f1xx_hal_uart.o

.debug_str      0x0000000000000000    0x6d6f4
 .debug_str     0x0000000000000000    0x6b573 Core/Src/main.o
                                      0x6b998 (size before relaxing)
 .debug_str     0x000000000006b573       0xa6 Core/Src/stm32f1xx_hal_msp.o
                                      0x6674d (size before relaxing)
 .debug_str     0x000000000006b619       0xbd Core/Src/stm32f1xx_it.o
                                      0x66534 (size before relaxing)
 .debug_str     0x000000000006b6d6       0xc2 Core/Src/system_stm32f1xx.o
                                      0x6610e (size before relaxing)
 .debug_str     0x000000000006b798       0x36 Core/Startup/startup_stm32f103c8tx.o
                                         0x79 (size before relaxing)
 .debug_str     0x000000000006b7ce      0x62f Drivers/STM32F1xx_HAL_Driver/Src/stm32f1xx_hal.o
                                      0x66725 (size before relaxing)
 .debug_str     0x000000000006bdfd      0x2c8 Drivers/STM32F1xx_HAL_Driver/Src/stm32f1xx_hal_cortex.o
                                      0x6672d (size before relaxing)
 .debug_str     0x000000000006c0c5      0x302 Drivers/STM32F1xx_HAL_Driver/Src/stm32f1xx_hal_gpio.o
                                      0x66458 (size before relaxing)
 .debug_str     0x000000000006c3c7      0xbc8 Drivers/STM32F1xx_HAL_Driver/Src/stm32f1xx_hal_i2c.o
                                      0x670d0 (size before relaxing)
 .debug_str     0x000000000006cf8f      0x258 Drivers/STM32F1xx_HAL_Driver/Src/stm32f1xx_hal_rcc.o
                                      0x66491 (size before relaxing)
 .debug_str     0x000000000006d1e7      0x50d Drivers/STM32F1xx_HAL_Driver/Src/stm32f1xx_hal_uart.o
                                      0x66980 (size before relaxing)

.comment        0x0000000000000000       0x7b
 .comment       0x0000000000000000       0x7b Core/Src/main.o
                                         0x7c (size before relaxing)
 .comment       0x000000000000007b       0x7c Core/Src/stm32f1xx_hal_msp.o
 .comment       0x000000000000007b       0x7c Core/Src/stm32f1xx_it.o
 .comment       0x000000000000007b       0x7c Core/Src/system_stm32f1xx.o
 .comment       0x000000000000007b       0x7c Drivers/STM32F1xx_HAL_Driver/Src/stm32f1xx_hal.o
 .comment       0x000000000000007b       0x7c Drivers/STM32F1xx_HAL_Driver/Src/stm32f1xx_hal_cortex.o
 .comment       0x000000000000007b       0x7c Drivers/STM32F1xx_HAL_Driver/Src/stm32f1xx_hal_gpio.o
 .comment       0x000000000000007b       0x7c Drivers/STM32F1xx_HAL_Driver/Src/stm32f1xx_hal_i2c.o
 .comment       0x000000000000007b       0x7c Drivers/STM32F1xx_HAL_Driver/Src/stm32f1xx_hal_rcc.o
 .comment       0x000000000000007b       0x7c Drivers/STM32F1xx_HAL_Driver/Src/stm32f1xx_hal_uart.o

.debug_frame    0x0000000000000000     0x24f4
 .debug_frame   0x0000000000000000      0x330 Core/Src/main.o
 .debug_frame   0x0000000000000330       0xc8 Core/Src/stm32f1xx_hal_msp.o
 .debug_frame   0x00000000000003f8      0x10c Core/Src/stm32f1xx_it.o
 .debug_frame   0x0000000000000504       0x58 Core/Src/system_stm32f1xx.o
 .debug_frame   0x000000000000055c      0x334 Drivers/STM32F1xx_HAL_Driver/Src/stm32f1xx_hal.o
 .debug_frame   0x0000000000000890      0x428 Drivers/STM32F1xx_HAL_Driver/Src/stm32f1xx_hal_cortex.o
 .debug_frame   0x0000000000000cb8      0x14c Drivers/STM32F1xx_HAL_Driver/Src/stm32f1xx_hal_gpio.o
 .debug_frame   0x0000000000000e04      0xc54 Drivers/STM32F1xx_HAL_Driver/Src/stm32f1xx_hal_i2c.o
 .debug_frame   0x0000000000001a58      0x21c Drivers/STM32F1xx_HAL_Driver/Src/stm32f1xx_hal_rcc.o
 .debug_frame   0x0000000000001c74      0x834 Drivers/STM32F1xx_HAL_Driver/Src/stm32f1xx_hal_uart.o
 .debug_frame   0x00000000000024a8       0x2c d:/stm32cubeide_1.4.0/stm32cubeide/plugins/com.st.stm32cube.ide.mcu.externaltools.gnu-tools-for-stm32.7-2018-q2-update.win32_1.4.0.202007081208/tools/bin/../lib/gcc/arm-none-eabi/7.3.1/../../../../arm-none-eabi/lib/thumb/v7-m\libc_nano.a(lib_a-init.o)
 .debug_frame   0x00000000000024d4       0x20 d:/stm32cubeide_1.4.0/stm32cubeide/plugins/com.st.stm32cube.ide.mcu.externaltools.gnu-tools-for-stm32.7-2018-q2-update.win32_1.4.0.202007081208/tools/bin/../lib/gcc/arm-none-eabi/7.3.1/../../../../arm-none-eabi/lib/thumb/v7-m\libc_nano.a(lib_a-memset.o)
