mpu_data_type.hpp:59:8:ftoa	56	static
mpu_data_type.hpp:197:7:invSqrt	32	static
mpu9250.hpp:131:6:HAL_I2C_ClearBusyFlagErrata_2_14_7	40	static
mpu9250.hpp:229:6:HAL_GPIO_WRITE_ODR	16	static
mpu9250.hpp:237:6:init_MPU	64	static
mpu9250.hpp:342:6:adding_raw	8	static
mpu9250.hpp:351:6:delete_raw	4	static
mpu9250.hpp:362:10:process_MPU	80	static
mpu9250.hpp:421:10:magnet_get_raw	64	static
mpu9250.hpp:446:10:process_magnet	88	static
mpu9250.hpp:481:13:complementary_filter	56	static
mpu9250.hpp:511:13:quat2euler	88	static
mpu9250.hpp:547:16:calibration_IMU	120	static
print_func.hpp:12:6:float2Bytes	24	static
print_func.hpp:23:7:bytes2Float	24	static
print_func.hpp:35:6:print_raw	24	static
print_func.hpp:75:6:print_euler	40	static
print_func.hpp:103:6:print_raw_mag	24	static
print_func.hpp:144:6:print_magnet	40	static
print_func.hpp:158:6:print_every_thing	24	static
print_func.hpp:186:6:print_msg	16	static
print_func.hpp:190:6:print_euler_compare	48	static
print_func.hpp:284:6:cpstr	32	static
print_func.hpp:294:10:sum_array	24	static
main.c:78:6:print_angle	24	static
main.c:116:5:main	56	static
main.c:235:6:SystemClock_Config	72	static
main.c:274:13:MX_I2C1_Init	8	static
main.c:308:13:MX_TIM1_Init	32	static
main.c:354:13:MX_TIM2_Init	48	static
main.c:403:13:MX_TIM3_Init	48	static
main.c:456:13:MX_TIM4_Init	32	static
main.c:501:13:MX_USART1_UART_Init	8	static
main.c:534:13:MX_GPIO_Init	40	static
main.c:566:6:HAL_TIM_PeriodElapsedCallback	56	static
main.c:586:6:Error_Handler	4	static
