mpu_data_type.hpp:59:8:ftoa	56	static
mpu_data_type.hpp:197:7:invSqrt	32	static
mpu9250.hpp:131:6:HAL_I2C_ClearBusyFlagErrata_2_14_7	40	static
mpu9250.hpp:229:6:HAL_GPIO_WRITE_ODR	16	static
mpu9250.hpp:237:6:init_MPU	64	static
mpu9250.hpp:342:6:adding_raw	8	static
mpu9250.hpp:351:6:delete_raw	4	static
mpu9250.hpp:362:10:process_MPU	80	static
mpu9250.hpp:421:10:magnet_get_raw	64	static
mpu9250.hpp:446:10:process_magnet	88	static
mpu9250.hpp:481:13:complementary_filter	56	static
mpu9250.hpp:511:13:quat2euler	88	static
mpu9250.hpp:547:16:calibration_IMU	120	static
main.c:71:16:wait_for_gpio_state_timeout	32	static,ignoring_inline_asm
main.c:95:13:I2C_ClearBusyFlagErratum	32	static,ignoring_inline_asm
main.c:176:5:main	8	static
main.c:231:6:SystemClock_Config	72	static
main.c:267:13:MX_I2C1_Init	8	static
main.c:301:13:MX_USART1_UART_Init	8	static
main.c:334:13:MX_GPIO_Init	16	static
main.c:351:6:Error_Handler	4	static
