stm32f1xx_ll_usb.c:1786:19:USB_CoreInit	16	static
stm32f1xx_ll_usb.c:1806:19:USB_EnableGlobalInt	24	static
stm32f1xx_ll_usb.c:1831:19:USB_DisableGlobalInt	24	static
stm32f1xx_ll_usb.c:1855:19:USB_SetCurrentMode	16	static
stm32f1xx_ll_usb.c:1876:19:USB_DevInit	16	static
stm32f1xx_ll_usb.c:1903:19:USB_ActivateEndpoint	112	static
stm32f1xx_ll_usb.c:2018:19:USB_DeactivateEndpoint	56	static
stm32f1xx_ll_usb.c:2074:19:USB_EPStartXfer	280	static
stm32f1xx_ll_usb.c:2284:19:USB_EPSetStall	24	static
stm32f1xx_ll_usb.c:2304:19:USB_EPClearStall	32	static
stm32f1xx_ll_usb.c:2335:19:USB_StopDevice	16	static
stm32f1xx_ll_usb.c:2356:20:USB_SetDevAddress	16	static
stm32f1xx_ll_usb.c:2372:20:USB_DevConnect	16	static
stm32f1xx_ll_usb.c:2390:20:USB_DevDisconnect	16	static
stm32f1xx_ll_usb.c:2408:11:USB_ReadInterrupts	24	static
stm32f1xx_ll_usb.c:2421:10:USB_ReadDevAllOutEpInterrupt	16	static
stm32f1xx_ll_usb.c:2437:10:USB_ReadDevAllInEpInterrupt	16	static
stm32f1xx_ll_usb.c:2455:10:USB_ReadDevOutEPInterrupt	16	static
stm32f1xx_ll_usb.c:2474:10:USB_ReadDevInEPInterrupt	16	static
stm32f1xx_ll_usb.c:2492:7:USB_ClearInterrupts	16	static
stm32f1xx_ll_usb.c:2509:19:USB_EP0_OutStart	16	static
stm32f1xx_ll_usb.c:2526:19:USB_ActivateRemoteWakeup	16	static
stm32f1xx_ll_usb.c:2538:19:USB_DeActivateRemoteWakeup	16	static
stm32f1xx_ll_usb.c:2553:6:USB_WritePMA	56	static
stm32f1xx_ll_usb.c:2587:6:USB_ReadPMA	48	static
