main.h:83:13:MX_ADC1_Init	24	static
main.h:152:13:MX_SPI1_Init	8	static
main.h:190:13:MX_SPI2_Init	8	static
main.h:228:13:MX_TIM1_Init	32	static
main.h:274:13:MX_TIM2_Init	48	static
main.h:327:13:MX_TIM3_Init	64	static
main.h:398:13:MX_USART1_UART_Init	8	static
main.h:429:13:MX_DMA_Init	16	static
main.h:447:13:MX_GPIO_Init	40	static
usbd_desc.c:223:11:USBD_FS_DeviceDescriptor	16	static
usbd_desc.c:236:11:USBD_FS_LangIDStrDescriptor	16	static
usbd_desc.c:249:11:USBD_FS_ProductStrDescriptor	16	static
usbd_desc.c:268:11:USBD_FS_ManufacturerStrDescriptor	16	static
usbd_desc.c:281:11:USBD_FS_SerialStrDescriptor	16	static
usbd_desc.c:301:11:USBD_FS_ConfigStrDescriptor	16	static
usbd_desc.c:320:11:USBD_FS_InterfaceStrDescriptor	16	static
usbd_desc.c:338:13:Get_SerialNum	24	static
usbd_desc.c:362:13:IntToUnicode	32	static
