main.h:83:13:MX_ADC1_Init	24	static
main.h:152:13:MX_SPI1_Init	8	static
main.h:190:13:MX_SPI2_Init	8	static
main.h:228:13:MX_TIM1_Init	32	static
main.h:274:13:MX_TIM2_Init	48	static
main.h:327:13:MX_TIM3_Init	64	static
main.h:398:13:MX_USART1_UART_Init	8	static
main.h:429:13:MX_DMA_Init	16	static
main.h:447:13:MX_GPIO_Init	40	static
usbd_cdc_if.c:151:15:CDC_Init_FS	8	static
usbd_cdc_if.c:165:15:CDC_DeInit_FS	4	static
usbd_cdc_if.c:179:15:CDC_Control_FS	16	static
usbd_cdc_if.c:260:15:CDC_Receive_FS	16	static
usbd_cdc_if.c:280:9:CDC_Transmit_FS	24	static
