nrf24.c:28:16:nRF24_ReadReg	24	static
nrf24.c:43:13:nRF24_WriteReg	16	static
nrf24.c:66:13:nRF24_ReadMBReg	24	static
nrf24.c:78:13:nRF24_WriteMBReg	16	static
nrf24.c:88:6:nRF24_Init	16	static
nrf24.c:139:9:nRF24_Check	24	static
nrf24.c:173:6:nRF24_SetPowerMode	24	static
nrf24.c:192:6:nRF24_SetOperationalMode	24	static
nrf24.c:207:6:nRF24_SetCRCScheme	24	static
nrf24.c:222:6:nRF24_SetRFChannel	16	static
nrf24.c:232:6:nRF24_SetAutoRetr	16	static
nrf24.c:243:6:nRF24_SetAddrWidth	16	static
nrf24.c:258:6:nRF24_SetAddr	24	static
nrf24.c:299:6:nRF24_SetTXPower	24	static
nrf24.c:312:6:nRF24_SetDataRate	24	static
nrf24.c:327:6:nRF24_SetRXPipe	24	static
nrf24.c:350:6:nRF24_ClosePipe	24	static
nrf24.c:362:6:nRF24_EnableAA	24	static
nrf24.c:374:6:nRF24_DisableAA	24	static
nrf24.c:390:9:nRF24_GetAddrWidth	8	static
nrf24.c:396:9:nRF24_GetStatus	8	static
nrf24.c:402:9:nRF24_GetIRQFlags	8	static
nrf24.c:408:9:nRF24_GetStatus_RXFIFO	8	static
nrf24.c:415:9:nRF24_GetStatus_TXFIFO	8	static
nrf24.c:421:9:nRF24_GetRXSource	8	static
nrf24.c:429:9:nRF24_GetRetransmitCounters	8	static
nrf24.c:434:6:nRF24_ResetPLOS	16	static
nrf24.c:443:6:nRF24_FlushTX	8	static
nrf24.c:448:6:nRF24_FlushRX	8	static
nrf24.c:453:6:nRF24_ClearIRQFlags	16	static
nrf24.c:466:6:nRF24_WritePayload	16	static
nrf24.c:477:16:nRF24_ReadPayload	24	static
