main.h:83:13:MX_ADC1_Init	24	static
main.h:152:13:MX_SPI1_Init	8	static
main.h:190:13:MX_SPI2_Init	8	static
main.h:228:13:MX_TIM1_Init	32	static
main.h:274:13:MX_TIM2_Init	48	static
main.h:327:13:MX_TIM3_Init	64	static
main.h:398:13:MX_USART1_UART_Init	8	static
main.h:429:13:MX_DMA_Init	16	static
main.h:447:13:MX_GPIO_Init	40	static
usbd_conf.c:70:6:HAL_PCD_MspInit	24	static
usbd_conf.c:89:6:HAL_PCD_MspDeInit	16	static
usbd_conf.c:116:6:HAL_PCD_SetupStageCallback	16	static
usbd_conf.c:131:6:HAL_PCD_DataOutStageCallback	16	static
usbd_conf.c:146:6:HAL_PCD_DataInStageCallback	16	static
usbd_conf.c:160:6:HAL_PCD_SOFCallback	16	static
usbd_conf.c:174:6:HAL_PCD_ResetCallback	24	static
usbd_conf.c:199:6:HAL_PCD_SuspendCallback	16	static
usbd_conf.c:223:6:HAL_PCD_ResumeCallback	16	static
usbd_conf.c:241:6:HAL_PCD_ISOOUTIncompleteCallback	16	static
usbd_conf.c:256:6:HAL_PCD_ISOINIncompleteCallback	16	static
usbd_conf.c:270:6:HAL_PCD_ConnectCallback	16	static
usbd_conf.c:284:6:HAL_PCD_DisconnectCallback	16	static
usbd_conf.c:299:20:USBD_LL_Init	16	static
usbd_conf.c:349:20:USBD_LL_DeInit	24	static
usbd_conf.c:366:20:USBD_LL_Start	24	static
usbd_conf.c:383:20:USBD_LL_Stop	24	static
usbd_conf.c:403:20:USBD_LL_OpenEP	24	static
usbd_conf.c:421:20:USBD_LL_CloseEP	24	static
usbd_conf.c:439:20:USBD_LL_FlushEP	24	static
usbd_conf.c:457:20:USBD_LL_StallEP	24	static
usbd_conf.c:475:20:USBD_LL_ClearStallEP	24	static
usbd_conf.c:493:9:USBD_LL_IsStallEP	24	static
usbd_conf.c:513:20:USBD_LL_SetUSBAddress	24	static
usbd_conf.c:533:20:USBD_LL_Transmit	32	static
usbd_conf.c:553:20:USBD_LL_PrepareReceive	32	static
usbd_conf.c:571:10:USBD_LL_GetRxDataSize	16	static
usbd_conf.c:581:6:USBD_LL_Delay	16	static
usbd_conf.c:591:7:USBD_static_malloc	16	static
usbd_conf.c:602:6:USBD_static_free	16	static
usbd_conf.c:616:6:HAL_PCDEx_SetConnectionState	16	static
usbd_conf.c:638:20:USBD_Get_USB_Status	24	static
