main.h:83:13:MX_ADC1_Init	24	static
main.h:152:13:MX_SPI1_Init	8	static
main.h:190:13:MX_SPI2_Init	8	static
main.h:228:13:MX_TIM1_Init	32	static
main.h:274:13:MX_TIM2_Init	48	static
main.h:327:13:MX_TIM3_Init	64	static
main.h:398:13:MX_USART1_UART_Init	8	static
main.h:429:13:MX_DMA_Init	16	static
main.h:447:13:MX_GPIO_Init	40	static
main.c:98:6:turn_on	8	static
main.c:108:6:set_home	4	static
main.c:124:5:main	88	static
main.c:232:6:SystemClock_Config	88	static
main.c:292:6:StartDefaultTask	16	static
main.c:319:6:update_state	24	static
main.c:341:6:HAL_TIM_PeriodElapsedCallback	16	static
main.c:358:6:Error_Handler	4	static
