main.h:83:13:MX_ADC1_Init	24	static
main.h:152:13:MX_SPI1_Init	8	static
main.h:190:13:MX_SPI2_Init	8	static
main.h:228:13:MX_TIM1_Init	32	static
main.h:274:13:MX_TIM2_Init	48	static
main.h:327:13:MX_TIM3_Init	64	static
main.h:398:13:MX_USART1_UART_Init	8	static
main.h:429:13:MX_DMA_Init	16	static
main.h:447:13:MX_GPIO_Init	40	static
st7735.c:87:13:ST7735_Select	8	static
st7735.c:91:6:ST7735_Unselect	8	static
st7735.c:95:13:ST7735_Reset	8	static
st7735.c:101:13:ST7735_WriteCommand	16	static
st7735.c:106:13:ST7735_WriteData	16	static
st7735.c:111:13:ST7735_WriteData_16bit	16	static
st7735.c:116:13:ST7735_ExecuteCommandList	24	static
st7735.c:142:13:ST7735_SetAddressWindow	32	static
st7735.c:158:6:ST7735_Init	8	static
st7735.c:167:6:ST7735_DrawPixel	24	static
st7735.c:180:13:ST7735_WriteChar	48	static
st7735.c:216:6:ST7735_WriteString	32	static
st7735.c:242:6:ST7735_FillRectangle	32	static
st7735.c:262:6:ST7735_FillScreen	24	static
st7735.c:266:6:ST7735_DrawImage	24	static
st7735.c:278:6:ST7735_InvertColors	16	static
