main.h:83:13:MX_ADC1_Init	24	static
main.h:152:13:MX_SPI1_Init	8	static
main.h:190:13:MX_SPI2_Init	8	static
main.h:228:13:MX_TIM1_Init	32	static
main.h:274:13:MX_TIM2_Init	48	static
main.h:327:13:MX_TIM3_Init	64	static
main.h:398:13:MX_USART1_UART_Init	8	static
main.h:429:13:MX_DMA_Init	16	static
main.h:447:13:MX_GPIO_Init	40	static
stm32f1xx_hal_msp.c:67:6:HAL_MspInit	24	static
stm32f1xx_hal_msp.c:93:6:HAL_ADC_MspInit	40	static
stm32f1xx_hal_msp.c:145:6:HAL_ADC_MspDeInit	16	static
stm32f1xx_hal_msp.c:178:6:HAL_SPI_MspInit	56	static
stm32f1xx_hal_msp.c:248:6:HAL_SPI_MspDeInit	16	static
stm32f1xx_hal_msp.c:297:6:HAL_TIM_Base_MspInit	24	static
stm32f1xx_hal_msp.c:330:6:HAL_TIM_PWM_MspInit	24	static
stm32f1xx_hal_msp.c:346:6:HAL_TIM_MspPostInit	48	static
stm32f1xx_hal_msp.c:406:6:HAL_TIM_Base_MspDeInit	16	static
stm32f1xx_hal_msp.c:439:6:HAL_TIM_PWM_MspDeInit	16	static
stm32f1xx_hal_msp.c:461:6:HAL_UART_MspInit	40	static
stm32f1xx_hal_msp.c:500:6:HAL_UART_MspDeInit	16	static
