main.h:83:13:MX_ADC1_Init	24	static
main.h:152:13:MX_SPI1_Init	8	static
main.h:190:13:MX_SPI2_Init	8	static
main.h:228:13:MX_TIM1_Init	32	static
main.h:274:13:MX_TIM2_Init	48	static
main.h:327:13:MX_TIM3_Init	64	static
main.h:398:13:MX_USART1_UART_Init	8	static
main.h:429:13:MX_DMA_Init	16	static
main.h:447:13:MX_GPIO_Init	40	static
stm32f1xx_it.c:58:6:SDTimer_Handler	4	static
stm32f1xx_it.c:83:6:NMI_Handler	4	static
stm32f1xx_it.c:96:6:HardFault_Handler	4	static
stm32f1xx_it.c:111:6:MemManage_Handler	4	static
stm32f1xx_it.c:126:6:BusFault_Handler	4	static
stm32f1xx_it.c:141:6:UsageFault_Handler	4	static
stm32f1xx_it.c:156:6:DebugMon_Handler	4	static
stm32f1xx_it.c:176:6:DMA1_Channel1_IRQHandler	8	static
stm32f1xx_it.c:190:6:USB_LP_CAN1_RX0_IRQHandler	8	static
stm32f1xx_it.c:204:6:TIM4_IRQHandler	8	static
