stm32f1xx_it.c:58:6:SDTimer_Handler	4	static
stm32f1xx_it.c:82:6:NMI_Handler	4	static
stm32f1xx_it.c:95:6:HardFault_Handler	4	static
stm32f1xx_it.c:110:6:MemManage_Handler	4	static
stm32f1xx_it.c:125:6:BusFault_Handler	4	static
stm32f1xx_it.c:140:6:UsageFault_Handler	4	static
stm32f1xx_it.c:155:6:SVC_Handler	4	static
stm32f1xx_it.c:168:6:DebugMon_Handler	4	static
stm32f1xx_it.c:181:6:PendSV_Handler	4	static
stm32f1xx_it.c:194:6:SysTick_Handler	8	static
stm32f1xx_it.c:221:6:DMA1_Channel2_IRQHandler	8	static
stm32f1xx_it.c:235:6:DMA1_Channel3_IRQHandler	8	static
stm32f1xx_it.c:249:6:DMA1_Channel5_IRQHandler	8	static
