stm32f1xx_it.c:58:6:SDTimer_Handler	0	static
stm32f1xx_it.c:83:6:NMI_Handler	0	static
stm32f1xx_it.c:96:6:HardFault_Handler	0	static
stm32f1xx_it.c:111:6:MemManage_Handler	0	static
stm32f1xx_it.c:126:6:BusFault_Handler	0	static
stm32f1xx_it.c:141:6:UsageFault_Handler	0	static
stm32f1xx_it.c:156:6:SVC_Handler	0	static
stm32f1xx_it.c:169:6:DebugMon_Handler	0	static
stm32f1xx_it.c:182:6:PendSV_Handler	0	static
stm32f1xx_it.c:195:6:SysTick_Handler	8	static
stm32f1xx_it.c:222:6:DMA1_Channel2_IRQHandler	0	static
stm32f1xx_it.c:236:6:DMA1_Channel3_IRQHandler	0	static
stm32f1xx_it.c:250:6:DMA1_Channel5_IRQHandler	0	static
stm32f1xx_it.c:264:6:TIM1_UP_IRQHandler	8	static
