stm32f1xx_hal_msp.c:71:6:HAL_MspInit	8	static
stm32f1xx_hal_msp.c:97:6:HAL_SPI_MspInit	56	static
stm32f1xx_hal_msp.c:217:6:HAL_SPI_MspDeInit	8	static
stm32f1xx_hal_msp.c:271:6:HAL_TIM_Base_MspInit	16	static
stm32f1xx_hal_msp.c:301:6:HAL_TIM_MspPostInit	32	static
stm32f1xx_hal_msp.c:340:6:HAL_TIM_Base_MspDeInit	0	static
stm32f1xx_hal_msp.c:376:6:HAL_UART_MspInit	40	static
stm32f1xx_hal_msp.c:415:6:HAL_UART_MspDeInit	0	static
stm32f1xx_hal_msp.c:444:6:HAL_PCD_MspInit	8	static
stm32f1xx_hal_msp.c:466:6:HAL_PCD_MspDeInit	0	static
