main.h:83:13:MX_ADC1_Init	24	static
main.h:152:13:MX_SPI1_Init	8	static
main.h:190:13:MX_SPI2_Init	8	static
main.h:228:13:MX_TIM1_Init	32	static
main.h:274:13:MX_TIM2_Init	48	static
main.h:327:13:MX_TIM3_Init	64	static
main.h:398:13:MX_USART1_UART_Init	8	static
main.h:429:13:MX_DMA_Init	16	static
main.h:447:13:MX_GPIO_Init	40	static
usbd_cdc.c:471:17:USBD_CDC_Init	24	static
usbd_cdc.c:549:17:USBD_CDC_DeInit	24	static
usbd_cdc.c:583:17:USBD_CDC_Setup	32	static
usbd_cdc.c:677:17:USBD_CDC_DataIn	24	static
usbd_cdc.c:711:17:USBD_CDC_DataOut	24	static
usbd_cdc.c:738:17:USBD_CDC_EP0_RxReady	24	static
usbd_cdc.c:760:18:USBD_CDC_GetFSCfgDesc	16	static
usbd_cdc.c:773:18:USBD_CDC_GetHSCfgDesc	16	static
usbd_cdc.c:786:18:USBD_CDC_GetOtherSpeedCfgDesc	16	static
usbd_cdc.c:798:11:USBD_CDC_GetDeviceQualifierDescriptor	16	static
usbd_cdc.c:810:10:USBD_CDC_RegisterInterface	24	static
usbd_cdc.c:830:10:USBD_CDC_SetTxBuffer	32	static
usbd_cdc.c:849:10:USBD_CDC_SetRxBuffer	24	static
usbd_cdc.c:865:10:USBD_CDC_TransmitPacket	24	static
usbd_cdc.c:903:10:USBD_CDC_ReceivePacket	24	static
